Component: ARM Compiler 5.06 update 7 (build 960) Tool: armlink [4d3601]

==============================================================================

Section Cross References

    startup_stm32f103xe.o(STACK) refers (Special) to heapauxi.o(.text) for __use_two_region_memory
    startup_stm32f103xe.o(HEAP) refers (Special) to heapauxi.o(.text) for __use_two_region_memory
    startup_stm32f103xe.o(RESET) refers (Special) to heapauxi.o(.text) for __use_two_region_memory
    startup_stm32f103xe.o(RESET) refers to startup_stm32f103xe.o(STACK) for __initial_sp
    startup_stm32f103xe.o(RESET) refers to startup_stm32f103xe.o(.text) for Reset_Handler
    startup_stm32f103xe.o(RESET) refers to stm32f1xx_it.o(i.NMI_Handler) for NMI_Handler
    startup_stm32f103xe.o(RESET) refers to stm32f1xx_it.o(i.HardFault_Handler) for HardFault_Handler
    startup_stm32f103xe.o(RESET) refers to stm32f1xx_it.o(i.MemManage_Handler) for MemManage_Handler
    startup_stm32f103xe.o(RESET) refers to stm32f1xx_it.o(i.BusFault_Handler) for BusFault_Handler
    startup_stm32f103xe.o(RESET) refers to stm32f1xx_it.o(i.UsageFault_Handler) for UsageFault_Handler
    startup_stm32f103xe.o(RESET) refers to stm32f1xx_it.o(i.SVC_Handler) for SVC_Handler
    startup_stm32f103xe.o(RESET) refers to stm32f1xx_it.o(i.DebugMon_Handler) for DebugMon_Handler
    startup_stm32f103xe.o(RESET) refers to stm32f1xx_it.o(i.PendSV_Handler) for PendSV_Handler
    startup_stm32f103xe.o(RESET) refers to stm32f1xx_it.o(i.SysTick_Handler) for SysTick_Handler
    startup_stm32f103xe.o(RESET) refers to exti.o(i.EXTI0_IRQHandler) for EXTI0_IRQHandler
    startup_stm32f103xe.o(RESET) refers to exti.o(i.EXTI3_IRQHandler) for EXTI3_IRQHandler
    startup_stm32f103xe.o(RESET) refers to exti.o(i.EXTI4_IRQHandler) for EXTI4_IRQHandler
    startup_stm32f103xe.o(RESET) refers to usart.o(i.USART1_IRQHandler) for USART1_IRQHandler
    startup_stm32f103xe.o(RESET) refers to usart.o(i.USART3_IRQHandler) for USART3_IRQHandler
    startup_stm32f103xe.o(RESET) refers to btim.o(i.TIM6_IRQHandler) for TIM6_IRQHandler
    startup_stm32f103xe.o(.text) refers (Special) to heapauxi.o(.text) for __use_two_region_memory
    startup_stm32f103xe.o(.text) refers to system_stm32f1xx.o(i.SystemInit) for SystemInit
    startup_stm32f103xe.o(.text) refers to __main.o(!!!main) for __main
    startup_stm32f103xe.o(.text) refers to startup_stm32f103xe.o(HEAP) for Heap_Mem
    startup_stm32f103xe.o(.text) refers to startup_stm32f103xe.o(STACK) for Stack_Mem
    main.o(i.main) refers to stm32f1xx_hal.o(i.HAL_Init) for HAL_Init
    main.o(i.main) refers to sys.o(i.sys_stm32_clock_init) for sys_stm32_clock_init
    main.o(i.main) refers to delay.o(i.delay_init) for delay_init
    main.o(i.main) refers to led.o(i.led_init) for led_init
    main.o(i.main) refers to usart.o(i.usart1_init) for usart1_init
    main.o(i.main) refers to usart.o(i.usart3_init) for usart3_init
    main.o(i.main) refers to dht11.o(i.dht11_init) for dht11_init
    main.o(i.main) refers to lcd.o(i.lcd_init) for lcd_init
    main.o(i.main) refers to lsens.o(i.lsens_init) for lsens_init
    main.o(i.main) refers to beep.o(i.beep_init) for beep_init
    main.o(i.main) refers to exti.o(i.extix_init) for extix_init
    main.o(i.main) refers to lcd.o(i.lcd_show_string) for lcd_show_string
    main.o(i.main) refers to delay.o(i.delay_ms) for delay_ms
    main.o(i.main) refers to lcd.o(i.lcd_fill) for lcd_fill
    main.o(i.main) refers to noretval__2printf.o(.text) for __2printf
    main.o(i.main) refers to stm32f1xx_hal_uart.o(i.HAL_UART_Receive_IT) for HAL_UART_Receive_IT
    main.o(i.main) refers to esp8266.o(i.ESP8266_Init) for ESP8266_Init
    main.o(i.main) refers to delay.o(i.HAL_Delay) for HAL_Delay
    main.o(i.main) refers to onenet.o(i.OneNet_DevLink) for OneNet_DevLink
    main.o(i.main) refers to onenet.o(i.OneNET_Subscribe) for OneNET_Subscribe
    main.o(i.main) refers to dht11.o(i.dht11_read_data) for dht11_read_data
    main.o(i.main) refers to lsens.o(i.lsens_get_val) for lsens_get_val
    main.o(i.main) refers to onenet.o(i.OneNet_SendData) for OneNet_SendData
    main.o(i.main) refers to esp8266.o(i.ESP8266_Clear) for ESP8266_Clear
    main.o(i.main) refers to esp8266.o(i.ESP8266_GetIPD) for ESP8266_GetIPD
    main.o(i.main) refers to onenet.o(i.OneNet_RevPro) for OneNet_RevPro
    main.o(i.main) refers to lcd.o(i.lcd_show_xnum) for lcd_show_xnum
    main.o(i.main) refers to lcd.o(i.lcd_show_num) for lcd_show_num
    main.o(i.main) refers to stm32f1xx_hal_gpio.o(i.HAL_GPIO_TogglePin) for HAL_GPIO_TogglePin
    main.o(i.main) refers to stm32f1xx_hal_gpio.o(i.HAL_GPIO_WritePin) for HAL_GPIO_WritePin
    main.o(i.main) refers to esp8266.o(.data) for a_esp8266_buf
    main.o(i.main) refers to usart.o(.bss) for huart3
    main.o(i.main) refers to main.o(.data) for humidity
    system_stm32f1xx.o(i.SystemCoreClockUpdate) refers to system_stm32f1xx.o(.data) for SystemCoreClock
[...]
    _printf_d                                0x080001a5   Thumb Code     0  _printf_d.o(.ARM.Collect$$_printf_percent$$00000009)
    _printf_percent                          0x080001a5   Thumb Code     0  _printf_percent.o(.ARM.Collect$$_printf_percent$$00000000)
    _printf_s                                0x080001ab   Thumb Code     0  _printf_s.o(.ARM.Collect$$_printf_percent$$00000014)
    _printf_percent_end                      0x080001b1   Thumb Code     0  _printf_percent_end.o(.ARM.Collect$$_printf_percent$$00000017)
    __rt_lib_init                            0x080001b5   Thumb Code     0  libinit.o(.ARM.Collect$$libinit$$00000000)
    __rt_lib_init_fp_1                       0x080001b7   Thumb Code     0  libinit2.o(.ARM.Collect$$libinit$$00000002)
    __rt_lib_init_heap_2                     0x080001b7   Thumb Code     0  libinit2.o(.ARM.Collect$$libinit$$00000005)
    __rt_lib_init_preinit_1                  0x080001b7   Thumb Code     0  libinit2.o(.ARM.Collect$$libinit$$00000004)
    __rt_lib_init_heap_1                     0x080001bf   Thumb Code     0  libinit2.o(.ARM.Collect$$libinit$$0000000A)
    __rt_lib_init_lc_common                  0x080001bf   Thumb Code     0  libinit2.o(.ARM.Collect$$libinit$$0000000F)
    __rt_lib_init_rand_1                     0x080001bf   Thumb Code     0  libinit2.o(.ARM.Collect$$libinit$$0000000E)
    __rt_lib_init_user_alloc_1               0x080001bf   Thumb Code     0  libinit2.o(.ARM.Collect$$libinit$$0000000C)
    __rt_lib_init_lc_collate_1               0x080001c5   Thumb Code     0  libinit2.o(.ARM.Collect$$libinit$$00000011)
    __rt_lib_init_lc_ctype_2                 0x080001c5   Thumb Code     0  libinit2.o(.ARM.Collect$$libinit$$00000012)
    __rt_lib_init_alloca_1                   0x080001d1   Thumb Code     0  libinit2.o(.ARM.Collect$$libinit$$0000002E)
    __rt_lib_init_argv_1                     0x080001d1   Thumb Code     0  libinit2.o(.ARM.Collect$$libinit$$0000002C)
    __rt_lib_init_atexit_1                   0x080001d1   Thumb Code     0  libinit2.o(.ARM.Collect$$libinit$$0000001B)
    __rt_lib_init_clock_1                    0x080001d1   Thumb Code     0  libinit2.o(.ARM.Collect$$libinit$$00000021)
    __rt_lib_init_cpp_1                      0x080001d1   Thumb Code     0  libinit2.o(.ARM.Collect$$libinit$$00000032)
    __rt_lib_init_exceptions_1               0x080001d1   Thumb Code     0  libinit2.o(.ARM.Collect$$libinit$$00000030)
    __rt_lib_init_fp_trap_1                  0x080001d1   Thumb Code     0  libinit2.o(.ARM.Collect$$libinit$$0000001F)
    __rt_lib_init_getenv_1                   0x080001d1   Thumb Code     0  libinit2.o(.ARM.Collect$$libinit$$00000023)
    __rt_lib_init_lc_ctype_1                 0x080001d1   Thumb Code     0  libinit2.o(.ARM.Collect$$libinit$$00000013)
    __rt_lib_init_lc_monetary_1              0x080001d1   Thumb Code     0  libinit2.o(.ARM.Collect$$libinit$$00000015)
    __rt_lib_init_lc_numeric_1               0x080001d1   Thumb Code     0  libinit2.o(.ARM.Collect$$libinit$$00000017)
    __rt_lib_init_lc_time_1                  0x080001d1   Thumb Code     0  libinit2.o(.ARM.Collect$$libinit$$00000019)
    __rt_lib_init_return                     0x080001d1   Thumb Code     0  libinit2.o(.ARM.Collect$$libinit$$00000033)
    __rt_lib_init_signal_1                   0x080001d1   Thumb Code     0  libinit2.o(.ARM.Collect$$libinit$$0000001D)
    __rt_lib_init_stdio_1                    0x080001d1   Thumb Code     0  libinit2.o(.ARM.Collect$$libinit$$00000025)
    __rt_lib_shutdown                        0x080001d3   Thumb Code     0  libshutdown.o(.ARM.Collect$$libshutdown$$00000000)
    __rt_lib_shutdown_cpp_1                  0x080001d5   Thumb Code     0  libshutdown2.o(.ARM.Collect$$libshutdown$$00000004)
    __rt_lib_shutdown_fini_1                 0x080001d5   Thumb Code     0  libshutdown2.o(.ARM.Collect$$libshutdown$$00000002)
    __rt_lib_shutdown_fp_trap_1              0x080001d5   Thumb Code     0  libshutdown2.o(.ARM.Collect$$libshutdown$$00000009)
    __rt_lib_shutdown_heap_1                 0x080001d5   Thumb Code     0  libshutdown2.o(.ARM.Collect$$libshutdown$$00000011)
    __rt_lib_shutdown_return                 0x080001d5   Thumb Code     0  libshutdown2.o(.ARM.Collect$$libshutdown$$00000012)
    __rt_lib_shutdown_signal_1               0x080001d5   Thumb Code     0  libshutdown2.o(.ARM.Collect$$libshutdown$$0000000C)
    __rt_lib_shutdown_stdio_1                0x080001d5   Thumb Code     0  libshutdown2.o(.ARM.Collect$$libshutdown$$00000006)
    __rt_lib_shutdown_user_alloc_1           0x080001d5   Thumb Code     0  libshutdown2.o(.ARM.Collect$$libshutdown$$0000000E)
    __rt_entry                               0x080001d7   Thumb Code     0  __rtentry.o(.ARM.Collect$$rtentry$$00000000)
    __rt_entry_presh_1                       0x080001d7   Thumb Code     0  __rtentry2.o(.ARM.Collect$$rtentry$$00000002)
    __rt_entry_sh                            0x080001d7   Thumb Code     0  __rtentry4.o(.ARM.Collect$$rtentry$$00000004)
    __rt_entry_li                            0x080001dd   Thumb Code     0  __rtentry2.o(.ARM.Collect$$rtentry$$0000000A)
    __rt_entry_postsh_1                      0x080001dd   Thumb Code     0  __rtentry2.o(.ARM.Collect$$rtentry$$00000009)
    __rt_entry_main                          0x080001e1   Thumb Code     0  __rtentry2.o(.ARM.Collect$$rtentry$$0000000D)
    __rt_entry_postli_1                      0x080001e1   Thumb Code     0  __rtentry2.o(.ARM.Collect$$rtentry$$0000000C)
    __rt_exit                                0x080001e9   Thumb Code     0  rtexit.o(.ARM.Collect$$rtexit$$00000000)
    __rt_exit_ls                             0x080001eb   Thumb Code     0  rtexit2.o(.ARM.Collect$$rtexit$$00000003)
    __rt_exit_prels_1                        0x080001eb   Thumb Code     0  rtexit2.o(.ARM.Collect$$rtexit$$00000002)
    __rt_exit_exit                           0x080001ef   Thumb Code     0  rtexit2.o(.ARM.Collect$$rtexit$$00000004)
    Reset_Handler                            0x080001f5   Thumb Code     8  startup_stm32f103xe.o(.text)
    _maybe_terminate_alloc                   0x080001f5   Thumb Code     0  maybetermalloc1.o(.emb_text)
    ADC1_2_IRQHandler                        0x0800020f   Thumb Code     0  startup_stm32f103xe.o(.text)
    ADC3_IRQHandler                          0x0800020f   Thumb Code     0  startup_stm32f103xe.o(.text)
    CAN1_RX1_IRQHandler                      0x0800020f   Thumb Code     0  startup_stm32f103xe.o(.text)
    CAN1_SCE_IRQHandler                      0x0800020f   Thumb Code     0  startup_stm32f103xe.o(.text)
    DMA1_Channel1_IRQHandler                 0x0800020f   Thumb Code     0  startup_stm32f103xe.o(.text)
    DMA1_Channel2_IRQHandler                 0x0800020f   Thumb Code     0  startup_stm32f103xe.o(.text)
    DMA1_Channel3_IRQHandler                 0x0800020f   Thumb Code     0  startup_stm32f103xe.o(.text)
    DMA1_Channel4_IRQHandler                 0x0800020f   Thumb Code     0  startup_stm32f103xe.o(.text)
    DMA1_Channel5_IRQHandler                 0x0800020f   Thumb Code     0  startup_stm32f103xe.o(.text)
    DMA1_Channel6_IRQHandler                 0x0800020f   Thumb Code     0  startup_stm32f103xe.o(.text)
    DMA1_Channel7_IRQHandler                 0x0800020f   Thumb Code     0  startup_stm32f103xe.o(.text)
    DMA2_Channel1_IRQHandler                 0x0800020f   Thumb Code     0  startup_stm32f103xe.o(.text)
    DMA2_Channel2_IRQHandler                 0x0800020f   Thumb Code     0  startup_stm32f103xe.o(.text)
    DMA2_Channel3_IRQHandler                 0x0800020f   Thumb Code     0  startup_stm32f103xe.o(.text)
    DMA2_Channel4_5_IRQHandler               0x0800020f   Thumb Code     0  startup_stm32f103xe.o(.text)
    EXTI15_10_IRQHandler                     0x0800020f   Thumb Code     0  startup_stm32f103xe.o(.text)
    EXTI1_IRQHandler                         0x0800020f   Thumb Code     0  startup_stm32f103xe.o(.text)
    EXTI2_IRQHandler                         0x0800020f   Thumb Code     0  startup_stm32f103xe.o(.text)
    EXTI9_5_IRQHandler                       0x0800020f   Thumb Code     0  startup_stm32f103xe.o(.text)
    FLASH_IRQHandler                         0x0800020f   Thumb Code     0  startup_stm32f103xe.o(.text)
    FSMC_IRQHandler                          0x0800020f   Thumb Code     0  startup_stm32f103xe.o(.text)
    I2C1_ER_IRQHandler                       0x0800020f   Thumb Code     0  startup_stm32f103xe.o(.text)
    I2C1_EV_IRQHandler                       0x0800020f   Thumb Code     0  startup_stm32f103xe.o(.text)
    I2C2_ER_IRQHandler                       0x0800020f   Thumb Code     0  startup_stm32f103xe.o(.text)
    I2C2_EV_IRQHandler                       0x0800020f   Thumb Code     0  startup_stm32f103xe.o(.text)
    PVD_IRQHandler                           0x0800020f   Thumb Code     0  startup_stm32f103xe.o(.text)
    RCC_IRQHandler                           0x0800020f   Thumb Code     0  startup_stm32f103xe.o(.text)
    RTC_Alarm_IRQHandler                     0x0800020f   Thumb Code     0  startup_stm32f103xe.o(.text)
    RTC_IRQHandler                           0x0800020f   Thumb Code     0  startup_stm32f103xe.o(.text)
    SDIO_IRQHandler                          0x0800020f   Thumb Code     0  startup_stm32f103xe.o(.text)
    SPI1_IRQHandler                          0x0800020f   Thumb Code     0  startup_stm32f103xe.o(.text)
    SPI2_IRQHandler                          0x0800020f   Thumb Code     0  startup_stm32f103xe.o(.text)
    SPI3_IRQHandler                          0x0800020f   Thumb Code     0  startup_stm32f103xe.o(.text)
    TAMPER_IRQHandler                        0x0800020f   Thumb Code     0  startup_stm32f103xe.o(.text)
    TIM1_BRK_IRQHandler                      0x0800020f   Thumb Code     0  startup_stm32f103xe.o(.text)
    TIM1_CC_IRQHandler                       0x0800020f   Thumb Code     0  startup_stm32f103xe.o(.text)
    TIM1_TRG_COM_IRQHandler                  0x0800020f   Thumb Code     0  startup_stm32f103xe.o(.text)
    TIM1_UP_IRQHandler                       0x0800020f   Thumb Code     0  startup_stm32f103xe.o(.text)
    TIM2_IRQHandler                          0x0800020f   Thumb Code     0  startup_stm32f103xe.o(.text)
    TIM3_IRQHandler                          0x0800020f   Thumb Code     0  startup_stm32f103xe.o(.text)
    TIM4_IRQHandler                          0x0800020f   Thumb Code     0  startup_stm32f103xe.o(.text)
    TIM5_IRQHandler                          0x0800020f   Thumb Code     0  startup_stm32f103xe.o(.text)
    TIM7_IRQHandler                          0x0800020f   Thumb Code     0  startup_stm32f103xe.o(.text)
    TIM8_BRK_IRQHandler                      0x0800020f   Thumb Code     0  startup_stm32f103xe.o(.text)
    TIM8_CC_IRQHandler                       0x0800020f   Thumb Code     0  startup_stm32f103xe.o(.text)
    TIM8_TRG_COM_IRQHandler                  0x0800020f   Thumb Code     0  startup_stm32f103xe.o(.text)
    TIM8_UP_IRQHandler                       0x0800020f   Thumb Code     0  startup_stm32f103xe.o(.text)
    UART4_IRQHandler                         0x0800020f   Thumb Code     0  startup_stm32f103xe.o(.text)
    UART5_IRQHandler                         0x0800020f   Thumb Code     0  startup_stm32f103xe.o(.text)
    USART2_IRQHandler                        0x0800020f   Thumb Code     0  startup_stm32f103xe.o(.text)
    USBWakeUp_IRQHandler                     0x0800020f   Thumb Code     0  startup_stm32f103xe.o(.text)
    USB_HP_CAN1_TX_IRQHandler                0x0800020f   Thumb Code     0  startup_stm32f103xe.o(.text)
    USB_LP_CAN1_RX0_IRQHandler               0x0800020f   Thumb Code     0  startup_stm32f103xe.o(.text)
    WWDG_IRQHandler                          0x0800020f   Thumb Code     0  startup_stm32f103xe.o(.text)
    __user_initial_stackheap                 0x08000211   Thumb Code     0  startup_stm32f103xe.o(.text)
    __use_no_semihosting                     0x08000235   Thumb Code     2  use_no_semi_2.o(.text)
    malloc                                   0x08000237   Thumb Code    94  h1_alloc.o(.text)
    free                                     0x08000295   Thumb Code    78  h1_free.o(.text)
    tolower                                  0x080002e3   Thumb Code    26  tolower.o(.text)
    __2printf                                0x080002fd   Thumb Code    20  noretval__2printf.o(.text)
    __2sprintf                               0x08000315   Thumb Code    34  noretval__2sprintf.o(.text)
    __2snprintf                              0x0800033d   Thumb Code    48  noretval__2snprintf.o(.text)
    _printf_str                              0x08000371   Thumb Code    82  _printf_str.o(.text)
    _printf_int_dec                          0x080003c5   Thumb Code   104  _printf_dec.o(.text)
    __printf                                 0x0800043d   Thumb Code   308  __printf_flags_wp.o(.text)
    strchr                                   0x08000575   Thumb Code    20  strchr.o(.text)
    strncat                                  0x08000589   Thumb Code    36  strncat.o(.text)
    strstr                                   0x080005ad   Thumb Code    36  strstr.o(.text)
    strcpy                                   0x080005d1   Thumb Code    72  strcpy.o(.text)
    strlen                                   0x08000619   Thumb Code    62  strlen.o(.text)
    strncmp                                  0x08000657   Thumb Code   150  strncmp.o(.text)
    strcat                                   0x080006ed   Thumb Code    24  strcat.o(.text)
    __aeabi_memcpy                           0x08000705   Thumb Code     0  rt_memcpy_v6.o(.text)
    __rt_memcpy                              0x08000705   Thumb Code   138  rt_memcpy_v6.o(.text)
    _memcpy_lastbytes                        0x0800076b   Thumb Code     0  rt_memcpy_v6.o(.text)
    __aeabi_memcpy4                          0x0800078f   Thumb Code     0  rt_memcpy_w.o(.text)
    __aeabi_memcpy8                          0x0800078f   Thumb Code     0  rt_memcpy_w.o(.text)
    __rt_memcpy_w                            0x0800078f   Thumb Code   100  rt_memcpy_w.o(.text)
    _memcpy_lastbytes_aligned                0x080007d7   Thumb Code     0  rt_memcpy_w.o(.text)
    __aeabi_memclr                           0x080007f3   Thumb Code     0  rt_memclr.o(.text)
    __rt_memclr                              0x080007f3   Thumb Code    68  rt_memclr.o(.text)
    _memset                                  0x080007f7   Thumb Code     0  rt_memclr.o(.text)
    __aeabi_memclr4                          0x08000837   Thumb Code     0  rt_memclr_w.o(.text)
    __aeabi_memclr8                          0x08000837   Thumb Code     0  rt_memclr_w.o(.text)
    __rt_memclr_w                            0x08000837   Thumb Code    78  rt_memclr_w.o(.text)
    _memset_w                                0x0800083b   Thumb Code     0  rt_memclr_w.o(.text)
    __use_two_region_memory                  0x08000885   Thumb Code     2  heapauxi.o(.text)
    __rt_heap_escrow                         0x08000887   Thumb Code     2  heapauxi.o(.text)
    __rt_heap_expand                         0x08000889   Thumb Code     2  heapauxi.o(.text)
    __semihosting$guard                      0x0800088b   Thumb Code     0  use_no_semi.o(.text)
    __use_no_semihosting_swi                 0x0800088b   Thumb Code     2  use_no_semi.o(.text)
    __rt_ctype_table                         0x0800088d   Thumb Code    16  rt_ctype_table.o(.text)
    __rt_heap_descriptor                     0x0800089d   Thumb Code     8  rt_heap_descriptor_intlibspace.o(.text)
    __use_no_heap                            0x080008a5   Thumb Code     2  hguard.o(.text)
    __heap$guard                             0x080008a7   Thumb Code     2  hguard.o(.text)
    _terminate_user_alloc                    0x080008a9   Thumb Code     2  init_alloc.o(.text)
    _init_user_alloc                         0x080008ab   Thumb Code     2  init_alloc.o(.text)
    __Heap_Full                              0x080008ad   Thumb Code    34  init_alloc.o(.text)
    __Heap_Broken                            0x080008cf   Thumb Code     6  init_alloc.o(.text)
    _init_alloc                              0x080008d5   Thumb Code    94  init_alloc.o(.text)
    __Heap_Initialize                        0x08000933   Thumb Code    10  h1_init.o(.text)
    __Heap_DescSize                          0x0800093d   Thumb Code     4  h1_init.o(.text)
    __read_errno                             0x08000941   Thumb Code    10  _rserrno.o(.text)
    __set_errno                              0x0800094b   Thumb Code    12  _rserrno.o(.text)
    _printf_int_common                       0x08000957   Thumb Code   178  _printf_intcommon.o(.text)
    _printf_char_common                      0x08000a13   Thumb Code    32  _printf_char_common.o(.text)
    _sputc                                   0x08000a39   Thumb Code    10  _sputc.o(.text)
    _snputc                                  0x08000a43   Thumb Code    16  _snputc.o(.text)
    _printf_cs_common                        0x08000a53   Thumb Code    20  _printf_char.o(.text)
    _printf_char                             0x08000a67   Thumb Code    16  _printf_char.o(.text)
    _printf_string                           0x08000a77   Thumb Code     8  _printf_char.o(.text)
    _printf_char_file                        0x08000a81   Thumb Code    32  _printf_char_file.o(.text)
    __user_libspace                          0x08000aa5   Thumb Code     8  libspace.o(.text)
    __user_perproc_libspace                  0x08000aa5   Thumb Code     0  libspace.o(.text)
    __user_perthread_libspace                0x08000aa5   Thumb Code     0  libspace.o(.text)
    __rt_locale                              0x08000aad   Thumb Code     8  rt_locale_intlibspace.o(.text)
    __aeabi_errno_addr                       0x08000ab5   Thumb Code     8  rt_errno_addr_intlibspace.o(.text)
    __errno$intlibspace                      0x08000ab5   Thumb Code     0  rt_errno_addr_intlibspace.o(.text)
    __rt_errno_addr$intlibspace              0x08000ab5   Thumb Code     0  rt_errno_addr_intlibspace.o(.text)
    __Heap_ProvideMemory                     0x08000abd   Thumb Code    52  h1_extend.o(.text)
    ferror                                   0x08000af1   Thumb Code     8  ferror.o(.text)
    __rt_SIGRTMEM                            0x08000af9   Thumb Code    14  defsig_rtmem_outer.o(.text)
    __user_setup_stackheap                   0x08000b07   Thumb Code    74  sys_stackheap_outer.o(.text)
    exit                                     0x08000b51   Thumb Code    18  exit.o(.text)
    __sig_exit                               0x08000b63   Thumb Code    10  defsig_exit.o(.text)
    __rt_SIGRTMEM_inner                      0x08000b6d   Thumb Code    22  defsig_rtmem_inner.o(.text)
    strcmp                                   0x08000bbd   Thumb Code   128  strcmpv7m.o(.text)
    __default_signal_display                 0x08000c3d   Thumb Code    50  defsig_general.o(.text)
    ADC_ConversionStop_Disable               0x08000c6f   Thumb Code    82  stm32f1xx_hal_adc.o(i.ADC_ConversionStop_Disable)
    ADC_Enable                               0x08000cc1   Thumb Code   122  stm32f1xx_hal_adc.o(i.ADC_Enable)
    BASE64_Decode                            0x08000d45   Thumb Code   360  base64.o(i.BASE64_Decode)
    BASE64_Encode                            0x08000eb1   Thumb Code   320  base64.o(i.BASE64_Encode)
    BusFault_Handler                         0x08000ff5   Thumb Code     4  stm32f1xx_it.o(i.BusFault_Handler)
    DebugMon_Handler                         0x08000ff9   Thumb Code     2  stm32f1xx_it.o(i.DebugMon_Handler)
    ESP8266_Clear                            0x08000ffd   Thumb Code    14  esp8266.o(i.ESP8266_Clear)
    ESP8266_GetIPD                           0x08001011   Thumb Code    68  esp8266.o(i.ESP8266_GetIPD)
    ESP8266_Init                             0x08001061   Thumb Code   242  esp8266.o(i.ESP8266_Init)
    ESP8266_SendCmd                          0x0800127d   Thumb Code    88  esp8266.o(i.ESP8266_SendCmd)
    ESP8266_SendData                         0x080012e1   Thumb Code    50  esp8266.o(i.ESP8266_SendData)
    ESP8266_WaitRecive                       0x0800132d   Thumb Code    42  esp8266.o(i.ESP8266_WaitRecive)
    EXTI0_IRQHandler                         0x08001361   Thumb Code    16  exti.o(i.EXTI0_IRQHandler)
    EXTI3_IRQHandler                         0x08001375   Thumb Code    16  exti.o(i.EXTI3_IRQHandler)
    EXTI4_IRQHandler                         0x08001389   Thumb Code    16  exti.o(i.EXTI4_IRQHandler)
    FSMC_NORSRAM_Extended_Timing_Init        0x0800139d   Thumb Code    62  stm32f1xx_ll_fsmc.o(i.FSMC_NORSRAM_Extended_Timing_Init)
    FSMC_NORSRAM_Init                        0x080013e1   Thumb Code   116  stm32f1xx_ll_fsmc.o(i.FSMC_NORSRAM_Init)
    FSMC_NORSRAM_Timing_Init                 0x08001459   Thumb Code    66  stm32f1xx_ll_fsmc.o(i.FSMC_NORSRAM_Timing_Init)
    HAL_ADCEx_Calibration_Start              0x0800149d   Thumb Code   256  stm32f1xx_hal_adc_ex.o(i.HAL_ADCEx_Calibration_Start)
    HAL_ADC_ConfigChannel                    0x080015a1   Thumb Code   338  stm32f1xx_hal_adc.o(i.HAL_ADC_ConfigChannel)
    HAL_ADC_GetValue                         0x08001701   Thumb Code     8  stm32f1xx_hal_adc.o(i.HAL_ADC_GetValue)
    HAL_ADC_Init                             0x08001709   Thumb Code   340  stm32f1xx_hal_adc.o(i.HAL_ADC_Init)
    HAL_ADC_MspInit                          0x08001869   Thumb Code     2  stm32f1xx_hal_adc.o(i.HAL_ADC_MspInit)
    HAL_ADC_PollForConversion                0x0800186d   Thumb Code   350  stm32f1xx_hal_adc.o(i.HAL_ADC_PollForConversion)
    HAL_ADC_Start                            0x080019dd   Thumb Code   294  stm32f1xx_hal_adc.o(i.HAL_ADC_Start)
    HAL_DMA_Abort_IT                         0x08001b0d   Thumb Code   414  stm32f1xx_hal_dma.o(i.HAL_DMA_Abort_IT)
    HAL_Delay                                0x08001cb5   Thumb Code    12  delay.o(i.HAL_Delay)
    HAL_GPIO_EXTI_Callback                   0x08001cc1   Thumb Code    82  exti.o(i.HAL_GPIO_EXTI_Callback)
    HAL_GPIO_EXTI_IRQHandler                 0x08001d25   Thumb Code    24  stm32f1xx_hal_gpio.o(i.HAL_GPIO_EXTI_IRQHandler)
    HAL_GPIO_Init                            0x08001d41   Thumb Code   792  stm32f1xx_hal_gpio.o(i.HAL_GPIO_Init)
    HAL_GPIO_ReadPin                         0x08002081   Thumb Code    16  stm32f1xx_hal_gpio.o(i.HAL_GPIO_ReadPin)
    HAL_GPIO_TogglePin                       0x08002091   Thumb Code    20  stm32f1xx_hal_gpio.o(i.HAL_GPIO_TogglePin)
    HAL_GPIO_WritePin                        0x080020a5   Thumb Code    12  stm32f1xx_hal_gpio.o(i.HAL_GPIO_WritePin)
    HAL_GetTick                              0x080020b1   Thumb Code     6  stm32f1xx_hal.o(i.HAL_GetTick)
    HAL_IncTick                              0x080020bd   Thumb Code    16  stm32f1xx_hal.o(i.HAL_IncTick)
    HAL_Init                                 0x080020d5   Thumb Code    34  stm32f1xx_hal.o(i.HAL_Init)
    HAL_InitTick                             0x080020fd   Thumb Code    64  stm32f1xx_hal.o(i.HAL_InitTick)
    HAL_MspInit                              0x08002149   Thumb Code     2  stm32f1xx_hal.o(i.HAL_MspInit)
    HAL_NVIC_EnableIRQ                       0x0800214b   Thumb Code    32  stm32f1xx_hal_cortex.o(i.HAL_NVIC_EnableIRQ)
    HAL_NVIC_SetPriority                     0x0800216b   Thumb Code   124  stm32f1xx_hal_cortex.o(i.HAL_NVIC_SetPriority)
    HAL_NVIC_SetPriorityGrouping             0x080021e9   Thumb Code    32  stm32f1xx_hal_cortex.o(i.HAL_NVIC_SetPriorityGrouping)
    HAL_RCCEx_GetPeriphCLKFreq               0x08002211   Thumb Code   276  stm32f1xx_hal_rcc_ex.o(i.HAL_RCCEx_GetPeriphCLKFreq)
    HAL_RCCEx_PeriphCLKConfig                0x08002345   Thumb Code   290  stm32f1xx_hal_rcc_ex.o(i.HAL_RCCEx_PeriphCLKConfig)
    HAL_RCC_ClockConfig                      0x08002475   Thumb Code   376  stm32f1xx_hal_rcc.o(i.HAL_RCC_ClockConfig)
    HAL_RCC_GetHCLKFreq                      0x08002601   Thumb Code     6  stm32f1xx_hal_rcc.o(i.HAL_RCC_GetHCLKFreq)
    HAL_RCC_GetPCLK1Freq                     0x0800260d   Thumb Code    22  stm32f1xx_hal_rcc.o(i.HAL_RCC_GetPCLK1Freq)
    HAL_RCC_GetPCLK2Freq                     0x0800262d   Thumb Code    22  stm32f1xx_hal_rcc.o(i.HAL_RCC_GetPCLK2Freq)
    HAL_RCC_GetSysClockFreq                  0x0800264d   Thumb Code   116  stm32f1xx_hal_rcc.o(i.HAL_RCC_GetSysClockFreq)
    HAL_RCC_OscConfig                        0x080026e1   Thumb Code  1114  stm32f1xx_hal_rcc.o(i.HAL_RCC_OscConfig)
    HAL_SRAM_Init                            0x08002b45   Thumb Code   102  stm32f1xx_hal_sram.o(i.HAL_SRAM_Init)
    HAL_SRAM_MspInit                         0x08002bad   Thumb Code   130  lcd.o(i.HAL_SRAM_MspInit)
    HAL_SYSTICK_Config                       0x08002c3d   Thumb Code    52  stm32f1xx_hal_cortex.o(i.HAL_SYSTICK_Config)
    HAL_TIMEx_BreakCallback                  0x08002c71   Thumb Code     2  stm32f1xx_hal_tim_ex.o(i.HAL_TIMEx_BreakCallback)
    HAL_TIMEx_CommutCallback                 0x08002c73   Thumb Code     2  stm32f1xx_hal_tim_ex.o(i.HAL_TIMEx_CommutCallback)
    HAL_TIM_IC_CaptureCallback               0x08002c75   Thumb Code     2  stm32f1xx_hal_tim.o(i.HAL_TIM_IC_CaptureCallback)
    HAL_TIM_IRQHandler                       0x08002c77   Thumb Code   406  stm32f1xx_hal_tim.o(i.HAL_TIM_IRQHandler)
    HAL_TIM_OC_DelayElapsedCallback          0x08002e0d   Thumb Code     2  stm32f1xx_hal_tim.o(i.HAL_TIM_OC_DelayElapsedCallback)
    HAL_TIM_PWM_PulseFinishedCallback        0x08002e0f   Thumb Code     2  stm32f1xx_hal_tim.o(i.HAL_TIM_PWM_PulseFinishedCallback)
    HAL_TIM_PeriodElapsedCallback            0x08002e11   Thumb Code    76  btim.o(i.HAL_TIM_PeriodElapsedCallback)
    HAL_TIM_TriggerCallback                  0x08002e6d   Thumb Code     2  stm32f1xx_hal_tim.o(i.HAL_TIM_TriggerCallback)
    HAL_UART_ErrorCallback                   0x08002e6f   Thumb Code     2  stm32f1xx_hal_uart.o(i.HAL_UART_ErrorCallback)
    HAL_UART_IRQHandler                      0x08002e71   Thumb Code   334  stm32f1xx_hal_uart.o(i.HAL_UART_IRQHandler)
    HAL_UART_Init                            0x08002fc5   Thumb Code   114  stm32f1xx_hal_uart.o(i.HAL_UART_Init)
    HAL_UART_MspInit                         0x08003039   Thumb Code   326  usart.o(i.HAL_UART_MspInit)
    HAL_UART_Receive_IT                      0x08003195   Thumb Code   112  stm32f1xx_hal_uart.o(i.HAL_UART_Receive_IT)
    HAL_UART_RxCpltCallback                  0x08003205   Thumb Code   212  esp8266.o(i.HAL_UART_RxCpltCallback)
    HAL_UART_Transmit                        0x0800330d   Thumb Code   210  stm32f1xx_hal_uart.o(i.HAL_UART_Transmit)
    HAL_UART_TxCpltCallback                  0x080033df   Thumb Code     2  stm32f1xx_hal_uart.o(i.HAL_UART_TxCpltCallback)
    HardFault_Handler                        0x080033e1   Thumb Code     4  stm32f1xx_it.o(i.HardFault_Handler)
    Led_Set                                  0x080033e5   Thumb Code    22  led.o(i.Led_Set)
    MQTT_DeleteBuffer                        0x08003405   Thumb Code    28  mqttkit.o(i.MQTT_DeleteBuffer)
    MQTT_DumpLength                          0x08003421   Thumb Code    46  mqttkit.o(i.MQTT_DumpLength)
    MQTT_NewBuffer                           0x0800344f   Thumb Code    88  mqttkit.o(i.MQTT_NewBuffer)
    MQTT_PacketConnect                       0x080034a9   Thumb Code   666  mqttkit.o(i.MQTT_PacketConnect)
    MQTT_PacketPublish                       0x08003749   Thumb Code   440  mqttkit.o(i.MQTT_PacketPublish)
    MQTT_PacketSaveData                      0x08003901   Thumb Code    68  mqttkit.o(i.MQTT_PacketSaveData)
    MQTT_PacketSubscribe                     0x08003965   Thumb Code   254  mqttkit.o(i.MQTT_PacketSubscribe)
    MQTT_ReadLength                          0x08003a63   Thumb Code    70  mqttkit.o(i.MQTT_ReadLength)
    MQTT_UnPacketConnectAck                  0x08003aa9   Thumb Code    30  mqttkit.o(i.MQTT_UnPacketConnectAck)
    MQTT_UnPacketPublish                     0x08003ac9   Thumb Code   438  mqttkit.o(i.MQTT_UnPacketPublish)
    MQTT_UnPacketPublishAck                  0x08003c89   Thumb Code    30  mqttkit.o(i.MQTT_UnPacketPublishAck)
    MQTT_UnPacketRecv                        0x08003ca9   Thumb Code   106  mqttkit.o(i.MQTT_UnPacketRecv)
    MQTT_UnPacketSubscribe                   0x08003d1d   Thumb Code    52  mqttkit.o(i.MQTT_UnPacketSubscribe)
    MemManage_Handler                        0x08003d51   Thumb Code     4  stm32f1xx_it.o(i.MemManage_Handler)
    NMI_Handler                              0x08003d55   Thumb Code     2  stm32f1xx_it.o(i.NMI_Handler)
    OneNET_Subscribe                         0x0800400d   Thumb Code    80  onenet.o(i.OneNET_Subscribe)
    OneNet_DevLink                           0x080040a5   Thumb Code   222  onenet.o(i.OneNet_DevLink)
    OneNet_FillBuf                           0x08004309   Thumb Code   166  onenet.o(i.OneNet_FillBuf)
    OneNet_RevPro                            0x08004449   Thumb Code   246  onenet.o(i.OneNet_RevPro)
    OneNet_SendData                          0x080045e5   Thumb Code   124  onenet.o(i.OneNet_SendData)
    PendSV_Handler                           0x080046c1   Thumb Code     2  stm32f1xx_it.o(i.PendSV_Handler)
    SVC_Handler                              0x080046ed   Thumb Code     2  stm32f1xx_it.o(i.SVC_Handler)
    SysTick_Handler                          0x080046ef   Thumb Code     8  stm32f1xx_it.o(i.SysTick_Handler)
    SystemInit                               0x080046f7   Thumb Code     2  system_stm32f1xx.o(i.SystemInit)
    TIM6_IRQHandler                          0x080046f9   Thumb Code    10  btim.o(i.TIM6_IRQHandler)
    USART1_IRQHandler                        0x080049c5   Thumb Code    10  usart.o(i.USART1_IRQHandler)
    USART3_IRQHandler                        0x080049d5   Thumb Code    10  usart.o(i.USART3_IRQHandler)
    UsageFault_Handler                       0x080049e5   Thumb Code     4  stm32f1xx_it.o(i.UsageFault_Handler)
    __ARM_fpclassify                         0x080049e9   Thumb Code    40  fpclassify.o(i.__ARM_fpclassify)
    __kernel_poly                            0x08004a49   Thumb Code   170  poly.o(i.__kernel_poly)
    __mathlib_dbl_divzero                    0x08004af5   Thumb Code    12  dunder.o(i.__mathlib_dbl_divzero)
    __mathlib_dbl_infnan2                    0x08004b05   Thumb Code     4  dunder.o(i.__mathlib_dbl_infnan2)
    __mathlib_dbl_invalid                    0x08004b09   Thumb Code    12  dunder.o(i.__mathlib_dbl_invalid)
    __mathlib_dbl_overflow                   0x08004b15   Thumb Code    14  dunder.o(i.__mathlib_dbl_overflow)
    __mathlib_dbl_underflow                  0x08004b25   Thumb Code    10  dunder.o(i.__mathlib_dbl_underflow)
    _is_digit                                0x08004b35   Thumb Code    14  __printf_wp.o(i._is_digit)
    _sys_exit                                0x08004b43   Thumb Code     4  usart.o(i._sys_exit)
    _ttywrch                                 0x08004b47   Thumb Code     4  usart.o(i._ttywrch)
    adc3_channel_set                         0x08004b4b   Thumb Code    26  adc3.o(i.adc3_channel_set)
    adc3_get_result                          0x08004b65   Thumb Code    40  adc3.o(i.adc3_get_result)
    adc3_get_result_average                  0x08004b91   Thumb Code    44  adc3.o(i.adc3_get_result_average)
    adc3_init                                0x08004bbd   Thumb Code   152  adc3.o(i.adc3_init)
    beep_init                                0x08004c65   Thumb Code    78  beep.o(i.beep_init)
    cJSON_Delete                             0x08004cbd   Thumb Code    82  cjson.o(i.cJSON_Delete)
    cJSON_GetObjectItem                      0x08004d15   Thumb Code    30  cjson.o(i.cJSON_GetObjectItem)
    cJSON_Parse                              0x08004d55   Thumb Code    16  cjson.o(i.cJSON_Parse)
    cJSON_ParseWithOpts                      0x08004d65   Thumb Code    96  cjson.o(i.cJSON_ParseWithOpts)
    delay_init                               0x08004e15   Thumb Code     6  delay.o(i.delay_init)
    delay_ms                                 0x08004e21   Thumb Code    18  delay.o(i.delay_ms)
    delay_us                                 0x08004e35   Thumb Code    68  delay.o(i.delay_us)
    dht11_check                              0x08004e7d   Thumb Code    82  dht11.o(i.dht11_check)
    dht11_init                               0x08004ed5   Thumb Code    72  dht11.o(i.dht11_init)
    dht11_read_bit                           0x08004f25   Thumb Code    88  dht11.o(i.dht11_read_bit)
    dht11_read_data                          0x08004f9f   Thumb Code    88  dht11.o(i.dht11_read_data)
    extix_init                               0x0800502d   Thumb Code   208  exti.o(i.extix_init)
    fputc                                    0x08005111   Thumb Code    24  usart.o(i.fputc)
    ft                                       0x0800512d   Thumb Code    76  hmac_sha1.o(i.ft)
    hmac_sha1                                0x08005179   Thumb Code   302  hmac_sha1.o(i.hmac_sha1)
    k                                        0x080052a9   Thumb Code    34  hmac_sha1.o(i.k)
    lcd_clear                                0x080052dd   Thumb Code    42  lcd.o(i.lcd_clear)
    lcd_display_dir                          0x08005311   Thumb Code   360  lcd.o(i.lcd_display_dir)
    lcd_draw_point                           0x0800547d   Thumb Code    26  lcd.o(i.lcd_draw_point)
    lcd_ex_ili9341_reginit                   0x0800549d   Thumb Code   556  lcd.o(i.lcd_ex_ili9341_reginit)
    lcd_ex_ili9806_reginit                   0x080056c9   Thumb Code   832  lcd.o(i.lcd_ex_ili9806_reginit)
    lcd_ex_nt35310_reginit                   0x08005a09   Thumb Code  3826  lcd.o(i.lcd_ex_nt35310_reginit)
    lcd_ex_nt35510_reginit                   0x080068fb   Thumb Code  3836  lcd.o(i.lcd_ex_nt35510_reginit)
    lcd_ex_ssd1963_reginit                   0x080077f7   Thumb Code   366  lcd.o(i.lcd_ex_ssd1963_reginit)
    lcd_ex_st7789_reginit                    0x08007965   Thumb Code   424  lcd.o(i.lcd_ex_st7789_reginit)
    lcd_ex_st7796_reginit                    0x08007b0d   Thumb Code   454  lcd.o(i.lcd_ex_st7796_reginit)
    lcd_fill                                 0x08007cd5   Thumb Code    80  lcd.o(i.lcd_fill)
    lcd_init                                 0x08007d29   Thumb Code  1098  lcd.o(i.lcd_init)
    lcd_scan_dir                             0x080081b9   Thumb Code   568  lcd.o(i.lcd_scan_dir)
    lcd_set_cursor                           0x080083f5   Thumb Code   282  lcd.o(i.lcd_set_cursor)
    lcd_show_char                            0x08008515   Thumb Code   294  lcd.o(i.lcd_show_char)
    lcd_show_num                             0x08008655   Thumb Code   152  lcd.o(i.lcd_show_num)
    lcd_show_string                          0x080086ed   Thumb Code   106  lcd.o(i.lcd_show_string)
    lcd_show_xnum                            0x08008757   Thumb Code   198  lcd.o(i.lcd_show_xnum)
    lcd_ssd_backlight_set                    0x0800881d   Thumb Code    80  lcd.o(i.lcd_ssd_backlight_set)
    lcd_wr_data                              0x08008871   Thumb Code    18  lcd.o(i.lcd_wr_data)
    lcd_wr_regno                             0x08008889   Thumb Code    18  lcd.o(i.lcd_wr_regno)
    lcd_write_ram_prepare                    0x080088a1   Thumb Code    10  lcd.o(i.lcd_write_ram_prepare)
    lcd_write_reg                            0x080088b5   Thumb Code    10  lcd.o(i.lcd_write_reg)
    led_init                                 0x080088c5   Thumb Code   132  led.o(i.led_init)
    lsens_get_val                            0x08008955   Thumb Code    34  lsens.o(i.lsens_get_val)
    lsens_init                               0x08008979   Thumb Code    60  lsens.o(i.lsens_init)
    main                                     0x080089bd   Thumb Code   644  main.o(i.main)
    pow                                      0x08009411   Thumb Code  2512  pow.o(i.pow)
    rotl                                     0x08009de9   Thumb Code    46  hmac_sha1.o(i.rotl)
    sha1                                     0x08009e19   Thumb Code   632  hmac_sha1.o(i.sha1)
    sqrt                                     0x0800a0af   Thumb Code    76  sqrt.o(i.sqrt)
    sys_stm32_clock_init                     0x0800a0fb   Thumb Code   102  sys.o(i.sys_stm32_clock_init)
    usart1_init                              0x0800a161   Thumb Code    34  usart.o(i.usart1_init)
    usart3_init                              0x0800a18d   Thumb Code    34  usart.o(i.usart3_init)
    _get_lc_ctype                            0x0800a1b9   Thumb Code    44  lc_ctype_c.o(locale$$code)
    __aeabi_dadd                             0x0800a1e5   Thumb Code     0  daddsub_clz.o(x$fpl$dadd)
    _dadd                                    0x0800a1e5   Thumb Code   332  daddsub_clz.o(x$fpl$dadd)
    __fpl_dcheck_NaN1                        0x0800a335   Thumb Code    10  dcheck1.o(x$fpl$dcheck1)
    __fpl_dcmp_Inf                           0x0800a345   Thumb Code    24  dcmpi.o(x$fpl$dcmpinf)
    __aeabi_ddiv                             0x0800a35d   Thumb Code     0  ddiv.o(x$fpl$ddiv)
    _ddiv                                    0x0800a35d   Thumb Code   552  ddiv.o(x$fpl$ddiv)
    __aeabi_d2iz                             0x0800a60d   Thumb Code     0  dfix.o(x$fpl$dfix)
    _dfix                                    0x0800a60d   Thumb Code    94  dfix.o(x$fpl$dfix)
    __aeabi_d2uiz                            0x0800a66d   Thumb Code     0  dfixu.o(x$fpl$dfixu)
    _dfixu                                   0x0800a66d   Thumb Code    90  dfixu.o(x$fpl$dfixu)
    __aeabi_i2d                              0x0800a6c7   Thumb Code     0  dflt_clz.o(x$fpl$dflt)
    _dflt                                    0x0800a6c7   Thumb Code    46  dflt_clz.o(x$fpl$dflt)
    __aeabi_ui2d                             0x0800a6f5   Thumb Code     0  dflt_clz.o(x$fpl$dfltu)
    _dfltu                                   0x0800a6f5   Thumb Code    38  dflt_clz.o(x$fpl$dfltu)
    __aeabi_cdcmple                          0x0800a71d   Thumb Code     0  dleqf.o(x$fpl$dleqf)
    _dcmple                                  0x0800a71d   Thumb Code   120  dleqf.o(x$fpl$dleqf)
    __fpl_dcmple_InfNaN                      0x0800a77f   Thumb Code     0  dleqf.o(x$fpl$dleqf)
    __aeabi_dmul                             0x0800a795   Thumb Code     0  dmul.o(x$fpl$dmul)
    _dmul                                    0x0800a795   Thumb Code   332  dmul.o(x$fpl$dmul)
    __fpl_dnaninf                            0x0800a8e9   Thumb Code   156  dnaninf.o(x$fpl$dnaninf)
    __fpl_dretinf                            0x0800a985   Thumb Code    12  dretinf.o(x$fpl$dretinf)
    __aeabi_cdrcmple                         0x0800a991   Thumb Code     0  drleqf.o(x$fpl$drleqf)
    _drcmple                                 0x0800a991   Thumb Code   108  drleqf.o(x$fpl$drleqf)
    __aeabi_drsub                            0x0800a9fd   Thumb Code     0  daddsub_clz.o(x$fpl$drsb)
    _drsb                                    0x0800a9fd   Thumb Code    22  daddsub_clz.o(x$fpl$drsb)
    _dsqrt                                   0x0800aa15   Thumb Code   456  dsqrt_noumaal.o(x$fpl$dsqrt)
    __aeabi_dsub                             0x0800abe1   Thumb Code     0  daddsub_clz.o(x$fpl$dsub)
    _dsub                                    0x0800abe1   Thumb Code   464  daddsub_clz.o(x$fpl$dsub)
    __fpl_return_NaN                         0x0800adb5   Thumb Code   100  retnan.o(x$fpl$retnan)
    __ARM_scalbn                             0x0800ae19   Thumb Code    92  scalbn.o(x$fpl$scalbn)
    __fpl_cmpreturn                          0x0800ae75   Thumb Code    48  trapv.o(x$fpl$trapveneer)
    AHBPrescTable                            0x0800aea4   Data          16  system_stm32f1xx.o(.constdata)
    __I$use$fp                               0x0800aea4   Number         0  usenofp.o(x$fpl$usenofp)
    APBPrescTable                            0x0800aeb4   Data           8  system_stm32f1xx.o(.constdata)
    asc2_1206                                0x0800aebc   Data        1140  lcd.o(.constdata)
    asc2_1608                                0x0800b330   Data        1520  lcd.o(.constdata)
    asc2_2412                                0x0800b920   Data        3420  lcd.o(.constdata)
    asc2_3216                                0x0800c67c   Data        6080  lcd.o(.constdata)
    __mathlib_zero                           0x0800dfa0   Data           8  qnan.o(.constdata)
    Region$$Table$$Base                      0x0800dff0   Number         0  anon$$obj.o(Region$$Table)
    Region$$Table$$Limit                     0x0800e010   Number         0  anon$$obj.o(Region$$Table)
    __ctype                                  0x0800e01d   Data           0  lc_ctype_c.o(locale$$data)
    alarmFlag                                0x20000000   Data           1  main.o(.data)
    alarmFlag_Free                           0x20000001   Data           1  main.o(.data)
    tempreture                               0x20000002   Data           1  main.o(.data)
    humidity                                 0x20000003   Data           1  main.o(.data)
    light                                    0x20000004   Data           2  main.o(.data)
    SystemCoreClock                          0x20000008   Data           4  system_stm32f1xx.o(.data)
    __stdout                                 0x20000010   Data           4  usart.o(.data)
    g_usart_rx_sta                           0x20000014   Data           2  usart.o(.data)
    g_rx_buffer                              0x20000016   Data           1  usart.o(.data)
    uwTick                                   0x20000018   Data           4  stm32f1xx_hal.o(.data)
    uwTickPrio                               0x2000001c   Data           4  stm32f1xx_hal.o(.data)
    uwTickFreq                               0x20000020   Data           1  stm32f1xx_hal.o(.data)
    led_info                                 0x20000021   Data           1  led.o(.data)
    g_point_color                            0x20000024   Data           4  lcd.o(.data)
    g_back_color                             0x20000028   Data           4  lcd.o(.data)
    esp8266_cnt                              0x20000038   Data           2  esp8266.o(.data)
    esp8266_cntPre                           0x2000003a   Data           2  esp8266.o(.data)
    a_esp8266_buf                            0x2000003c   Data           1  esp8266.o(.data)
    g_usart_rx_buf                           0x20000040   Data         200  usart.o(.bss)
    huart1                                   0x20000108   Data          64  usart.o(.bss)
    huart3                                   0x20000148   Data          64  usart.o(.bss)
    g_adc3_handle                            0x20000188   Data          48  adc3.o(.bss)
    g_sram_handle                            0x200001b8   Data          72  lcd.o(.bss)
    lcddev                                   0x20000200   Data          14  lcd.o(.bss)
    g_timx_handle                            0x20000210   Data          72  btim.o(.bss)
    ESP8266_Buf                              0x20000258   Data         512  esp8266.o(.bss)
    __libspace_start                         0x20000458   Data          96  libspace.o(.bss)
    __temporary_stack_top$libspace           0x200004b8   Data           0  libspace.o(.bss)



==============================================================================

Memory Map of the image

  Image Entry point : 0x08000131

  Load Region LR_IROM1 (Base: 0x08000000, Size: 0x0000e160, Max: 0x00080000, ABSOLUTE)

    Execution Region ER_IROM1 (Exec base: 0x08000000, Load base: 0x08000000, Size: 0x0000e120, Max: 0x00080000, ABSOLUTE)

    Exec Addr    Load Addr    Size         Type   Attr      Idx    E Section Name        Object

    0x08000000   0x08000000   0x00000130   Data   RO            3    RESET               startup_stm32f103xe.o
    0x08000130   0x08000130   0x00000008   Code   RO         5316  * !!!main             c_w.l(__main.o)
    0x08000138   0x08000138   0x00000034   Code   RO         5692    !!!scatter          c_w.l(__scatter.o)
    0x0800016c   0x0800016c   0x0000001a   Code   RO         5694    !!handler_copy      c_w.l(__scatter_copy.o)
    0x08000186   0x08000186   0x00000002   PAD
    0x08000188   0x08000188   0x0000001c   Code   RO         5696    !!handler_zi        c_w.l(__scatter_zi.o)
    0x080001a4   0x080001a4   0x00000000   Code   RO         5285    .ARM.Collect$$_printf_percent$$00000000  c_w.l(_printf_percent.o)
    0x080001a4   0x080001a4   0x00000006   Code   RO         5282    .ARM.Collect$$_printf_percent$$00000009  c_w.l(_printf_d.o)
    0x080001aa   0x080001aa   0x00000006   Code   RO         5280    .ARM.Collect$$_printf_percent$$00000014  c_w.l(_printf_s.o)
    0x080001b0   0x080001b0   0x00000004   Code   RO         5412    .ARM.Collect$$_printf_percent$$00000017  c_w.l(_printf_percent_end.o)
    0x080001b4   0x080001b4   0x00000002   Code   RO         5629    .ARM.Collect$$libinit$$00000000  c_w.l(libinit.o)
    0x080001b6   0x080001b6   0x00000000   Code   RO         5422    .ARM.Collect$$libinit$$00000002  c_w.l(libinit2.o)
    0x080001b6   0x080001b6   0x00000000   Code   RO         5424    .ARM.Collect$$libinit$$00000004  c_w.l(libinit2.o)
    0x080001b6   0x080001b6   0x00000008   Code   RO         5425    .ARM.Collect$$libinit$$00000005  c_w.l(libinit2.o)
    0x080001be   0x080001be   0x00000000   Code   RO         5427    .ARM.Collect$$libinit$$0000000A  c_w.l(libinit2.o)
    0x080001be   0x080001be   0x00000000   Code   RO         5429    .ARM.Collect$$libinit$$0000000C  c_w.l(libinit2.o)
    0x080001be   0x080001be   0x00000000   Code   RO         5431    .ARM.Collect$$libinit$$0000000E  c_w.l(libinit2.o)
    0x080001be   0x080001be   0x00000006   Code   RO         5432    .ARM.Collect$$libinit$$0000000F  c_w.l(libinit2.o)
    0x080001c4   0x080001c4   0x00000000   Code   RO         5434    .ARM.Collect$$libinit$$00000011  c_w.l(libinit2.o)
    0x080001c4   0x080001c4   0x0000000c   Code   RO         5435    .ARM.Collect$$libinit$$00000012  c_w.l(libinit2.o)
    0x080001d0   0x080001d0   0x00000000   Code   RO         5436    .ARM.Collect$$libinit$$00000013  c_w.l(libinit2.o)
    0x080001d0   0x080001d0   0x00000000   Code   RO         5438    .ARM.Collect$$libinit$$00000015  c_w.l(libinit2.o)
    0x080001d0   0x080001d0   0x00000000   Code   RO         5440    .ARM.Collect$$libinit$$00000017  c_w.l(libinit2.o)
    0x080001d0   0x080001d0   0x00000000   Code   RO         5442    .ARM.Collect$$libinit$$00000019  c_w.l(libinit2.o)
    0x080001d0   0x080001d0   0x00000000   Code   RO         5444    .ARM.Collect$$libinit$$0000001B  c_w.l(libinit2.o)
    0x080001d0   0x080001d0   0x00000000   Code   RO         5446    .ARM.Collect$$libinit$$0000001D  c_w.l(libinit2.o)
    0x080001d0   0x080001d0   0x00000000   Code   RO         5448    .ARM.Collect$$libinit$$0000001F  c_w.l(libinit2.o)
    0x080001d0   0x080001d0   0x00000000   Code   RO         5450    .ARM.Collect$$libinit$$00000021  c_w.l(libinit2.o)
    0x080001d0   0x080001d0   0x00000000   Code   RO         5452    .ARM.Collect$$libinit$$00000023  c_w.l(libinit2.o)
    0x080001d0   0x080001d0   0x00000000   Code   RO         5454    .ARM.Collect$$libinit$$00000025  c_w.l(libinit2.o)
    0x080001d0   0x080001d0   0x00000000   Code   RO         5458    .ARM.Collect$$libinit$$0000002C  c_w.l(libinit2.o)
    0x080001d0   0x080001d0   0x00000000   Code   RO         5460    .ARM.Collect$$libinit$$0000002E  c_w.l(libinit2.o)
    0x080001d0   0x080001d0   0x00000000   Code   RO         5462    .ARM.Collect$$libinit$$00000030  c_w.l(libinit2.o)
    0x080001d0   0x080001d0   0x00000000   Code   RO         5464    .ARM.Collect$$libinit$$00000032  c_w.l(libinit2.o)
    0x080001d0   0x080001d0   0x00000002   Code   RO         5465    .ARM.Collect$$libinit$$00000033  c_w.l(libinit2.o)
    0x080001d2   0x080001d2   0x00000002   Code   RO         5689    .ARM.Collect$$libshutdown$$00000000  c_w.l(libshutdown.o)
    0x080001d4   0x080001d4   0x00000000   Code   RO         5643    .ARM.Collect$$libshutdown$$00000002  c_w.l(libshutdown2.o)
    0x080001d4   0x080001d4   0x00000000   Code   RO         5645    .ARM.Collect$$libshutdown$$00000004  c_w.l(libshutdown2.o)
    0x080001d4   0x080001d4   0x00000000   Code   RO         5647    .ARM.Collect$$libshutdown$$00000006  c_w.l(libshutdown2.o)
    0x080001d4   0x080001d4   0x00000000   Code   RO         5650    .ARM.Collect$$libshutdown$$00000009  c_w.l(libshutdown2.o)
    0x080001d4   0x080001d4   0x00000000   Code   RO         5653    .ARM.Collect$$libshutdown$$0000000C  c_w.l(libshutdown2.o)
    0x080001d4   0x080001d4   0x00000000   Code   RO         5655    .ARM.Collect$$libshutdown$$0000000E  c_w.l(libshutdown2.o)
    0x080001d4   0x080001d4   0x00000000   Code   RO         5658    .ARM.Collect$$libshutdown$$00000011  c_w.l(libshutdown2.o)
    0x080001d4   0x080001d4   0x00000002   Code   RO         5659    .ARM.Collect$$libshutdown$$00000012  c_w.l(libshutdown2.o)
    0x080001d6   0x080001d6   0x00000000   Code   RO         5368    .ARM.Collect$$rtentry$$00000000  c_w.l(__rtentry.o)
    0x080001d6   0x080001d6   0x00000000   Code   RO         5512    .ARM.Collect$$rtentry$$00000002  c_w.l(__rtentry2.o)
    0x080001d6   0x080001d6   0x00000006   Code   RO         5524    .ARM.Collect$$rtentry$$00000004  c_w.l(__rtentry4.o)
    0x080001dc   0x080001dc   0x00000000   Code   RO         5514    .ARM.Collect$$rtentry$$00000009  c_w.l(__rtentry2.o)
    0x080001dc   0x080001dc   0x00000004   Code   RO         5515    .ARM.Collect$$rtentry$$0000000A  c_w.l(__rtentry2.o)
    0x080001e0   0x080001e0   0x00000000   Code   RO         5517    .ARM.Collect$$rtentry$$0000000C  c_w.l(__rtentry2.o)
    0x080001e0   0x080001e0   0x00000008   Code   RO         5518    .ARM.Collect$$rtentry$$0000000D  c_w.l(__rtentry2.o)
    0x080001e8   0x080001e8   0x00000002   Code   RO         5632    .ARM.Collect$$rtexit$$00000000  c_w.l(rtexit.o)
    0x080001ea   0x080001ea   0x00000000   Code   RO         5663    .ARM.Collect$$rtexit$$00000002  c_w.l(rtexit2.o)
    0x080001ea   0x080001ea   0x00000004   Code   RO         5664    .ARM.Collect$$rtexit$$00000003  c_w.l(rtexit2.o)
    0x080001ee   0x080001ee   0x00000006   Code   RO         5665    .ARM.Collect$$rtexit$$00000004  c_w.l(rtexit2.o)
    0x080001f4   0x080001f4   0x00000000   Code   RO         5538    .emb_text           c_w.l(maybetermalloc1.o)
    0x080001f4   0x080001f4   0x00000040   Code   RO            4    .text               startup_stm32f103xe.o
    0x08000234   0x08000234   0x00000002   Code   RO         5153    .text               c_w.l(use_no_semi_2.o)
    0x08000236   0x08000236   0x0000005e   Code   RO         5159    .text               c_w.l(h1_alloc.o)
    0x08000294   0x08000294   0x0000004e   Code   RO         5161    .text               c_w.l(h1_free.o)
    0x080002e2   0x080002e2   0x0000001a   Code   RO         5217    .text               c_w.l(tolower.o)
    0x080002fc   0x080002fc   0x00000018   Code   RO         5225    .text               c_w.l(noretval__2printf.o)
    0x08000314   0x08000314   0x00000028   Code   RO         5227    .text               c_w.l(noretval__2sprintf.o)
    0x0800033c   0x0800033c   0x00000034   Code   RO         5229    .text               c_w.l(noretval__2snprintf.o)
    0x08000370   0x08000370   0x00000052   Code   RO         5235    .text               c_w.l(_printf_str.o)
    0x080003c2   0x080003c2   0x00000002   PAD
    0x080003c4   0x080003c4   0x00000078   Code   RO         5237    .text               c_w.l(_printf_dec.o)
    0x0800043c   0x0800043c   0x00000138   Code   RO         5272    .text               c_w.l(__printf_flags_wp.o)
    0x08000574   0x08000574   0x00000014   Code   RO         5292    .text               c_w.l(strchr.o)
    0x08000588   0x08000588   0x00000024   Code   RO         5294    .text               c_w.l(strncat.o)
    0x080005ac   0x080005ac   0x00000024   Code   RO         5296    .text               c_w.l(strstr.o)
    0x080005d0   0x080005d0   0x00000048   Code   RO         5298    .text               c_w.l(strcpy.o)
    0x08000618   0x08000618   0x0000003e   Code   RO         5300    .text               c_w.l(strlen.o)
    0x08000656   0x08000656   0x00000096   Code   RO         5302    .text               c_w.l(strncmp.o)
    0x080006ec   0x080006ec   0x00000018   Code   RO         5304    .text               c_w.l(strcat.o)
    0x08000704   0x08000704   0x0000008a   Code   RO         5306    .text               c_w.l(rt_memcpy_v6.o)
    0x0800078e   0x0800078e   0x00000064   Code   RO         5308    .text               c_w.l(rt_memcpy_w.o)
    0x080007f2   0x080007f2   0x00000044   Code   RO         5310    .text               c_w.l(rt_memclr.o)
    0x08000836   0x08000836   0x0000004e   Code   RO         5312    .text               c_w.l(rt_memclr_w.o)
    0x08000884   0x08000884   0x00000006   Code   RO         5314    .text               c_w.l(heapauxi.o)
    0x0800088a   0x0800088a   0x00000002   Code   RO         5364    .text               c_w.l(use_no_semi.o)
    0x0800088c   0x0800088c   0x00000010   Code   RO         5369    .text               c_w.l(rt_ctype_table.o)
    0x0800089c   0x0800089c   0x00000008   Code   RO         5374    .text               c_w.l(rt_heap_descriptor_intlibspace.o)
    0x080008a4   0x080008a4   0x00000004   Code   RO         5376    .text               c_w.l(hguard.o)
    0x080008a8   0x080008a8   0x0000008a   Code   RO         5378    .text               c_w.l(init_alloc.o)
    0x08000932   0x08000932   0x0000000e   Code   RO         5382    .text               c_w.l(h1_init.o)
    0x08000940   0x08000940   0x00000016   Code   RO         5396    .text               c_w.l(_rserrno.o)
    0x08000956   0x08000956   0x000000b2   Code   RO         5398    .text               c_w.l(_printf_intcommon.o)
    0x08000a08   0x08000a08   0x00000030   Code   RO         5402    .text               c_w.l(_printf_char_common.o)
    0x08000a38   0x08000a38   0x0000000a   Code   RO         5404    .text               c_w.l(_sputc.o)
    0x08000a42   0x08000a42   0x00000010   Code   RO         5406    .text               c_w.l(_snputc.o)
    0x08000a52   0x08000a52   0x0000002c   Code   RO         5408    .text               c_w.l(_printf_char.o)
    0x08000a7e   0x08000a7e   0x00000002   PAD
    0x08000a80   0x08000a80   0x00000024   Code   RO         5410    .text               c_w.l(_printf_char_file.o)
    0x08000aa4   0x08000aa4   0x00000008   Code   RO         5508    .text               c_w.l(libspace.o)
    0x08000aac   0x08000aac   0x00000008   Code   RO         5529    .text               c_w.l(rt_locale_intlibspace.o)
    0x08000ab4   0x08000ab4   0x00000008   Code   RO         5534    .text               c_w.l(rt_errno_addr_intlibspace.o)
    0x08000abc   0x08000abc   0x00000034   Code   RO         5540    .text               c_w.l(h1_extend.o)
    0x08000af0   0x08000af0   0x00000008   Code   RO         5579    .text               c_w.l(ferror.o)
    0x08000af8   0x08000af8   0x0000000e   Code   RO         5589    .text               c_w.l(defsig_rtmem_outer.o)
    0x08000b06   0x08000b06   0x0000004a   Code   RO         5606    .text               c_w.l(sys_stackheap_outer.o)
    0x08000b50   0x08000b50   0x00000012   Code   RO         5612    .text               c_w.l(exit.o)
    0x08000b62   0x08000b62   0x0000000a   Code   RO         5614    .text               c_w.l(defsig_exit.o)
    0x08000b6c   0x08000b6c   0x00000050   Code   RO         5616    .text               c_w.l(defsig_rtmem_inner.o)
    0x08000bbc   0x08000bbc   0x00000080   Code   RO         5618    .text               c_w.l(strcmpv7m.o)
    0x08000c3c   0x08000c3c   0x00000032   Code   RO         5640    .text               c_w.l(defsig_general.o)
    0x08000c6e   0x08000c6e   0x00000052   Code   RO         2350    i.ADC_ConversionStop_Disable  stm32f1xx_hal_adc.o
    0x08000cc0   0x08000cc0   0x00000084   Code   RO         2354    i.ADC_Enable        stm32f1xx_hal_adc.o
    0x08000d44   0x08000d44   0x0000016c   Code   RO         5079    i.BASE64_Decode     base64.o
    0x08000eb0   0x08000eb0   0x00000144   Code   RO         5080    i.BASE64_Encode     base64.o
    0x08000ff4   0x08000ff4   0x00000004   Code   RO          456    i.BusFault_Handler  stm32f1xx_it.o
    0x08000ff8   0x08000ff8   0x00000002   Code   RO          457    i.DebugMon_Handler  stm32f1xx_it.o
    0x08000ffa   0x08000ffa   0x00000002   PAD
    0x08000ffc   0x08000ffc   0x00000014   Code   RO         4733    i.ESP8266_Clear     esp8266.o
    0x08001010   0x08001010   0x00000050   Code   RO         4734    i.ESP8266_GetIPD    esp8266.o
    0x08001060   0x08001060   0x0000021c   Code   RO         4735    i.ESP8266_Init      esp8266.o
    0x0800127c   0x0800127c   0x00000064   Code   RO         4736    i.ESP8266_SendCmd   esp8266.o
    0x080012e0   0x080012e0   0x0000004c   Code   RO         4737    i.ESP8266_SendData  esp8266.o
    0x0800132c   0x0800132c   0x00000034   Code   RO         4738    i.ESP8266_WaitRecive  esp8266.o
    0x08001360   0x08001360   0x00000014   Code   RO         4263    i.EXTI0_IRQHandler  exti.o
    0x08001374   0x08001374   0x00000014   Code   RO         4264    i.EXTI3_IRQHandler  exti.o
    0x08001388   0x08001388   0x00000014   Code   RO         4265    i.EXTI4_IRQHandler  exti.o
    0x0800139c   0x0800139c   0x00000044   Code   RO         1972    i.FSMC_NORSRAM_Extended_Timing_Init  stm32f1xx_ll_fsmc.o
    0x080013e0   0x080013e0   0x00000078   Code   RO         1973    i.FSMC_NORSRAM_Init  stm32f1xx_ll_fsmc.o
    0x08001458   0x08001458   0x00000042   Code   RO         1974    i.FSMC_NORSRAM_Timing_Init  stm32f1xx_ll_fsmc.o
    0x0800149a   0x0800149a   0x00000002   PAD
    0x0800149c   0x0800149c   0x00000104   Code   RO         2530    i.HAL_ADCEx_Calibration_Start  stm32f1xx_hal_adc_ex.o
    0x080015a0   0x080015a0   0x00000160   Code   RO         2356    i.HAL_ADC_ConfigChannel  stm32f1xx_hal_adc.o
    0x08001700   0x08001700   0x00000008   Code   RO         2363    i.HAL_ADC_GetValue  stm32f1xx_hal_adc.o
    0x08001708   0x08001708   0x00000160   Code   RO         2365    i.HAL_ADC_Init      stm32f1xx_hal_adc.o
    0x08001868   0x08001868   0x00000002   Code   RO         2368    i.HAL_ADC_MspInit   stm32f1xx_hal_adc.o
    0x0800186a   0x0800186a   0x00000002   PAD
    0x0800186c   0x0800186c   0x00000170   Code   RO         2369    i.HAL_ADC_PollForConversion  stm32f1xx_hal_adc.o
    0x080019dc   0x080019dc   0x00000130   Code   RO         2371    i.HAL_ADC_Start     stm32f1xx_hal_adc.o
    0x08001b0c   0x08001b0c   0x000001a8   Code   RO         1029    i.HAL_DMA_Abort_IT  stm32f1xx_hal_dma.o
    0x08001cb4   0x08001cb4   0x0000000c   Code   RO          531    i.HAL_Delay         delay.o
    0x08001cc0   0x08001cc0   0x00000064   Code   RO         4266    i.HAL_GPIO_EXTI_Callback  exti.o
    0x08001d24   0x08001d24   0x0000001c   Code   RO         1124    i.HAL_GPIO_EXTI_IRQHandler  stm32f1xx_hal_gpio.o
    0x08001d40   0x08001d40   0x00000340   Code   RO         1125    i.HAL_GPIO_Init     stm32f1xx_hal_gpio.o
    0x08002080   0x08002080   0x00000010   Code   RO         1127    i.HAL_GPIO_ReadPin  stm32f1xx_hal_gpio.o
    0x08002090   0x08002090   0x00000014   Code   RO         1128    i.HAL_GPIO_TogglePin  stm32f1xx_hal_gpio.o
    0x080020a4   0x080020a4   0x0000000c   Code   RO         1129    i.HAL_GPIO_WritePin  stm32f1xx_hal_gpio.o
    0x080020b0   0x080020b0   0x0000000c   Code   RO          742    i.HAL_GetTick       stm32f1xx_hal.o
    0x080020bc   0x080020bc   0x00000018   Code   RO          748    i.HAL_IncTick       stm32f1xx_hal.o
    0x080020d4   0x080020d4   0x00000028   Code   RO          749    i.HAL_Init          stm32f1xx_hal.o
    0x080020fc   0x080020fc   0x0000004c   Code   RO          750    i.HAL_InitTick      stm32f1xx_hal.o
    0x08002148   0x08002148   0x00000002   Code   RO          752    i.HAL_MspInit       stm32f1xx_hal.o
    0x0800214a   0x0800214a   0x00000020   Code   RO          907    i.HAL_NVIC_EnableIRQ  stm32f1xx_hal_cortex.o
    0x0800216a   0x0800216a   0x0000007c   Code   RO          913    i.HAL_NVIC_SetPriority  stm32f1xx_hal_cortex.o
    0x080021e6   0x080021e6   0x00000002   PAD
    0x080021e8   0x080021e8   0x00000028   Code   RO          914    i.HAL_NVIC_SetPriorityGrouping  stm32f1xx_hal_cortex.o
    0x08002210   0x08002210   0x00000134   Code   RO         1332    i.HAL_RCCEx_GetPeriphCLKFreq  stm32f1xx_hal_rcc_ex.o
    0x08002344   0x08002344   0x00000130   Code   RO         1333    i.HAL_RCCEx_PeriphCLKConfig  stm32f1xx_hal_rcc_ex.o
    0x08002474   0x08002474   0x0000018c   Code   RO         1225    i.HAL_RCC_ClockConfig  stm32f1xx_hal_rcc.o
    0x08002600   0x08002600   0x0000000c   Code   RO         1230    i.HAL_RCC_GetHCLKFreq  stm32f1xx_hal_rcc.o
    0x0800260c   0x0800260c   0x00000020   Code   RO         1232    i.HAL_RCC_GetPCLK1Freq  stm32f1xx_hal_rcc.o
    0x0800262c   0x0800262c   0x00000020   Code   RO         1233    i.HAL_RCC_GetPCLK2Freq  stm32f1xx_hal_rcc.o
    0x0800264c   0x0800264c   0x00000094   Code   RO         1234    i.HAL_RCC_GetSysClockFreq  stm32f1xx_hal_rcc.o
    0x080026e0   0x080026e0   0x00000464   Code   RO         1237    i.HAL_RCC_OscConfig  stm32f1xx_hal_rcc.o
    0x08002b44   0x08002b44   0x00000066   Code   RO         2094    i.HAL_SRAM_Init     stm32f1xx_hal_sram.o
    0x08002baa   0x08002baa   0x00000002   PAD
    0x08002bac   0x08002bac   0x00000090   Code   RO         3941    i.HAL_SRAM_MspInit  lcd.o
    0x08002c3c   0x08002c3c   0x00000034   Code   RO          918    i.HAL_SYSTICK_Config  stm32f1xx_hal_cortex.o
    0x08002c70   0x08002c70   0x00000002   Code   RO         3343    i.HAL_TIMEx_BreakCallback  stm32f1xx_hal_tim_ex.o
    0x08002c72   0x08002c72   0x00000002   Code   RO         3344    i.HAL_TIMEx_CommutCallback  stm32f1xx_hal_tim_ex.o
    0x08002c74   0x08002c74   0x00000002   Code   RO         2662    i.HAL_TIM_IC_CaptureCallback  stm32f1xx_hal_tim.o
    0x08002c76   0x08002c76   0x00000196   Code   RO         2676    i.HAL_TIM_IRQHandler  stm32f1xx_hal_tim.o
    0x08002e0c   0x08002e0c   0x00000002   Code   RO         2679    i.HAL_TIM_OC_DelayElapsedCallback  stm32f1xx_hal_tim.o
    0x08002e0e   0x08002e0e   0x00000002   Code   RO         2706    i.HAL_TIM_PWM_PulseFinishedCallback  stm32f1xx_hal_tim.o
    0x08002e10   0x08002e10   0x0000005c   Code   RO         4329    i.HAL_TIM_PeriodElapsedCallback  btim.o
    0x08002e6c   0x08002e6c   0x00000002   Code   RO         2719    i.HAL_TIM_TriggerCallback  stm32f1xx_hal_tim.o
    0x08002e6e   0x08002e6e   0x00000002   Code   RO         1388    i.HAL_UART_ErrorCallback  stm32f1xx_hal_uart.o
    0x08002e70   0x08002e70   0x00000154   Code   RO         1391    i.HAL_UART_IRQHandler  stm32f1xx_hal_uart.o
    0x08002fc4   0x08002fc4   0x00000072   Code   RO         1392    i.HAL_UART_Init     stm32f1xx_hal_uart.o
    0x08003036   0x08003036   0x00000002   PAD
    0x08003038   0x08003038   0x0000015c   Code   RO          648    i.HAL_UART_MspInit  usart.o
    0x08003194   0x08003194   0x00000070   Code   RO         1397    i.HAL_UART_Receive_IT  stm32f1xx_hal_uart.o
    0x08003204   0x08003204   0x00000108   Code   RO         4739    i.HAL_UART_RxCpltCallback  esp8266.o
    0x0800330c   0x0800330c   0x000000d2   Code   RO         1400    i.HAL_UART_Transmit  stm32f1xx_hal_uart.o
    0x080033de   0x080033de   0x00000002   Code   RO         1403    i.HAL_UART_TxCpltCallback  stm32f1xx_hal_uart.o
    0x080033e0   0x080033e0   0x00000004   Code   RO          458    i.HardFault_Handler  stm32f1xx_it.o
    0x080033e4   0x080033e4   0x00000020   Code   RO         3610    i.Led_Set           led.o
    0x08003404   0x08003404   0x0000001c   Code   RO         4801    i.MQTT_DeleteBuffer  mqttkit.o
    0x08003420   0x08003420   0x0000002e   Code   RO         4802    i.MQTT_DumpLength   mqttkit.o
    0x0800344e   0x0800344e   0x00000058   Code   RO         4803    i.MQTT_NewBuffer    mqttkit.o
    0x080034a6   0x080034a6   0x00000002   PAD
    0x080034a8   0x080034a8   0x000002a0   Code   RO         4805    i.MQTT_PacketConnect  mqttkit.o
    0x08003748   0x08003748   0x000001b8   Code   RO         4808    i.MQTT_PacketPublish  mqttkit.o
    0x08003900   0x08003900   0x00000064   Code   RO         4814    i.MQTT_PacketSaveData  mqttkit.o
    0x08003964   0x08003964   0x000000fe   Code   RO         4815    i.MQTT_PacketSubscribe  mqttkit.o
    0x08003a62   0x08003a62   0x00000046   Code   RO         4817    i.MQTT_ReadLength   mqttkit.o
    0x08003aa8   0x08003aa8   0x0000001e   Code   RO         4819    i.MQTT_UnPacketConnectAck  mqttkit.o
    0x08003ac6   0x08003ac6   0x00000002   PAD
    0x08003ac8   0x08003ac8   0x000001c0   Code   RO         4820    i.MQTT_UnPacketPublish  mqttkit.o
    0x08003c88   0x08003c88   0x0000001e   Code   RO         4821    i.MQTT_UnPacketPublishAck  mqttkit.o
    0x08003ca6   0x08003ca6   0x00000002   PAD
    0x08003ca8   0x08003ca8   0x00000074   Code   RO         4825    i.MQTT_UnPacketRecv  mqttkit.o
    0x08003d1c   0x08003d1c   0x00000034   Code   RO         4826    i.MQTT_UnPacketSubscribe  mqttkit.o
    0x08003d50   0x08003d50   0x00000004   Code   RO          459    i.MemManage_Handler  stm32f1xx_it.o
    0x08003d54   0x08003d54   0x00000002   Code   RO          460    i.NMI_Handler       stm32f1xx_it.o
    0x08003d56   0x08003d56   0x00000002   PAD
    0x08003d58   0x08003d58   0x00000118   Code   RO         4988    i.OTA_UrlEncode     onenet.o
    0x08003e70   0x08003e70   0x0000019c   Code   RO         4989    i.OneNET_Authorization  onenet.o
    0x0800400c   0x0800400c   0x00000098   Code   RO         4992    i.OneNET_Subscribe  onenet.o
    0x080040a4   0x080040a4   0x00000264   Code   RO         4993    i.OneNet_DevLink    onenet.o
    0x08004308   0x08004308   0x00000140   Code   RO         4994    i.OneNet_FillBuf    onenet.o
    0x08004448   0x08004448   0x0000019c   Code   RO         4995    i.OneNet_RevPro     onenet.o
    0x080045e4   0x080045e4   0x000000dc   Code   RO         4996    i.OneNet_SendData   onenet.o
    0x080046c0   0x080046c0   0x00000002   Code   RO          461    i.PendSV_Handler    stm32f1xx_it.o
    0x080046c2   0x080046c2   0x00000002   PAD
    0x080046c4   0x080046c4   0x00000028   Code   RO         1238    i.RCC_Delay         stm32f1xx_hal_rcc.o
    0x080046ec   0x080046ec   0x00000002   Code   RO          462    i.SVC_Handler       stm32f1xx_it.o
    0x080046ee   0x080046ee   0x00000008   Code   RO          463    i.SysTick_Handler   stm32f1xx_it.o
    0x080046f6   0x080046f6   0x00000002   Code   RO          289    i.SystemInit        system_stm32f1xx.o
    0x080046f8   0x080046f8   0x00000010   Code   RO         4330    i.TIM6_IRQHandler   btim.o
    0x08004708   0x08004708   0x00000014   Code   RO         1405    i.UART_DMAAbortOnError  stm32f1xx_hal_uart.o
    0x0800471c   0x0800471c   0x00000020   Code   RO         1415    i.UART_EndRxTransfer  stm32f1xx_hal_uart.o
    0x0800473c   0x0800473c   0x00000020   Code   RO         1416    i.UART_EndTransmit_IT  stm32f1xx_hal_uart.o
    0x0800475c   0x0800475c   0x000000a0   Code   RO         1418    i.UART_Receive_IT   stm32f1xx_hal_uart.o
    0x080047fc   0x080047fc   0x000000fc   Code   RO         1419    i.UART_SetConfig    stm32f1xx_hal_uart.o
    0x080048f8   0x080048f8   0x00000060   Code   RO         1420    i.UART_Transmit_IT  stm32f1xx_hal_uart.o
    0x08004958   0x08004958   0x0000006c   Code   RO         1421    i.UART_WaitOnFlagUntilTimeout  stm32f1xx_hal_uart.o
    0x080049c4   0x080049c4   0x00000010   Code   RO          649    i.USART1_IRQHandler  usart.o
    0x080049d4   0x080049d4   0x00000010   Code   RO          650    i.USART3_IRQHandler  usart.o
    0x080049e4   0x080049e4   0x00000004   Code   RO          464    i.UsageFault_Handler  stm32f1xx_it.o
    0x080049e8   0x080049e8   0x00000028   Code   RO         5495    i.__ARM_fpclassify  m_ws.l(fpclassify.o)
    0x08004a10   0x08004a10   0x00000010   Code   RO          920    i.__NVIC_GetPriorityGrouping  stm32f1xx_hal_cortex.o
    0x08004a20   0x08004a20   0x00000028   Code   RO          921    i.__NVIC_SetPriority  stm32f1xx_hal_cortex.o
    0x08004a48   0x08004a48   0x000000aa   Code   RO         5497    i.__kernel_poly     m_ws.l(poly.o)
    0x08004af2   0x08004af2   0x00000002   PAD
    0x08004af4   0x08004af4   0x00000010   Code   RO         5481    i.__mathlib_dbl_divzero  m_ws.l(dunder.o)
    0x08004b04   0x08004b04   0x00000004   Code   RO         5483    i.__mathlib_dbl_infnan2  m_ws.l(dunder.o)
    0x08004b08   0x08004b08   0x0000000c   Code   RO         5484    i.__mathlib_dbl_invalid  m_ws.l(dunder.o)
    0x08004b14   0x08004b14   0x0000000e   Code   RO         5485    i.__mathlib_dbl_overflow  m_ws.l(dunder.o)
    0x08004b22   0x08004b22   0x00000002   PAD
    0x08004b24   0x08004b24   0x00000010   Code   RO         5487    i.__mathlib_dbl_underflow  m_ws.l(dunder.o)
    0x08004b34   0x08004b34   0x0000000e   Code   RO         5270    i._is_digit         c_w.l(__printf_wp.o)
    0x08004b42   0x08004b42   0x00000004   Code   RO          652    i._sys_exit         usart.o
    0x08004b46   0x08004b46   0x00000004   Code   RO          653    i._ttywrch          usart.o
    0x08004b4a   0x08004b4a   0x0000001a   Code   RO         3817    i.adc3_channel_set  adc3.o
    0x08004b64   0x08004b64   0x0000002c   Code   RO         3818    i.adc3_get_result   adc3.o
    0x08004b90   0x08004b90   0x0000002c   Code   RO         3819    i.adc3_get_result_average  adc3.o
    0x08004bbc   0x08004bbc   0x000000a8   Code   RO         3820    i.adc3_init         adc3.o
    0x08004c64   0x08004c64   0x00000058   Code   RO         3865    i.beep_init         beep.o
    0x08004cbc   0x08004cbc   0x00000058   Code   RO         4391    i.cJSON_Delete      cjson.o
    0x08004d14   0x08004d14   0x0000001e   Code   RO         4400    i.cJSON_GetObjectItem  cjson.o
    0x08004d32   0x08004d32   0x00000002   PAD
    0x08004d34   0x08004d34   0x00000020   Code   RO         4403    i.cJSON_New_Item    cjson.o
    0x08004d54   0x08004d54   0x00000010   Code   RO         4404    i.cJSON_Parse       cjson.o
    0x08004d64   0x08004d64   0x00000064   Code   RO         4405    i.cJSON_ParseWithOpts  cjson.o
    0x08004dc8   0x08004dc8   0x0000004c   Code   RO         4411    i.cJSON_strcasecmp  cjson.o
    0x08004e14   0x08004e14   0x0000000c   Code   RO          532    i.delay_init        delay.o
    0x08004e20   0x08004e20   0x00000012   Code   RO          533    i.delay_ms          delay.o
    0x08004e32   0x08004e32   0x00000002   PAD
    0x08004e34   0x08004e34   0x00000048   Code   RO          534    i.delay_us          delay.o
    0x08004e7c   0x08004e7c   0x00000058   Code   RO         3889    i.dht11_check       dht11.o
    0x08004ed4   0x08004ed4   0x00000050   Code   RO         3890    i.dht11_init        dht11.o
    0x08004f24   0x08004f24   0x0000005c   Code   RO         3891    i.dht11_read_bit    dht11.o
    0x08004f80   0x08004f80   0x0000001e   Code   RO         3892    i.dht11_read_byte   dht11.o
    0x08004f9e   0x08004f9e   0x00000058   Code   RO         3893    i.dht11_read_data   dht11.o
    0x08004ff6   0x08004ff6   0x00000002   PAD
    0x08004ff8   0x08004ff8   0x00000034   Code   RO         3894    i.dht11_reset       dht11.o
    0x0800502c   0x0800502c   0x000000e4   Code   RO         4267    i.extix_init        exti.o
    0x08005110   0x08005110   0x0000001c   Code   RO          654    i.fputc             usart.o
    0x0800512c   0x0800512c   0x0000004c   Code   RO         5099    i.ft                hmac_sha1.o
    0x08005178   0x08005178   0x0000012e   Code   RO         5100    i.hmac_sha1         hmac_sha1.o
    0x080052a6   0x080052a6   0x00000002   PAD
    0x080052a8   0x080052a8   0x00000034   Code   RO         5101    i.k                 hmac_sha1.o
    0x080052dc   0x080052dc   0x00000034   Code   RO         3942    i.lcd_clear         lcd.o
    0x08005310   0x08005310   0x0000016c   Code   RO         3944    i.lcd_display_dir   lcd.o
    0x0800547c   0x0800547c   0x00000020   Code   RO         3950    i.lcd_draw_point    lcd.o
    0x0800549c   0x0800549c   0x0000022c   Code   RO         3952    i.lcd_ex_ili9341_reginit  lcd.o
    0x080056c8   0x080056c8   0x00000340   Code   RO         3953    i.lcd_ex_ili9806_reginit  lcd.o
    0x08005a08   0x08005a08   0x00000ef2   Code   RO         3954    i.lcd_ex_nt35310_reginit  lcd.o
    0x080068fa   0x080068fa   0x00000efc   Code   RO         3955    i.lcd_ex_nt35510_reginit  lcd.o
    0x080077f6   0x080077f6   0x0000016e   Code   RO         3956    i.lcd_ex_ssd1963_reginit  lcd.o
    0x08007964   0x08007964   0x000001a8   Code   RO         3957    i.lcd_ex_st7789_reginit  lcd.o
    0x08007b0c   0x08007b0c   0x000001c6   Code   RO         3958    i.lcd_ex_st7796_reginit  lcd.o
    0x08007cd2   0x08007cd2   0x00000002   PAD
    0x08007cd4   0x08007cd4   0x00000054   Code   RO         3959    i.lcd_fill          lcd.o
    0x08007d28   0x08007d28   0x00000454   Code   RO         3961    i.lcd_init          lcd.o
    0x0800817c   0x0800817c   0x0000000c   Code   RO         3962    i.lcd_opt_delay     lcd.o
    0x08008188   0x08008188   0x00000016   Code   RO         3963    i.lcd_pow           lcd.o
    0x0800819e   0x0800819e   0x00000002   PAD
    0x080081a0   0x080081a0   0x00000018   Code   RO         3964    i.lcd_rd_data       lcd.o
    0x080081b8   0x080081b8   0x0000023c   Code   RO         3966    i.lcd_scan_dir      lcd.o
    0x080083f4   0x080083f4   0x00000120   Code   RO         3967    i.lcd_set_cursor    lcd.o
    0x08008514   0x08008514   0x00000140   Code   RO         3969    i.lcd_show_char     lcd.o
    0x08008654   0x08008654   0x00000098   Code   RO         3970    i.lcd_show_num      lcd.o
    0x080086ec   0x080086ec   0x0000006a   Code   RO         3971    i.lcd_show_string   lcd.o
    0x08008756   0x08008756   0x000000c6   Code   RO         3972    i.lcd_show_xnum     lcd.o
    0x0800881c   0x0800881c   0x00000054   Code   RO         3973    i.lcd_ssd_backlight_set  lcd.o
    0x08008870   0x08008870   0x00000018   Code   RO         3974    i.lcd_wr_data       lcd.o
    0x08008888   0x08008888   0x00000018   Code   RO         3975    i.lcd_wr_regno      lcd.o
    0x080088a0   0x080088a0   0x00000014   Code   RO         3976    i.lcd_write_ram_prepare  lcd.o
    0x080088b4   0x080088b4   0x00000010   Code   RO         3977    i.lcd_write_reg     lcd.o
    0x080088c4   0x080088c4   0x00000090   Code   RO         3611    i.led_init          led.o
    0x08008954   0x08008954   0x00000022   Code   RO         4202    i.lsens_get_val     lsens.o
    0x08008976   0x08008976   0x00000002   PAD
    0x08008978   0x08008978   0x00000044   Code   RO         4203    i.lsens_init        lsens.o
    0x080089bc   0x080089bc   0x0000033c   Code   RO           14    i.main              main.o
    0x08008cf8   0x08008cf8   0x000000ac   Code   RO         4415    i.parse_array       cjson.o
    0x08008da4   0x08008da4   0x00000114   Code   RO         4416    i.parse_hex4        cjson.o
    0x08008eb8   0x08008eb8   0x000001bc   Code   RO         4417    i.parse_number      cjson.o
    0x08009074   0x08009074   0x00000114   Code   RO         4418    i.parse_object      cjson.o
    0x08009188   0x08009188   0x000001cc   Code   RO         4419    i.parse_string      cjson.o
    0x08009354   0x08009354   0x000000bc   Code   RO         4420    i.parse_value       cjson.o
    0x08009410   0x08009410   0x000009d8   Code   RO         5355    i.pow               m_ws.l(pow.o)
    0x08009de8   0x08009de8   0x0000002e   Code   RO         5102    i.rotl              hmac_sha1.o
    0x08009e16   0x08009e16   0x00000002   PAD
    0x08009e18   0x08009e18   0x00000284   Code   RO         5104    i.sha1              hmac_sha1.o
    0x0800a09c   0x0800a09c   0x00000012   Code   RO         4428    i.skip              cjson.o
    0x0800a0ae   0x0800a0ae   0x0000004c   Code   RO         5501    i.sqrt              m_ws.l(sqrt.o)
    0x0800a0fa   0x0800a0fa   0x00000066   Code   RO          581    i.sys_stm32_clock_init  sys.o
    0x0800a160   0x0800a160   0x0000002c   Code   RO          655    i.usart1_init       usart.o
    0x0800a18c   0x0800a18c   0x0000002c   Code   RO          656    i.usart3_init       usart.o
    0x0800a1b8   0x0800a1b8   0x0000002c   Code   RO         5584    locale$$code        c_w.l(lc_ctype_c.o)
    0x0800a1e4   0x0800a1e4   0x00000150   Code   RO         5318    x$fpl$dadd          fz_ws.l(daddsub_clz.o)
    0x0800a334   0x0800a334   0x00000010   Code   RO         5598    x$fpl$dcheck1       fz_ws.l(dcheck1.o)
    0x0800a344   0x0800a344   0x00000018   Code   RO         5466    x$fpl$dcmpinf       fz_ws.l(dcmpi.o)
    0x0800a35c   0x0800a35c   0x000002b0   Code   RO         5469    x$fpl$ddiv          fz_ws.l(ddiv.o)
    0x0800a60c   0x0800a60c   0x0000005e   Code   RO         5326    x$fpl$dfix          fz_ws.l(dfix.o)
    0x0800a66a   0x0800a66a   0x00000002   PAD
    0x0800a66c   0x0800a66c   0x0000005a   Code   RO         5330    x$fpl$dfixu         fz_ws.l(dfixu.o)
    0x0800a6c6   0x0800a6c6   0x0000002e   Code   RO         5335    x$fpl$dflt          fz_ws.l(dflt_clz.o)
    0x0800a6f4   0x0800a6f4   0x00000026   Code   RO         5334    x$fpl$dfltu         fz_ws.l(dflt_clz.o)
    0x0800a71a   0x0800a71a   0x00000002   PAD
    0x0800a71c   0x0800a71c   0x00000078   Code   RO         5340    x$fpl$dleqf         fz_ws.l(dleqf.o)
    0x0800a794   0x0800a794   0x00000154   Code   RO         5342    x$fpl$dmul          fz_ws.l(dmul.o)
    0x0800a8e8   0x0800a8e8   0x0000009c   Code   RO         5472    x$fpl$dnaninf       fz_ws.l(dnaninf.o)
    0x0800a984   0x0800a984   0x0000000c   Code   RO         5474    x$fpl$dretinf       fz_ws.l(dretinf.o)
    0x0800a990   0x0800a990   0x0000006c   Code   RO         5344    x$fpl$drleqf        fz_ws.l(drleqf.o)
    0x0800a9fc   0x0800a9fc   0x00000016   Code   RO         5319    x$fpl$drsb          fz_ws.l(daddsub_clz.o)
    0x0800aa12   0x0800aa12   0x00000002   PAD
    0x0800aa14   0x0800aa14   0x000001cc   Code   RO         5600    x$fpl$dsqrt         fz_ws.l(dsqrt_noumaal.o)
    0x0800abe0   0x0800abe0   0x000001d4   Code   RO         5320    x$fpl$dsub          fz_ws.l(daddsub_clz.o)
    0x0800adb4   0x0800adb4   0x00000064   Code   RO         5630    x$fpl$retnan        fz_ws.l(retnan.o)
    0x0800ae18   0x0800ae18   0x0000005c   Code   RO         5478    x$fpl$scalbn        fz_ws.l(scalbn.o)
    0x0800ae74   0x0800ae74   0x00000030   Code   RO         5660    x$fpl$trapveneer    fz_ws.l(trapv.o)
    0x0800aea4   0x0800aea4   0x00000000   Code   RO         5480    x$fpl$usenofp       fz_ws.l(usenofp.o)
    0x0800aea4   0x0800aea4   0x00000018   Data   RO          290    .constdata          system_stm32f1xx.o
    0x0800aebc   0x0800aebc   0x00002f80   Data   RO         3979    .constdata          lcd.o
    0x0800de3c   0x0800de3c   0x00000007   Data   RO         4431    .constdata          cjson.o
    0x0800de43   0x0800de43   0x000000c0   Data   RO         5081    .constdata          base64.o
    0x0800df03   0x0800df03   0x00000011   Data   RO         5273    .constdata          c_w.l(__printf_flags_wp.o)
    0x0800df14   0x0800df14   0x00000004   PAD
    0x0800df18   0x0800df18   0x00000088   Data   RO         5356    .constdata          m_ws.l(pow.o)
    0x0800dfa0   0x0800dfa0   0x00000008   Data   RO         5499    .constdata          m_ws.l(qnan.o)
    0x0800dfa8   0x0800dfa8   0x00000047   Data   RO         4998    .conststring        onenet.o
    0x0800dfef   0x0800dfef   0x00000001   PAD
    0x0800dff0   0x0800dff0   0x00000020   Data   RO         5690    Region$$Table       anon$$obj.o
    0x0800e010   0x0800e010   0x00000110   Data   RO         5583    locale$$data        c_w.l(lc_ctype_c.o)


    Execution Region RW_IRAM1 (Exec base: 0x20000000, Load base: 0x0800e120, Size: 0x00000eb8, Max: 0x00010000, ABSOLUTE)

    Exec Addr    Load Addr    Size         Type   Attr      Idx    E Section Name        Object

    0x20000000   0x0800e120   0x00000006   Data   RW           17    .data               main.o
    0x20000006   0x0800e126   0x00000002   PAD
    0x20000008   0x0800e128   0x00000004   Data   RW          291    .data               system_stm32f1xx.o
    0x2000000c   0x0800e12c   0x00000004   Data   RW          535    .data               delay.o
    0x20000010   0x0800e130   0x00000007   Data   RW          658    .data               usart.o
    0x20000017   0x0800e137   0x00000001   PAD
    0x20000018   0x0800e138   0x00000009   Data   RW          756    .data               stm32f1xx_hal.o
    0x20000021   0x0800e141   0x00000001   Data   RW         3612    .data               led.o
    0x20000022   0x0800e142   0x00000002   PAD
    0x20000024   0x0800e144   0x00000008   Data   RW         3980    .data               lcd.o
    0x2000002c   0x0800e14c   0x0000000c   Data   RW         4432    .data               cjson.o
    0x20000038   0x0800e158   0x00000005   Data   RW         4741    .data               esp8266.o
    0x2000003d   0x0800e15d   0x00000001   PAD
    0x2000003e   0x0800e15e   0x00000002   Data   RW         4999    .data               onenet.o
    0x20000040        -       0x00000148   Zero   RW          657    .bss                usart.o
    0x20000188        -       0x00000030   Zero   RW         3821    .bss                adc3.o
    0x200001b8        -       0x00000056   Zero   RW         3978    .bss                lcd.o
    0x2000020e   0x0800e160   0x00000002   PAD
    0x20000210        -       0x00000048   Zero   RW         4332    .bss                btim.o
    0x20000258        -       0x00000200   Zero   RW         4740    .bss                esp8266.o
    0x20000458        -       0x00000060   Zero   RW         5509    .bss                c_w.l(libspace.o)
    0x200004b8        -       0x00000200   Zero   RW            2    HEAP                startup_stm32f103xe.o
    0x200006b8        -       0x00000800   Zero   RW            1    STACK               startup_stm32f103xe.o


==============================================================================

Image component sizes


      Code (inc. data)   RO Data    RW Data    ZI Data      Debug   Object Name

       282         20          0          0         48       3171   adc3.o
       688          8        192          0          0       3084   base64.o
        88         10          0          0          0        880   beep.o
       108         22          0          0         72       1793   btim.o
      2176         82          7         12          0      12377   cjson.o
       114         10          0          4          0       2387   delay.o
       430         24          0          0          0       3886   dht11.o
      1132        416          0          5        512       5479   esp8266.o
       388         50          0          0          0       3278   exti.o
      1120         30          0          0          0       4439   hmac_sha1.o
     13940        166      12160          8         86      27105   lcd.o
       176         22          0          1          0     432576   led.o
       102          8          0          0          0       1441   lsens.o
       828        184          0          6          0       6628   main.o
      2374         58          0          0          0      13988   mqttkit.o
      2408       1046         71          2          0      10647   onenet.o
        64         26        304          0       2560        940   startup_stm32f103xe.o
       154         32          0          9          0       6439   stm32f1xx_hal.o
      1600         64          0          0          0      10062   stm32f1xx_hal_adc.o
       260          4          0          0          0       2162   stm32f1xx_hal_adc_ex.o
       304         22          0          0          0      29495   stm32f1xx_hal_cortex.o
       424         10          0          0          0       1255   stm32f1xx_hal_dma.o
       908         44          0          0          0       4615   stm32f1xx_hal_gpio.o
      1784        110          0          0          0       6096   stm32f1xx_hal_rcc.o
       612         46          0          0          0       2453   stm32f1xx_hal_rcc_ex.o
       102          0          0          0          0       1912   stm32f1xx_hal_sram.o
       414          0          0          0          0       3562   stm32f1xx_hal_tim.o
         4          0          0          0          0       1549   stm32f1xx_hal_tim_ex.o
      1480         10          0          0          0       9719   stm32f1xx_hal_uart.o
        32          0          0          0          0       3942   stm32f1xx_it.o
       254         10          0          0          0       5247   stm32f1xx_ll_fsmc.o
       102          0          0          0          0        719   sys.o
         2          0         24          4          0     516571   system_stm32f1xx.o
       504         58          0          7        328       6556   usart.o

    ----------------------------------------------------------------------
     35396       2592      12791         64       3608    1146453   Object Totals
         0          0         32          0          0          0   (incl. Generated)
        38          0          1          6          2          0   (incl. Padding)

    ----------------------------------------------------------------------

      Code (inc. data)   RO Data    RW Data    ZI Data      Debug   Library Member Name

         8          0          0          0          0         68   __main.o
       312          4         17          0          0         92   __printf_flags_wp.o
        14          0          0          0          0         68   __printf_wp.o
         0          0          0          0          0          0   __rtentry.o
        12          0          0          0          0          0   __rtentry2.o
         6          0          0          0          0          0   __rtentry4.o
        52          8          0          0          0          0   __scatter.o
        26          0          0          0          0          0   __scatter_copy.o
        28          0          0          0          0          0   __scatter_zi.o
        44          0          0          0          0        108   _printf_char.o
        48          6          0          0          0         96   _printf_char_common.o
        36          4          0          0          0         80   _printf_char_file.o
         6          0          0          0          0          0   _printf_d.o
       120         16          0          0          0         92   _printf_dec.o
       178          0          0          0          0         88   _printf_intcommon.o
         0          0          0          0          0          0   _printf_percent.o
         4          0          0          0          0          0   _printf_percent_end.o
         6          0          0          0          0          0   _printf_s.o
        82          0          0          0          0         80   _printf_str.o
        22          0          0          0          0        100   _rserrno.o
        16          0          0          0          0         68   _snputc.o
        10          0          0          0          0         68   _sputc.o
        10          0          0          0          0         68   defsig_exit.o
        50          0          0          0          0         88   defsig_general.o
        80         58          0          0          0         76   defsig_rtmem_inner.o
        14          0          0          0          0         80   defsig_rtmem_outer.o
        18          0          0          0          0         80   exit.o
         8          0          0          0          0         68   ferror.o
        94          0          0          0          0         80   h1_alloc.o
        52          0          0          0          0         68   h1_extend.o
        78          0          0          0          0         80   h1_free.o
        14          0          0          0          0         84   h1_init.o
         6          0          0          0          0        152   heapauxi.o
         4          0          0          0          0        136   hguard.o
       138          0          0          0          0        168   init_alloc.o
        44         10        272          0          0         76   lc_ctype_c.o
         2          0          0          0          0          0   libinit.o
        28          0          0          0          0          0   libinit2.o
         2          0          0          0          0          0   libshutdown.o
         2          0          0          0          0          0   libshutdown2.o
         8          4          0          0         96         68   libspace.o
         0          0          0          0          0          0   maybetermalloc1.o
        24          4          0          0          0         84   noretval__2printf.o
        52          4          0          0          0         84   noretval__2snprintf.o
        40          6          0          0          0         84   noretval__2sprintf.o
        16          4          0          0          0         76   rt_ctype_table.o
         8          4          0          0          0         68   rt_errno_addr_intlibspace.o
         8          4          0          0          0         68   rt_heap_descriptor_intlibspace.o
         8          4          0          0          0         68   rt_locale_intlibspace.o
        68          0          0          0          0         68   rt_memclr.o
        78          0          0          0          0         80   rt_memclr_w.o
       138          0          0          0          0         68   rt_memcpy_v6.o
       100          0          0          0          0         80   rt_memcpy_w.o
         2          0          0          0          0          0   rtexit.o
        10          0          0          0          0          0   rtexit2.o
        24          0          0          0          0         68   strcat.o
        20          0          0          0          0         68   strchr.o
       128          0          0          0          0         68   strcmpv7m.o
        72          0          0          0          0         80   strcpy.o
        62          0          0          0          0         76   strlen.o
        36          0          0          0          0         76   strncat.o
       150          0          0          0          0         80   strncmp.o
        36          0          0          0          0         80   strstr.o
        74          0          0          0          0         80   sys_stackheap_outer.o
        26          0          0          0          0         76   tolower.o
         2          0          0          0          0         68   use_no_semi.o
         2          0          0          0          0         68   use_no_semi_2.o
       826         16          0          0          0        348   daddsub_clz.o
        16          4          0          0          0         68   dcheck1.o
        24          0          0          0          0         68   dcmpi.o
       688        140          0          0          0        208   ddiv.o
        94          4          0          0          0         92   dfix.o
        90          4          0          0          0         92   dfixu.o
        84          0          0          0          0        136   dflt_clz.o
       120          4          0          0          0         92   dleqf.o
       340         12          0          0          0        104   dmul.o
       156          4          0          0          0         92   dnaninf.o
        12          0          0          0          0         68   dretinf.o
       108          0          0          0          0         80   drleqf.o
       460         56          0          0          0        120   dsqrt_noumaal.o
       100          0          0          0          0         68   retnan.o
        92          0          0          0          0         68   scalbn.o
        48          0          0          0          0         68   trapv.o
         0          0          0          0          0          0   usenofp.o
        62         10          0          0          0        340   dunder.o
        40          0          0          0          0         68   fpclassify.o
       170          0          0          0          0         96   poly.o
      2520        190        136          0          0        324   pow.o
         0          0          8          0          0          0   qnan.o
        76          0          0          0          0         84   sqrt.o

    ----------------------------------------------------------------------
      9008        584        437          0         96       6780   Library Totals
        16          0          4          0          0          0   (incl. Padding)

    ----------------------------------------------------------------------

      Code (inc. data)   RO Data    RW Data    ZI Data      Debug   Library Name

      2866        140        289          0         96       4096   c_w.l
      3258        244          0          0          0       1772   fz_ws.l
      2868        200        144          0          0        912   m_ws.l

    ----------------------------------------------------------------------
      9008        584        437          0         96       6780   Library Totals

    ----------------------------------------------------------------------

==============================================================================


      Code (inc. data)   RO Data    RW Data    ZI Data      Debug   

     44404       3176      13228         64       3704    1140333   Grand Totals
     44404       3176      13228         64       3704    1140333   ELF Image Totals
     44404       3176      13228         64          0          0   ROM Totals

==============================================================================

    Total RO  Size (Code + RO Data)                57632 (  56.28kB)
    Total RW  Size (RW Data + ZI Data)              3768 (   3.68kB)
    Total ROM Size (Code + RO Data + RW Data)      57696 (  56.34kB)

==============================================================================

