Component: ARM Compiler 5.06 update 7 (build 960) Tool: armlink [4d3601]

==============================================================================

Section Cross References

    startup_stm32f103xe.o(STACK) refers (Special) to heapauxi.o(.text) for __use_two_region_memory
    startup_stm32f103xe.o(HEAP) refers (Special) to heapauxi.o(.text) for __use_two_region_memory
    startup_stm32f103xe.o(RESET) refers (Special) to heapauxi.o(.text) for __use_two_region_memory
    startup_stm32f103xe.o(RESET) refers to startup_stm32f103xe.o(STACK) for __initial_sp
    startup_stm32f103xe.o(RESET) refers to startup_stm32f103xe.o(.text) for Reset_Handler
    startup_stm32f103xe.o(RESET) refers to stm32f1xx_it.o(i.NMI_Handler) for NMI_Handler
    startup_stm32f103xe.o(RESET) refers to stm32f1xx_it.o(i.HardFault_Handler) for HardFault_Handler
    startup_stm32f103xe.o(RESET) refers to stm32f1xx_it.o(i.MemManage_Handler) for MemManage_Handler
    startup_stm32f103xe.o(RESET) refers to stm32f1xx_it.o(i.BusFault_Handler) for BusFault_Handler
    startup_stm32f103xe.o(RESET) refers to stm32f1xx_it.o(i.UsageFault_Handler) for UsageFault_Handler
    startup_stm32f103xe.o(RESET) refers to stm32f1xx_it.o(i.SVC_Handler) for SVC_Handler
    startup_stm32f103xe.o(RESET) refers to stm32f1xx_it.o(i.DebugMon_Handler) for DebugMon_Handler
    startup_stm32f103xe.o(RESET) refers to stm32f1xx_it.o(i.PendSV_Handler) for PendSV_Handler
    startup_stm32f103xe.o(RESET) refers to stm32f1xx_it.o(i.SysTick_Handler) for SysTick_Handler
    startup_stm32f103xe.o(RESET) refers to exti.o(i.EXTI3_IRQHandler) for EXTI3_IRQHandler
    startup_stm32f103xe.o(RESET) refers to exti.o(i.EXTI4_IRQHandler) for EXTI4_IRQHandler
    startup_stm32f103xe.o(RESET) refers to usart.o(i.USART1_IRQHandler) for USART1_IRQHandler
    startup_stm32f103xe.o(RESET) refers to usart2.o(i.USART2_IRQHandler) for USART2_IRQHandler
    startup_stm32f103xe.o(RESET) refers to usart3.o(i.USART3_IRQHandler) for USART3_IRQHandler
    startup_stm32f103xe.o(RESET) refers to btim.o(i.TIM6_IRQHandler) for TIM6_IRQHandler
    startup_stm32f103xe.o(RESET) refers to timer7.o(i.TIM7_IRQHandler) for TIM7_IRQHandler
    startup_stm32f103xe.o(.text) refers (Special) to heapauxi.o(.text) for __use_two_region_memory
    startup_stm32f103xe.o(.text) refers to system_stm32f1xx.o(i.SystemInit) for SystemInit
    startup_stm32f103xe.o(.text) refers to __main.o(!!!main) for __main
    startup_stm32f103xe.o(.text) refers to startup_stm32f103xe.o(HEAP) for Heap_Mem
    startup_stm32f103xe.o(.text) refers to startup_stm32f103xe.o(STACK) for Stack_Mem
    main.o(i.main) refers to stm32f1xx_hal.o(i.HAL_Init) for HAL_Init
    main.o(i.main) refers to sys.o(i.sys_stm32_clock_init) for sys_stm32_clock_init
    main.o(i.main) refers to delay.o(i.delay_init) for delay_init
    main.o(i.main) refers to usart.o(i.usart1_init) for usart1_init
    main.o(i.main) refers to usart2.o(i.usart2_init) for usart2_init
    main.o(i.main) refers to usart3.o(i.usart3_init) for usart3_init
    main.o(i.main) refers to beep.o(i.beep_init) for beep_init
    main.o(i.main) refers to lcd.o(i.lcd_init) for lcd_init
    main.o(i.main) refers to as608.o(i.PS_StaGPIO_Init) for PS_StaGPIO_Init
    main.o(i.main) refers to led.o(i.led_init) for led_init
    main.o(i.main) refers to key.o(i.key_init) for key_init
    main.o(i.main) refers to rc522.o(i.RC522_Init) for RC522_Init
    main.o(i.main) refers to servo.o(i.Servo_Init) for Servo_Init
    main.o(i.main) refers to exti.o(i.extix_init) for extix_init
    main.o(i.main) refers to servo.o(i.Servo_SetAngle) for Servo_SetAngle
    main.o(i.main) refers to norflash.o(i.norflash_init) for norflash_init
    main.o(i.main) refers to malloc.o(i.my_mem_init) for my_mem_init
    main.o(i.main) refers to ff.o(i.f_mount) for f_mount
    main.o(i.main) refers to lcd.o(i.lcd_show_string) for lcd_show_string
    main.o(i.main) refers to delay.o(i.delay_ms) for delay_ms
    main.o(i.main) refers to lcd.o(i.lcd_fill) for lcd_fill
    main.o(i.main) refers to fonts.o(i.fonts_init) for fonts_init
    main.o(i.main) refers to stm32f1xx_hal_gpio.o(i.HAL_GPIO_WritePin) for HAL_GPIO_WritePin
    main.o(i.main) refers to stm32f1xx_hal_uart.o(i.HAL_UART_Receive_IT) for HAL_UART_Receive_IT
    main.o(i.main) refers to esp8266.o(i.ESP8266_Init) for ESP8266_Init
    main.o(i.main) refers to hc05.o(i.HC05_Init) for HC05_Init
    main.o(i.main) refers to text.o(i.text_show_string_middle) for text_show_string_middle
    main.o(i.main) refers to text.o(i.text_show_string) for text_show_string
    main.o(i.main) refers to key.o(i.key_scan) for key_scan
    main.o(i.main) refers to password.o(i.MAIN_MENU) for MAIN_MENU
    main.o(i.main) refers to as608.o(i.PS_MAINMENU) for PS_MAINMENU
    main.o(i.main) refers to as608.o(i.AS608_get_keynum) for AS608_get_keynum
    main.o(i.main) refers to as608.o(i.Del_FR) for Del_FR
    main.o(i.main) refers to as608.o(i.Add_FR) for Add_FR
[...]
    usart2_init                              0x080107a9   Thumb Code   184  usart2.o(i.usart2_init)
    usart3_init                              0x08010879   Thumb Code    34  usart3.o(i.usart3_init)
    _get_lc_ctype                            0x080108a5   Thumb Code    44  lc_ctype_c.o(locale$$code)
    _get_lc_numeric                          0x080108d1   Thumb Code    44  lc_numeric_c.o(locale$$code)
    __aeabi_dadd                             0x080108fd   Thumb Code     0  daddsub_clz.o(x$fpl$dadd)
    _dadd                                    0x080108fd   Thumb Code   332  daddsub_clz.o(x$fpl$dadd)
    __fpl_dcheck_NaN1                        0x08010a4d   Thumb Code    10  dcheck1.o(x$fpl$dcheck1)
    __fpl_dcmp_Inf                           0x08010a5d   Thumb Code    24  dcmpi.o(x$fpl$dcmpinf)
    __aeabi_ddiv                             0x08010a75   Thumb Code     0  ddiv.o(x$fpl$ddiv)
    _ddiv                                    0x08010a75   Thumb Code   552  ddiv.o(x$fpl$ddiv)
    __aeabi_d2iz                             0x08010d25   Thumb Code     0  dfix.o(x$fpl$dfix)
    _dfix                                    0x08010d25   Thumb Code    94  dfix.o(x$fpl$dfix)
    __aeabi_d2uiz                            0x08010d85   Thumb Code     0  dfixu.o(x$fpl$dfixu)
    _dfixu                                   0x08010d85   Thumb Code    90  dfixu.o(x$fpl$dfixu)
    __aeabi_i2d                              0x08010ddf   Thumb Code     0  dflt_clz.o(x$fpl$dflt)
    _dflt                                    0x08010ddf   Thumb Code    46  dflt_clz.o(x$fpl$dflt)
    __aeabi_ui2d                             0x08010e0d   Thumb Code     0  dflt_clz.o(x$fpl$dfltu)
    _dfltu                                   0x08010e0d   Thumb Code    38  dflt_clz.o(x$fpl$dfltu)
    __aeabi_cdcmple                          0x08010e35   Thumb Code     0  dleqf.o(x$fpl$dleqf)
    _dcmple                                  0x08010e35   Thumb Code   120  dleqf.o(x$fpl$dleqf)
    __fpl_dcmple_InfNaN                      0x08010e97   Thumb Code     0  dleqf.o(x$fpl$dleqf)
    __aeabi_dmul                             0x08010ead   Thumb Code     0  dmul.o(x$fpl$dmul)
    _dmul                                    0x08010ead   Thumb Code   332  dmul.o(x$fpl$dmul)
    __fpl_dnaninf                            0x08011001   Thumb Code   156  dnaninf.o(x$fpl$dnaninf)
    __fpl_dretinf                            0x0801109d   Thumb Code    12  dretinf.o(x$fpl$dretinf)
    __aeabi_cdrcmple                         0x080110a9   Thumb Code     0  drleqf.o(x$fpl$drleqf)
    _drcmple                                 0x080110a9   Thumb Code   108  drleqf.o(x$fpl$drleqf)
    __aeabi_drsub                            0x08011115   Thumb Code     0  daddsub_clz.o(x$fpl$drsb)
    _drsb                                    0x08011115   Thumb Code    22  daddsub_clz.o(x$fpl$drsb)
    _dsqrt                                   0x0801112d   Thumb Code   456  dsqrt_noumaal.o(x$fpl$dsqrt)
    __aeabi_dsub                             0x080112f9   Thumb Code     0  daddsub_clz.o(x$fpl$dsub)
    _dsub                                    0x080112f9   Thumb Code   464  daddsub_clz.o(x$fpl$dsub)
    __aeabi_fadd                             0x080114cd   Thumb Code     0  faddsub_clz.o(x$fpl$fadd)
    _fadd                                    0x080114cd   Thumb Code   196  faddsub_clz.o(x$fpl$fadd)
    __aeabi_fdiv                             0x08011591   Thumb Code     0  fdiv.o(x$fpl$fdiv)
    _fdiv                                    0x08011591   Thumb Code   384  fdiv.o(x$fpl$fdiv)
    __aeabi_f2uiz                            0x08011715   Thumb Code     0  ffixu.o(x$fpl$ffixu)
    _ffixu                                   0x08011715   Thumb Code    62  ffixu.o(x$fpl$ffixu)
    __aeabi_i2f                              0x08011755   Thumb Code     0  fflt_clz.o(x$fpl$fflt)
    _fflt                                    0x08011755   Thumb Code    48  fflt_clz.o(x$fpl$fflt)
    __aeabi_fmul                             0x08011785   Thumb Code     0  fmul.o(x$fpl$fmul)
    _fmul                                    0x08011785   Thumb Code   258  fmul.o(x$fpl$fmul)
    __fpl_fnaninf                            0x08011887   Thumb Code   140  fnaninf.o(x$fpl$fnaninf)
    __fpl_fretinf                            0x08011913   Thumb Code    10  fretinf.o(x$fpl$fretinf)
    __aeabi_fsub                             0x0801191d   Thumb Code     0  faddsub_clz.o(x$fpl$fsub)
    _fsub                                    0x0801191d   Thumb Code   234  faddsub_clz.o(x$fpl$fsub)
    _printf_fp_dec                           0x08011a07   Thumb Code     4  printf1.o(x$fpl$printf1)
    _printf_fp_hex                           0x08011a0b   Thumb Code     4  printf2.o(x$fpl$printf2)
    __fpl_return_NaN                         0x08011a0f   Thumb Code   100  retnan.o(x$fpl$retnan)
    __ARM_scalbn                             0x08011a73   Thumb Code    92  scalbn.o(x$fpl$scalbn)
    __fpl_cmpreturn                          0x08011acf   Thumb Code    48  trapv.o(x$fpl$trapveneer)
    AHBPrescTable                            0x08011afe   Data          16  system_stm32f1xx.o(.constdata)
    __I$use$fp                               0x08011afe   Number         0  usenofp.o(x$fpl$usenofp)
    APBPrescTable                            0x08011b0e   Data           8  system_stm32f1xx.o(.constdata)
    asc2_1206                                0x08011b16   Data        1140  lcd.o(.constdata)
    asc2_1608                                0x08011f8a   Data        1520  lcd.o(.constdata)
    asc2_2412                                0x0801257a   Data        3420  lcd.o(.constdata)
    asc2_3216                                0x080132d6   Data        6080  lcd.o(.constdata)
    TP_REMIND_MSG_TBL                        0x08014a98   Data           4  touch.o(.constdata)
    memtblsize                               0x08014a9c   Data           8  malloc.o(.constdata)
    memblksize                               0x08014aa4   Data           8  malloc.o(.constdata)
    memsize                                  0x08014aac   Data           8  malloc.o(.constdata)
    __mathlib_zero                           0x08014c48   Data           8  qnan.o(.constdata)
    Region$$Table$$Base                      0x08014e34   Number         0  anon$$obj.o(Region$$Table)
    Region$$Table$$Limit                     0x08014e54   Number         0  anon$$obj.o(Region$$Table)
    __ctype                                  0x08014e61   Data           0  lc_ctype_c.o(locale$$data)
    ID1                                      0x20000000   Data           1  main.o(.data)
    ID2                                      0x20000001   Data           1  main.o(.data)
    ID3                                      0x20000002   Data           1  main.o(.data)
    ID4                                      0x20000003   Data           1  main.o(.data)
    ID5                                      0x20000004   Data           1  main.o(.data)
    Card_ID_TEST                             0x20000005   Data           8  main.o(.data)
    Card_ID_READ                             0x2000000d   Data           8  main.o(.data)
    processsum                               0x20000015   Data           1  main.o(.data)
    hc_pwd                                   0x20000016   Data           4  main.o(.data)
    initial_pwd                              0x2000001a   Data           4  main.o(.data)
    SystemCoreClock                          0x20000020   Data           4  system_stm32f1xx.o(.data)
    __stdout                                 0x20000028   Data           4  usart.o(.data)
    USART1_RX_STA                            0x2000002c   Data           2  usart.o(.data)
    uwTick                                   0x20000030   Data           4  stm32f1xx_hal.o(.data)
    uwTickPrio                               0x20000034   Data           4  stm32f1xx_hal.o(.data)
    uwTickFreq                               0x20000038   Data           1  stm32f1xx_hal.o(.data)
    beep_info                                0x20000039   Data           1  beep.o(.data)
    g_point_color                            0x2000003c   Data           4  lcd.o(.data)
    g_back_color                             0x20000040   Data           4  lcd.o(.data)
    led_info                                 0x20000044   Data           1  led.o(.data)
    CT                                       0x20000045   Data           2  rc522.o(.data)
    SN                                       0x20000047   Data           4  rc522.o(.data)
    lxl_bit                                  0x2000004b   Data           1  rc522.o(.data)
    card1_bit                                0x2000004c   Data           1  rc522.o(.data)
    card2_bit                                0x2000004d   Data           1  rc522.o(.data)
    card3_bit                                0x2000004e   Data           1  rc522.o(.data)
    card4_bit                                0x2000004f   Data           1  rc522.o(.data)
    total                                    0x20000050   Data           1  rc522.o(.data)
    Card_ID1                                 0x20000051   Data           8  rc522.o(.data)
    Card_ID2                                 0x20000059   Data           8  rc522.o(.data)
    Card_ID3                                 0x20000061   Data           8  rc522.o(.data)
    Card_ID4                                 0x20000069   Data           8  rc522.o(.data)
    Card_ID5                                 0x20000071   Data           8  rc522.o(.data)
    Card_OK                                  0x20000079   Data           1  rc522.o(.data)
    lxl                                      0x2000007a   Data           4  rc522.o(.data)
    card_1                                   0x2000007e   Data           4  rc522.o(.data)
    card_2                                   0x20000082   Data           4  rc522.o(.data)
    card_3                                   0x20000086   Data           4  rc522.o(.data)
    card_4                                   0x2000008a   Data           4  rc522.o(.data)
    KEY                                      0x2000008e   Data           6  rc522.o(.data)
    AUDIO_OPEN                               0x20000094   Data           6  rc522.o(.data)
    RFID1                                    0x2000009a   Data          16  rc522.o(.data)
    status                                   0x200000aa   Data           1  rc522.o(.data)
    s                                        0x200000ab   Data           1  rc522.o(.data)
    tp_dev                                   0x200000ac   Data          72  touch.o(.data)
    g_norflash_type                          0x200000f4   Data           2  norflash.o(.data)
    USART2_RX_STA                            0x200000f6   Data           2  usart2.o(.data)
    AS608Addr                                0x200000f8   Data           4  as608.o(.data)
    ValidN                                   0x200000fc   Data           2  as608.o(.data)
    PS_kbd_tbl                               0x20000100   Data           4  as608.o(.data)
    kbd_menu                                 0x20000104   Data          60  as608.o(.data)
    kbd_delFR                                0x20000140   Data          60  as608.o(.data)
    PW_kbd_tbl                               0x20000180   Data           4  password.o(.data)
    kbd_passwordmenu                         0x20000184   Data          60  password.o(.data)
    fs                                       0x200001c4   Data           8  exfuns.o(.data)
    mallco_dev                               0x200001d8   Data          28  malloc.o(.data)
    esp8266_cnt                              0x20000200   Data           2  esp8266.o(.data)
    esp8266_cntPre                           0x20000202   Data           2  esp8266.o(.data)
    a_esp8266_buf                            0x20000204   Data           1  esp8266.o(.data)
    UART1_Handler                            0x20000208   Data          64  usart.o(.bss)
    USART1_TX_BUF                            0x20000248   Data         400  usart.o(.bss)
    USART1_RX_BUF                            0x200003d8   Data         400  usart.o(.bss)
    g_sram_handle                            0x20000568   Data          72  lcd.o(.bss)
    lcddev                                   0x200005b0   Data          14  lcd.o(.bss)
    RFID                                     0x200005be   Data          16  rc522.o(.bss)
    htim6                                    0x200005d0   Data          72  btim.o(.bss)
    htim4                                    0x20000618   Data          72  pwmtimer.o(.bss)
    gpio_init_struct                         0x20000660   Data          16  pwmtimer.o(.bss)
    SPI_InitStructure                        0x20000670   Data          88  spi2.o(.bss)
    g_norflash_buf                           0x200006c8   Data        4096  norflash.o(.bss)
    USART2_InitStructure                     0x200016c8   Data          64  usart2.o(.bss)
    USART2_RX_BUF                            0x20001708   Data         400  usart2.o(.bss)
    USART2_TX_BUF                            0x20001898   Data         400  usart2.o(.bss)
    AS608Para                                0x20001a28   Data          12  as608.o(.bss)
    htim7                                    0x20001a34   Data          72  timer7.o(.bss)
    huart3                                   0x20001a7c   Data          64  usart3.o(.bss)
    ftinfo                                   0x20001abc   Data          33  fonts.o(.bss)
    ESP8266_Buf                              0x2000c500   Data         512  esp8266.o(.bss)
    wife_pwd                                 0x2000c700   Data          10  esp8266.o(.bss)
    __libspace_start                         0x2000c70c   Data          96  libspace.o(.bss)
    __temporary_stack_top$libspace           0x2000c76c   Data           0  libspace.o(.bss)



==============================================================================

Memory Map of the image

  Image Entry point : 0x08000131

  Load Region LR_IROM1 (Base: 0x08000000, Size: 0x00015188, Max: 0x00080000, ABSOLUTE, COMPRESSED[0x00015050])

    Execution Region ER_IROM1 (Exec base: 0x08000000, Load base: 0x08000000, Size: 0x00014f80, Max: 0x00080000, ABSOLUTE)

    Exec Addr    Load Addr    Size         Type   Attr      Idx    E Section Name        Object

    0x08000000   0x08000000   0x00000130   Data   RO            3    RESET               startup_stm32f103xe.o
    0x08000130   0x08000130   0x00000008   Code   RO         7961  * !!!main             c_w.l(__main.o)
    0x08000138   0x08000138   0x00000034   Code   RO         8416    !!!scatter          c_w.l(__scatter.o)
    0x0800016c   0x0800016c   0x0000005a   Code   RO         8414    !!dczerorl2         c_w.l(__dczerorl2.o)
    0x080001c6   0x080001c6   0x00000002   PAD
    0x080001c8   0x080001c8   0x0000001c   Code   RO         8418    !!handler_zi        c_w.l(__scatter_zi.o)
    0x080001e4   0x080001e4   0x00000000   Code   RO         7923    .ARM.Collect$$_printf_percent$$00000000  c_w.l(_printf_percent.o)
    0x080001e4   0x080001e4   0x00000006   Code   RO         8104    .ARM.Collect$$_printf_percent$$00000001  c_w.l(_printf_n.o)
    0x080001ea   0x080001ea   0x00000006   Code   RO         8105    .ARM.Collect$$_printf_percent$$00000002  c_w.l(_printf_p.o)
    0x080001f0   0x080001f0   0x00000006   Code   RO         7921    .ARM.Collect$$_printf_percent$$00000003  c_w.l(_printf_f.o)
    0x080001f6   0x080001f6   0x00000006   Code   RO         7922    .ARM.Collect$$_printf_percent$$00000004  c_w.l(_printf_e.o)
    0x080001fc   0x080001fc   0x00000006   Code   RO         8109    .ARM.Collect$$_printf_percent$$00000005  c_w.l(_printf_g.o)
    0x08000202   0x08000202   0x00000006   Code   RO         8110    .ARM.Collect$$_printf_percent$$00000006  c_w.l(_printf_a.o)
    0x08000208   0x08000208   0x0000000a   Code   RO         8114    .ARM.Collect$$_printf_percent$$00000007  c_w.l(_printf_ll.o)
    0x08000212   0x08000212   0x00000006   Code   RO         8107    .ARM.Collect$$_printf_percent$$00000008  c_w.l(_printf_i.o)
    0x08000218   0x08000218   0x00000006   Code   RO         7920    .ARM.Collect$$_printf_percent$$00000009  c_w.l(_printf_d.o)
    0x0800021e   0x0800021e   0x00000006   Code   RO         8108    .ARM.Collect$$_printf_percent$$0000000A  c_w.l(_printf_u.o)
    0x08000224   0x08000224   0x00000006   Code   RO         8106    .ARM.Collect$$_printf_percent$$0000000B  c_w.l(_printf_o.o)
    0x0800022a   0x0800022a   0x00000006   Code   RO         7919    .ARM.Collect$$_printf_percent$$0000000C  c_w.l(_printf_x.o)
    0x08000230   0x08000230   0x00000006   Code   RO         8112    .ARM.Collect$$_printf_percent$$0000000D  c_w.l(_printf_lli.o)
    0x08000236   0x08000236   0x00000006   Code   RO         7924    .ARM.Collect$$_printf_percent$$0000000E  c_w.l(_printf_lld.o)
    0x0800023c   0x0800023c   0x00000006   Code   RO         8113    .ARM.Collect$$_printf_percent$$0000000F  c_w.l(_printf_llu.o)
    0x08000242   0x08000242   0x00000006   Code   RO         8118    .ARM.Collect$$_printf_percent$$00000010  c_w.l(_printf_llo.o)
    0x08000248   0x08000248   0x00000006   Code   RO         8119    .ARM.Collect$$_printf_percent$$00000011  c_w.l(_printf_llx.o)
    0x0800024e   0x0800024e   0x0000000a   Code   RO         8115    .ARM.Collect$$_printf_percent$$00000012  c_w.l(_printf_l.o)
    0x08000258   0x08000258   0x00000006   Code   RO         7917    .ARM.Collect$$_printf_percent$$00000013  c_w.l(_printf_c.o)
    0x0800025e   0x0800025e   0x00000006   Code   RO         7918    .ARM.Collect$$_printf_percent$$00000014  c_w.l(_printf_s.o)
    0x08000264   0x08000264   0x00000006   Code   RO         8116    .ARM.Collect$$_printf_percent$$00000015  c_w.l(_printf_lc.o)
    0x0800026a   0x0800026a   0x00000006   Code   RO         8117    .ARM.Collect$$_printf_percent$$00000016  c_w.l(_printf_ls.o)
    0x08000270   0x08000270   0x00000004   Code   RO         8111    .ARM.Collect$$_printf_percent$$00000017  c_w.l(_printf_percent_end.o)
    0x08000274   0x08000274   0x00000002   Code   RO         8351    .ARM.Collect$$libinit$$00000000  c_w.l(libinit.o)
    0x08000276   0x08000276   0x00000000   Code   RO         8129    .ARM.Collect$$libinit$$00000002  c_w.l(libinit2.o)
    0x08000276   0x08000276   0x00000000   Code   RO         8131    .ARM.Collect$$libinit$$00000004  c_w.l(libinit2.o)
    0x08000276   0x08000276   0x00000008   Code   RO         8132    .ARM.Collect$$libinit$$00000005  c_w.l(libinit2.o)
    0x0800027e   0x0800027e   0x00000000   Code   RO         8134    .ARM.Collect$$libinit$$0000000A  c_w.l(libinit2.o)
    0x0800027e   0x0800027e   0x00000000   Code   RO         8136    .ARM.Collect$$libinit$$0000000C  c_w.l(libinit2.o)
    0x0800027e   0x0800027e   0x00000000   Code   RO         8138    .ARM.Collect$$libinit$$0000000E  c_w.l(libinit2.o)
    0x0800027e   0x0800027e   0x00000006   Code   RO         8139    .ARM.Collect$$libinit$$0000000F  c_w.l(libinit2.o)
    0x08000284   0x08000284   0x00000000   Code   RO         8141    .ARM.Collect$$libinit$$00000011  c_w.l(libinit2.o)
    0x08000284   0x08000284   0x0000000c   Code   RO         8142    .ARM.Collect$$libinit$$00000012  c_w.l(libinit2.o)
    0x08000290   0x08000290   0x00000000   Code   RO         8143    .ARM.Collect$$libinit$$00000013  c_w.l(libinit2.o)
    0x08000290   0x08000290   0x00000000   Code   RO         8145    .ARM.Collect$$libinit$$00000015  c_w.l(libinit2.o)
    0x08000290   0x08000290   0x0000000a   Code   RO         8146    .ARM.Collect$$libinit$$00000016  c_w.l(libinit2.o)
    0x0800029a   0x0800029a   0x00000000   Code   RO         8147    .ARM.Collect$$libinit$$00000017  c_w.l(libinit2.o)
    0x0800029a   0x0800029a   0x00000000   Code   RO         8149    .ARM.Collect$$libinit$$00000019  c_w.l(libinit2.o)
    0x0800029a   0x0800029a   0x00000000   Code   RO         8151    .ARM.Collect$$libinit$$0000001B  c_w.l(libinit2.o)
    0x0800029a   0x0800029a   0x00000000   Code   RO         8153    .ARM.Collect$$libinit$$0000001D  c_w.l(libinit2.o)
    0x0800029a   0x0800029a   0x00000000   Code   RO         8155    .ARM.Collect$$libinit$$0000001F  c_w.l(libinit2.o)
    0x0800029a   0x0800029a   0x00000000   Code   RO         8157    .ARM.Collect$$libinit$$00000021  c_w.l(libinit2.o)
    0x0800029a   0x0800029a   0x00000000   Code   RO         8159    .ARM.Collect$$libinit$$00000023  c_w.l(libinit2.o)
    0x0800029a   0x0800029a   0x00000000   Code   RO         8161    .ARM.Collect$$libinit$$00000025  c_w.l(libinit2.o)
    0x0800029a   0x0800029a   0x00000000   Code   RO         8165    .ARM.Collect$$libinit$$0000002C  c_w.l(libinit2.o)
    0x0800029a   0x0800029a   0x00000000   Code   RO         8167    .ARM.Collect$$libinit$$0000002E  c_w.l(libinit2.o)
    0x0800029a   0x0800029a   0x00000000   Code   RO         8169    .ARM.Collect$$libinit$$00000030  c_w.l(libinit2.o)
    0x0800029a   0x0800029a   0x00000000   Code   RO         8171    .ARM.Collect$$libinit$$00000032  c_w.l(libinit2.o)
    0x0800029a   0x0800029a   0x00000002   Code   RO         8172    .ARM.Collect$$libinit$$00000033  c_w.l(libinit2.o)
    0x0800029c   0x0800029c   0x00000002   Code   RO         8411    .ARM.Collect$$libshutdown$$00000000  c_w.l(libshutdown.o)
    0x0800029e   0x0800029e   0x00000000   Code   RO         8367    .ARM.Collect$$libshutdown$$00000002  c_w.l(libshutdown2.o)
    0x0800029e   0x0800029e   0x00000000   Code   RO         8369    .ARM.Collect$$libshutdown$$00000004  c_w.l(libshutdown2.o)
    0x0800029e   0x0800029e   0x00000000   Code   RO         8371    .ARM.Collect$$libshutdown$$00000006  c_w.l(libshutdown2.o)
    0x0800029e   0x0800029e   0x00000000   Code   RO         8374    .ARM.Collect$$libshutdown$$00000009  c_w.l(libshutdown2.o)
    0x0800029e   0x0800029e   0x00000000   Code   RO         8377    .ARM.Collect$$libshutdown$$0000000C  c_w.l(libshutdown2.o)
    0x0800029e   0x0800029e   0x00000000   Code   RO         8379    .ARM.Collect$$libshutdown$$0000000E  c_w.l(libshutdown2.o)
    0x0800029e   0x0800029e   0x00000000   Code   RO         8382    .ARM.Collect$$libshutdown$$00000011  c_w.l(libshutdown2.o)
    0x0800029e   0x0800029e   0x00000002   Code   RO         8383    .ARM.Collect$$libshutdown$$00000012  c_w.l(libshutdown2.o)
    0x080002a0   0x080002a0   0x00000000   Code   RO         8041    .ARM.Collect$$rtentry$$00000000  c_w.l(__rtentry.o)
    0x080002a0   0x080002a0   0x00000000   Code   RO         8225    .ARM.Collect$$rtentry$$00000002  c_w.l(__rtentry2.o)
    0x080002a0   0x080002a0   0x00000006   Code   RO         8237    .ARM.Collect$$rtentry$$00000004  c_w.l(__rtentry4.o)
    0x080002a6   0x080002a6   0x00000000   Code   RO         8227    .ARM.Collect$$rtentry$$00000009  c_w.l(__rtentry2.o)
    0x080002a6   0x080002a6   0x00000004   Code   RO         8228    .ARM.Collect$$rtentry$$0000000A  c_w.l(__rtentry2.o)
    0x080002aa   0x080002aa   0x00000000   Code   RO         8230    .ARM.Collect$$rtentry$$0000000C  c_w.l(__rtentry2.o)
    0x080002aa   0x080002aa   0x00000008   Code   RO         8231    .ARM.Collect$$rtentry$$0000000D  c_w.l(__rtentry2.o)
    0x080002b2   0x080002b2   0x00000002   Code   RO         8354    .ARM.Collect$$rtexit$$00000000  c_w.l(rtexit.o)
    0x080002b4   0x080002b4   0x00000000   Code   RO         8387    .ARM.Collect$$rtexit$$00000002  c_w.l(rtexit2.o)
    0x080002b4   0x080002b4   0x00000004   Code   RO         8388    .ARM.Collect$$rtexit$$00000003  c_w.l(rtexit2.o)
    0x080002b8   0x080002b8   0x00000006   Code   RO         8389    .ARM.Collect$$rtexit$$00000004  c_w.l(rtexit2.o)
    0x080002be   0x080002be   0x00000002   PAD
    0x080002c0   0x080002c0   0x00000000   Code   RO         8253    .emb_text           c_w.l(maybetermalloc1.o)
    0x080002c0   0x080002c0   0x00000040   Code   RO            4    .text               startup_stm32f103xe.o
    0x08000300   0x08000300   0x00000002   Code   RO         7782    .text               c_w.l(use_no_semi_2.o)
    0x08000302   0x08000302   0x0000005e   Code   RO         7788    .text               c_w.l(h1_alloc.o)
    0x08000360   0x08000360   0x0000004e   Code   RO         7790    .text               c_w.l(h1_free.o)
    0x080003ae   0x080003ae   0x0000001a   Code   RO         7850    .text               c_w.l(tolower.o)
    0x080003c8   0x080003c8   0x00000024   Code   RO         7852    .text               c_w.l(vsprintf.o)
    0x080003ec   0x080003ec   0x00000018   Code   RO         7854    .text               c_w.l(__2printf.o)
    0x08000404   0x08000404   0x0000002c   Code   RO         7856    .text               c_w.l(__2sprintf.o)
    0x08000430   0x08000430   0x00000038   Code   RO         7858    .text               c_w.l(__2snprintf.o)
    0x08000468   0x08000468   0x0000004e   Code   RO         7868    .text               c_w.l(_printf_pad.o)
    0x080004b6   0x080004b6   0x00000052   Code   RO         7870    .text               c_w.l(_printf_str.o)
    0x08000508   0x08000508   0x00000078   Code   RO         7872    .text               c_w.l(_printf_dec.o)
    0x08000580   0x08000580   0x0000007c   Code   RO         7874    .text               c_w.l(_printf_longlong_dec.o)
    0x080005fc   0x080005fc   0x00000094   Code   RO         7894    .text               c_w.l(_printf_hex_int_ll_ptr.o)
    0x08000690   0x08000690   0x00000188   Code   RO         7914    .text               c_w.l(__printf_flags_ss_wp.o)
    0x08000818   0x08000818   0x00000014   Code   RO         7931    .text               c_w.l(strchr.o)
    0x0800082c   0x0800082c   0x00000024   Code   RO         7933    .text               c_w.l(strncat.o)
    0x08000850   0x08000850   0x00000024   Code   RO         7935    .text               c_w.l(strstr.o)
    0x08000874   0x08000874   0x00000058   Code   RO         7937    .text               c_w.l(memcmp.o)
    0x080008cc   0x080008cc   0x00000048   Code   RO         7939    .text               c_w.l(strcpy.o)
    0x08000914   0x08000914   0x0000003e   Code   RO         7941    .text               c_w.l(strlen.o)
    0x08000952   0x08000952   0x00000096   Code   RO         7943    .text               c_w.l(strncmp.o)
    0x080009e8   0x080009e8   0x00000018   Code   RO         7945    .text               c_w.l(strcat.o)
    0x08000a00   0x08000a00   0x0000008a   Code   RO         7947    .text               c_w.l(rt_memcpy_v6.o)
    0x08000a8a   0x08000a8a   0x00000064   Code   RO         7949    .text               c_w.l(rt_memcpy_w.o)
    0x08000aee   0x08000aee   0x00000044   Code   RO         7953    .text               c_w.l(rt_memclr.o)
    0x08000b32   0x08000b32   0x0000004e   Code   RO         7955    .text               c_w.l(rt_memclr_w.o)
    0x08000b80   0x08000b80   0x00000080   Code   RO         7957    .text               c_w.l(strcmpv7m.o)
    0x08000c00   0x08000c00   0x00000006   Code   RO         7959    .text               c_w.l(heapauxi.o)
    0x08000c06   0x08000c06   0x00000002   Code   RO         8037    .text               c_w.l(use_no_semi.o)
    0x08000c08   0x08000c08   0x00000010   Code   RO         8042    .text               c_w.l(rt_ctype_table.o)
    0x08000c18   0x08000c18   0x00000008   Code   RO         8051    .text               c_w.l(rt_heap_descriptor_intlibspace.o)
    0x08000c20   0x08000c20   0x00000004   Code   RO         8053    .text               c_w.l(hguard.o)
    0x08000c24   0x08000c24   0x0000008a   Code   RO         8055    .text               c_w.l(init_alloc.o)
    0x08000cae   0x08000cae   0x0000000e   Code   RO         8059    .text               c_w.l(h1_init.o)
    0x08000cbc   0x08000cbc   0x0000008a   Code   RO         8073    .text               c_w.l(lludiv10.o)
    0x08000d46   0x08000d46   0x00000016   Code   RO         8075    .text               c_w.l(_rserrno.o)
    0x08000d5c   0x08000d5c   0x00000024   Code   RO         8077    .text               c_w.l(_printf_truncate.o)
    0x08000d80   0x08000d80   0x000000b2   Code   RO         8079    .text               c_w.l(_printf_intcommon.o)
    0x08000e32   0x08000e32   0x00000028   Code   RO         8081    .text               c_w.l(_printf_charcount.o)
    0x08000e5a   0x08000e5a   0x0000041e   Code   RO         8083    .text               c_w.l(_printf_fp_dec.o)
    0x08001278   0x08001278   0x00000030   Code   RO         8085    .text               c_w.l(_printf_char_common.o)
    0x080012a8   0x080012a8   0x0000000a   Code   RO         8087    .text               c_w.l(_sputc.o)
    0x080012b2   0x080012b2   0x00000010   Code   RO         8089    .text               c_w.l(_snputc.o)
    0x080012c2   0x080012c2   0x0000002c   Code   RO         8091    .text               c_w.l(_printf_char.o)
    0x080012ee   0x080012ee   0x00000002   PAD
    0x080012f0   0x080012f0   0x00000024   Code   RO         8093    .text               c_w.l(_printf_char_file.o)
    0x08001314   0x08001314   0x000000bc   Code   RO         8095    .text               c_w.l(_printf_wctomb.o)
    0x080013d0   0x080013d0   0x00000070   Code   RO         8102    .text               c_w.l(_printf_oct_int_ll.o)
    0x08001440   0x08001440   0x00000008   Code   RO         8221    .text               c_w.l(libspace.o)
    0x08001448   0x08001448   0x00000008   Code   RO         8244    .text               c_w.l(rt_locale_intlibspace.o)
    0x08001450   0x08001450   0x00000008   Code   RO         8249    .text               c_w.l(rt_errno_addr_intlibspace.o)
    0x08001458   0x08001458   0x00000034   Code   RO         8255    .text               c_w.l(h1_extend.o)
    0x0800148c   0x0800148c   0x000002fc   Code   RO         8261    .text               c_w.l(_printf_fp_hex.o)
    0x08001788   0x08001788   0x00000080   Code   RO         8264    .text               c_w.l(_printf_fp_infnan.o)
    0x08001808   0x08001808   0x0000002c   Code   RO         8268    .text               c_w.l(_printf_wchar.o)
    0x08001834   0x08001834   0x000000e4   Code   RO         8272    .text               c_w.l(bigflt0.o)
    0x08001918   0x08001918   0x00000008   Code   RO         8297    .text               c_w.l(ferror.o)
    0x08001920   0x08001920   0x00000040   Code   RO         8301    .text               c_w.l(_wcrtomb.o)
    0x08001960   0x08001960   0x0000000e   Code   RO         8309    .text               c_w.l(defsig_rtmem_outer.o)
    0x0800196e   0x0800196e   0x0000004a   Code   RO         8326    .text               c_w.l(sys_stackheap_outer.o)
    0x080019b8   0x080019b8   0x00000012   Code   RO         8332    .text               c_w.l(exit.o)
    0x080019ca   0x080019ca   0x0000000a   Code   RO         8334    .text               c_w.l(defsig_exit.o)
    0x080019d4   0x080019d4   0x00000050   Code   RO         8340    .text               c_w.l(defsig_rtmem_inner.o)
    0x08001a24   0x08001a24   0x00000032   Code   RO         8362    .text               c_w.l(defsig_general.o)
    0x08001a56   0x08001a56   0x0000003e   Code   RO         8275    CL$$btod_d2e        c_w.l(btod.o)
    0x08001a94   0x08001a94   0x00000046   Code   RO         8277    CL$$btod_d2e_denorm_low  c_w.l(btod.o)
    0x08001ada   0x08001ada   0x00000060   Code   RO         8276    CL$$btod_d2e_norm_op1  c_w.l(btod.o)
    0x08001b3a   0x08001b3a   0x00000338   Code   RO         8285    CL$$btod_div_common  c_w.l(btod.o)
    0x08001e72   0x08001e72   0x000000dc   Code   RO         8282    CL$$btod_e2e        c_w.l(btod.o)
    0x08001f4e   0x08001f4e   0x0000002a   Code   RO         8279    CL$$btod_ediv       c_w.l(btod.o)
    0x08001f78   0x08001f78   0x0000002a   Code   RO         8278    CL$$btod_emul       c_w.l(btod.o)
    0x08001fa2   0x08001fa2   0x00000244   Code   RO         8284    CL$$btod_mult_common  c_w.l(btod.o)
    0x080021e6   0x080021e6   0x00000002   PAD
    0x080021e8   0x080021e8   0x000000ec   Code   RO         5548    i.AS608_get_keynum  as608.o
    0x080022d4   0x080022d4   0x00000108   Code   RO         5549    i.AS608_key_staset  as608.o
    0x080023dc   0x080023dc   0x0000014c   Code   RO         5550    i.AS608_load_keyboard  as608.o
    0x08002528   0x08002528   0x00000414   Code   RO         5551    i.Add_FR            as608.o
    0x0800293c   0x0800293c   0x0000016c   Code   RO         7615    i.BASE64_Decode     base64.o
    0x08002aa8   0x08002aa8   0x00000144   Code   RO         7616    i.BASE64_Encode     base64.o
    0x08002bec   0x08002bec   0x00000020   Code   RO         4070    i.Beep_Set          beep.o
    0x08002c0c   0x08002c0c   0x00000004   Code   RO          351    i.BusFault_Handler  stm32f1xx_it.o
    0x08002c10   0x08002c10   0x0000006c   Code   RO         4751    i.CalulateCRC       rc522.o
    0x08002c7c   0x08002c7c   0x0000001a   Code   RO         4752    i.ClearBitMask      rc522.o
    0x08002c96   0x08002c96   0x00000002   Code   RO          352    i.DebugMon_Handler  stm32f1xx_it.o
    0x08002c98   0x08002c98   0x00000160   Code   RO         5552    i.Del_FR            as608.o
    0x08002df8   0x08002df8   0x00000014   Code   RO         7363    i.ESP8266_Clear     esp8266.o
    0x08002e0c   0x08002e0c   0x00000050   Code   RO         7364    i.ESP8266_GetIPD    esp8266.o
    0x08002e5c   0x08002e5c   0x00000218   Code   RO         7365    i.ESP8266_Init      esp8266.o
    0x08003074   0x08003074   0x00000064   Code   RO         7366    i.ESP8266_SendCmd   esp8266.o
    0x080030d8   0x080030d8   0x0000004c   Code   RO         7367    i.ESP8266_SendData  esp8266.o
    0x08003124   0x08003124   0x00000034   Code   RO         7368    i.ESP8266_WaitRecive  esp8266.o
    0x08003158   0x08003158   0x00000014   Code   RO         4277    i.EXTI3_IRQHandler  exti.o
    0x0800316c   0x0800316c   0x00000014   Code   RO         4278    i.EXTI4_IRQHandler  exti.o
    0x08003180   0x08003180   0x00000270   Code   RO         5553    i.EnsureMessage     as608.o
    0x080033f0   0x080033f0   0x00000004   Code   RO         5921    i.Error_Handler     timer7.o
    0x080033f4   0x080033f4   0x00000044   Code   RO         3952    i.FSMC_NORSRAM_Extended_Timing_Init  stm32f1xx_ll_fsmc.o
    0x08003438   0x08003438   0x00000078   Code   RO         3953    i.FSMC_NORSRAM_Init  stm32f1xx_ll_fsmc.o
    0x080034b0   0x080034b0   0x00000042   Code   RO         3954    i.FSMC_NORSRAM_Timing_Init  stm32f1xx_ll_fsmc.o
    0x080034f2   0x080034f2   0x0000007e   Code   RO         5554    i.GET_NUM           as608.o
    0x08003570   0x08003570   0x000001a8   Code   RO         1130    i.HAL_DMA_Abort_IT  stm32f1xx_hal_dma.o
    0x08003718   0x08003718   0x0000000c   Code   RO          631    i.HAL_Delay         delay.o
    0x08003724   0x08003724   0x0000000c   Code   RO         4279    i.HAL_GPIO_EXTI_Callback  exti.o
    0x08003730   0x08003730   0x0000001c   Code   RO         1225    i.HAL_GPIO_EXTI_IRQHandler  stm32f1xx_hal_gpio.o
    0x0800374c   0x0800374c   0x00000340   Code   RO         1226    i.HAL_GPIO_Init     stm32f1xx_hal_gpio.o
    0x08003a8c   0x08003a8c   0x00000010   Code   RO         1228    i.HAL_GPIO_ReadPin  stm32f1xx_hal_gpio.o
    0x08003a9c   0x08003a9c   0x0000000c   Code   RO         1230    i.HAL_GPIO_WritePin  stm32f1xx_hal_gpio.o
    0x08003aa8   0x08003aa8   0x0000000c   Code   RO          843    i.HAL_GetTick       stm32f1xx_hal.o
    0x08003ab4   0x08003ab4   0x00000018   Code   RO          849    i.HAL_IncTick       stm32f1xx_hal.o
    0x08003acc   0x08003acc   0x00000028   Code   RO          850    i.HAL_Init          stm32f1xx_hal.o
    0x08003af4   0x08003af4   0x0000004c   Code   RO          851    i.HAL_InitTick      stm32f1xx_hal.o
    0x08003b40   0x08003b40   0x00000002   Code   RO          853    i.HAL_MspInit       stm32f1xx_hal.o
    0x08003b42   0x08003b42   0x00000020   Code   RO         1008    i.HAL_NVIC_EnableIRQ  stm32f1xx_hal_cortex.o
    0x08003b62   0x08003b62   0x0000007c   Code   RO         1014    i.HAL_NVIC_SetPriority  stm32f1xx_hal_cortex.o
    0x08003bde   0x08003bde   0x00000002   PAD
    0x08003be0   0x08003be0   0x00000028   Code   RO         1015    i.HAL_NVIC_SetPriorityGrouping  stm32f1xx_hal_cortex.o
    0x08003c08   0x08003c08   0x0000018c   Code   RO         1326    i.HAL_RCC_ClockConfig  stm32f1xx_hal_rcc.o
    0x08003d94   0x08003d94   0x0000000c   Code   RO         1331    i.HAL_RCC_GetHCLKFreq  stm32f1xx_hal_rcc.o
    0x08003da0   0x08003da0   0x00000020   Code   RO         1333    i.HAL_RCC_GetPCLK1Freq  stm32f1xx_hal_rcc.o
    0x08003dc0   0x08003dc0   0x00000020   Code   RO         1334    i.HAL_RCC_GetPCLK2Freq  stm32f1xx_hal_rcc.o
    0x08003de0   0x08003de0   0x00000094   Code   RO         1335    i.HAL_RCC_GetSysClockFreq  stm32f1xx_hal_rcc.o
    0x08003e74   0x08003e74   0x00000464   Code   RO         1338    i.HAL_RCC_OscConfig  stm32f1xx_hal_rcc.o
    0x080042d8   0x080042d8   0x000000d4   Code   RO         3191    i.HAL_SPI_Init      stm32f1xx_hal_spi.o
    0x080043ac   0x080043ac   0x00000002   Code   RO         3193    i.HAL_SPI_MspInit   stm32f1xx_hal_spi.o
    0x080043ae   0x080043ae   0x000002ee   Code   RO         3200    i.HAL_SPI_TransmitReceive  stm32f1xx_hal_spi.o
    0x0800469c   0x0800469c   0x00000066   Code   RO         3604    i.HAL_SRAM_Init     stm32f1xx_hal_sram.o
    0x08004702   0x08004702   0x00000002   PAD
    0x08004704   0x08004704   0x00000090   Code   RO         4390    i.HAL_SRAM_MspInit  lcd.o
    0x08004794   0x08004794   0x00000034   Code   RO         1019    i.HAL_SYSTICK_Config  stm32f1xx_hal_cortex.o
    0x080047c8   0x080047c8   0x00000066   Code   RO         2192    i.HAL_TIM_Base_Init  stm32f1xx_hal_tim.o
    0x0800482e   0x0800482e   0x00000002   PAD
    0x08004830   0x08004830   0x00000048   Code   RO         4915    i.HAL_TIM_Base_MspInit  btim.o
    0x08004878   0x08004878   0x00000090   Code   RO         2197    i.HAL_TIM_Base_Start_IT  stm32f1xx_hal_tim.o
    0x08004908   0x08004908   0x00000032   Code   RO         2198    i.HAL_TIM_Base_Stop  stm32f1xx_hal_tim.o
    0x0800493a   0x0800493a   0x000000fc   Code   RO         2264    i.HAL_TIM_PWM_ConfigChannel  stm32f1xx_hal_tim.o
    0x08004a36   0x08004a36   0x00000066   Code   RO         2267    i.HAL_TIM_PWM_Init  stm32f1xx_hal_tim.o
    0x08004a9c   0x08004a9c   0x00000002   Code   RO         2269    i.HAL_TIM_PWM_MspInit  stm32f1xx_hal_tim.o
    0x08004a9e   0x08004a9e   0x00000002   PAD
    0x08004aa0   0x08004aa0   0x000000f4   Code   RO         2272    i.HAL_TIM_PWM_Start  stm32f1xx_hal_tim.o
    0x08004b94   0x08004b94   0x00000002   Code   RO         1489    i.HAL_UART_ErrorCallback  stm32f1xx_hal_uart.o
    0x08004b96   0x08004b96   0x00000002   PAD
    0x08004b98   0x08004b98   0x00000154   Code   RO         1492    i.HAL_UART_IRQHandler  stm32f1xx_hal_uart.o
    0x08004cec   0x08004cec   0x00000072   Code   RO         1493    i.HAL_UART_Init     stm32f1xx_hal_uart.o
    0x08004d5e   0x08004d5e   0x00000002   PAD
    0x08004d60   0x08004d60   0x00000090   Code   RO         5963    i.HAL_UART_MspInit  usart3.o
    0x08004df0   0x08004df0   0x000000d8   Code   RO         1496    i.HAL_UART_Receive  stm32f1xx_hal_uart.o
    0x08004ec8   0x08004ec8   0x00000070   Code   RO         1498    i.HAL_UART_Receive_IT  stm32f1xx_hal_uart.o
    0x08004f38   0x08004f38   0x00000074   Code   RO         7369    i.HAL_UART_RxCpltCallback  esp8266.o
    0x08004fac   0x08004fac   0x000000d2   Code   RO         1501    i.HAL_UART_Transmit  stm32f1xx_hal_uart.o
    0x0800507e   0x0800507e   0x00000002   Code   RO         1504    i.HAL_UART_TxCpltCallback  stm32f1xx_hal_uart.o
    0x08005080   0x08005080   0x000000ec   Code   RO         5876    i.HC05_Init         hc05.o
    0x0800516c   0x0800516c   0x00000004   Code   RO          353    i.HardFault_Handler  stm32f1xx_it.o
    0x08005170   0x08005170   0x00000088   Code   RO         5555    i.JudgeStr          as608.o
    0x080051f8   0x080051f8   0x00000056   Code   RO         5798    i.LCD_PW            password.o
    0x0800524e   0x0800524e   0x00000002   PAD
    0x08005250   0x08005250   0x000000e0   Code   RO         4655    i.Led_Set           led.o
    0x08005330   0x08005330   0x00000054   Code   RO         4754    i.M500PcdConfigISOType  rc522.o
    0x08005384   0x08005384   0x00000148   Code   RO         5799    i.MAIN_MENU         password.o
    0x080054cc   0x080054cc   0x0000001c   Code   RO         7431    i.MQTT_DeleteBuffer  mqttkit.o
    0x080054e8   0x080054e8   0x0000002e   Code   RO         7432    i.MQTT_DumpLength   mqttkit.o
    0x08005516   0x08005516   0x00000058   Code   RO         7433    i.MQTT_NewBuffer    mqttkit.o
    0x0800556e   0x0800556e   0x00000002   PAD
    0x08005570   0x08005570   0x000002a0   Code   RO         7435    i.MQTT_PacketConnect  mqttkit.o
    0x08005810   0x08005810   0x000001b8   Code   RO         7438    i.MQTT_PacketPublish  mqttkit.o
    0x080059c8   0x080059c8   0x00000064   Code   RO         7444    i.MQTT_PacketSaveData  mqttkit.o
    0x08005a2c   0x08005a2c   0x000000fe   Code   RO         7445    i.MQTT_PacketSubscribe  mqttkit.o
    0x08005b2a   0x08005b2a   0x00000046   Code   RO         7447    i.MQTT_ReadLength   mqttkit.o
    0x08005b70   0x08005b70   0x0000001e   Code   RO         7449    i.MQTT_UnPacketConnectAck  mqttkit.o
    0x08005b8e   0x08005b8e   0x00000002   PAD
    0x08005b90   0x08005b90   0x000001c0   Code   RO         7450    i.MQTT_UnPacketPublish  mqttkit.o
    0x08005d50   0x08005d50   0x0000001e   Code   RO         7451    i.MQTT_UnPacketPublishAck  mqttkit.o
    0x08005d6e   0x08005d6e   0x00000002   PAD
    0x08005d70   0x08005d70   0x00000074   Code   RO         7455    i.MQTT_UnPacketRecv  mqttkit.o
    0x08005de4   0x08005de4   0x00000034   Code   RO         7456    i.MQTT_UnPacketSubscribe  mqttkit.o
    0x08005e18   0x08005e18   0x0000001c   Code   RO         5556    i.MYUSART_SendData  as608.o
    0x08005e34   0x08005e34   0x00000004   Code   RO          354    i.MemManage_Handler  stm32f1xx_it.o
    0x08005e38   0x08005e38   0x00000002   Code   RO          355    i.NMI_Handler       stm32f1xx_it.o
    0x08005e3a   0x08005e3a   0x00000002   PAD
    0x08005e3c   0x08005e3c   0x0000008c   Code   RO         5800    i.NUM_DISPLAY       password.o
    0x08005ec8   0x08005ec8   0x00000118   Code   RO         7689    i.OTA_UrlEncode     onenet.o
    0x08005fe0   0x08005fe0   0x0000019c   Code   RO         7690    i.OneNET_Authorization  onenet.o
    0x0800617c   0x0800617c   0x0000009c   Code   RO         7693    i.OneNET_Subscribe  onenet.o
    0x08006218   0x08006218   0x00000268   Code   RO         7694    i.OneNet_DevLink    onenet.o
    0x08006480   0x08006480   0x000000d8   Code   RO         7695    i.OneNet_FillBuf    onenet.o
    0x08006558   0x08006558   0x000001bc   Code   RO         7696    i.OneNet_RevPro     onenet.o
    0x08006714   0x08006714   0x000000e0   Code   RO         7697    i.OneNet_SendData   onenet.o
    0x080067f4   0x080067f4   0x0000006c   Code   RO         5557    i.PS_DeletChar      as608.o
    0x08006860   0x08006860   0x0000003a   Code   RO         5558    i.PS_Empty          as608.o
    0x0800689a   0x0800689a   0x00000046   Code   RO         5559    i.PS_GenChar        as608.o
    0x080068e0   0x080068e0   0x0000003a   Code   RO         5560    i.PS_GetImage       as608.o
    0x0800691a   0x0800691a   0x00000002   PAD
    0x0800691c   0x0800691c   0x00000080   Code   RO         5561    i.PS_HandShake      as608.o
    0x0800699c   0x0800699c   0x00000090   Code   RO         5562    i.PS_HighSpeedSearch  as608.o
    0x08006a2c   0x08006a2c   0x00000124   Code   RO         5563    i.PS_MAINMENU       as608.o
    0x08006b50   0x08006b50   0x0000003a   Code   RO         5564    i.PS_Match          as608.o
    0x08006b8a   0x08006b8a   0x00000002   PAD
    0x08006b8c   0x08006b8c   0x000000f0   Code   RO         5566    i.PS_ReadSysPara    as608.o
    0x08006c7c   0x08006c7c   0x0000003a   Code   RO         5567    i.PS_RegModel       as608.o
    0x08006cb6   0x08006cb6   0x00000002   PAD
    0x08006cb8   0x08006cb8   0x00000044   Code   RO         5570    i.PS_StaGPIO_Init   as608.o
    0x08006cfc   0x08006cfc   0x00000060   Code   RO         5571    i.PS_StoreChar      as608.o
    0x08006d5c   0x08006d5c   0x00000088   Code   RO         5572    i.PS_ValidTempleteNum  as608.o
    0x08006de4   0x08006de4   0x000000c0   Code   RO         4958    i.PWM_Init          pwmtimer.o
    0x08006ea4   0x08006ea4   0x0000000c   Code   RO         4959    i.PWM_SetCompare1   pwmtimer.o
    0x08006eb0   0x08006eb0   0x00000130   Code   RO         5801    i.PW_GET_NUM        password.o
    0x08006fe0   0x08006fe0   0x000000ec   Code   RO         5802    i.PW_get_keynum     password.o
    0x080070cc   0x080070cc   0x00000108   Code   RO         5803    i.PW_key_staset     password.o
    0x080071d4   0x080071d4   0x0000014c   Code   RO         5804    i.PW_load_keyboard  password.o
    0x08007320   0x08007320   0x0000001a   Code   RO         4756    i.PcdAntennaOn      rc522.o
    0x0800733a   0x0800733a   0x00000070   Code   RO         4757    i.PcdAnticoll       rc522.o
    0x080073aa   0x080073aa   0x0000006e   Code   RO         4758    i.PcdAuthState      rc522.o
    0x08007418   0x08007418   0x00000132   Code   RO         4759    i.PcdComMF522       rc522.o
    0x0800754a   0x0800754a   0x00000054   Code   RO         4761    i.PcdRead           rc522.o
    0x0800759e   0x0800759e   0x00000054   Code   RO         4762    i.PcdRequest        rc522.o
    0x080075f2   0x080075f2   0x00000002   PAD
    0x080075f4   0x080075f4   0x00000088   Code   RO         4763    i.PcdReset          rc522.o
    0x0800767c   0x0800767c   0x00000072   Code   RO         4764    i.PcdSelect         rc522.o
    0x080076ee   0x080076ee   0x00000002   Code   RO          356    i.PendSV_Handler    stm32f1xx_it.o
    0x080076f0   0x080076f0   0x00000274   Code   RO         4766    i.RC522_Handle      rc522.o
    0x08007964   0x08007964   0x00000030   Code   RO         4767    i.RC522_Init        rc522.o
    0x08007994   0x08007994   0x00000028   Code   RO         1339    i.RCC_Delay         stm32f1xx_hal_rcc.o
    0x080079bc   0x080079bc   0x00000038   Code   RO         4768    i.ReadRawRC         rc522.o
    0x080079f4   0x080079f4   0x000001c4   Code   RO         5805    i.SET_PW            password.o
    0x08007bb8   0x08007bb8   0x000000c8   Code   RO         4691    i.SPI1_Init         spi.o
    0x08007c80   0x08007c80   0x000000b0   Code   RO         5316    i.SPI2_Init         spi2.o
    0x08007d30   0x08007d30   0x00000028   Code   RO         3231    i.SPI_EndRxTxTransaction  stm32f1xx_hal_spi.o
    0x08007d58   0x08007d58   0x00000006   Code   RO         3232    i.SPI_ISCRCErrorValid  stm32f1xx_hal_spi.o
    0x08007d5e   0x08007d5e   0x00000002   PAD
    0x08007d60   0x08007d60   0x00000050   Code   RO         4769    i.SPI_RC522_ReadByte  rc522.o
    0x08007db0   0x08007db0   0x0000005c   Code   RO         4770    i.SPI_RC522_SendByte  rc522.o
    0x08007e0c   0x08007e0c   0x000000d8   Code   RO         3239    i.SPI_WaitFlagStateUntilTimeout  stm32f1xx_hal_spi.o
    0x08007ee4   0x08007ee4   0x00000002   Code   RO          357    i.SVC_Handler       stm32f1xx_it.o
    0x08007ee6   0x08007ee6   0x00000002   PAD
    0x08007ee8   0x08007ee8   0x00000034   Code   RO         5575    i.SendAddr          as608.o
    0x08007f1c   0x08007f1c   0x00000012   Code   RO         5576    i.SendCheck         as608.o
    0x08007f2e   0x08007f2e   0x0000000c   Code   RO         5577    i.SendFlag          as608.o
    0x08007f3a   0x08007f3a   0x00000010   Code   RO         5578    i.SendHead          as608.o
    0x08007f4a   0x08007f4a   0x00000012   Code   RO         5579    i.SendLength        as608.o
    0x08007f5c   0x08007f5c   0x0000000c   Code   RO         5580    i.Sendcmd           as608.o
    0x08007f68   0x08007f68   0x00000008   Code   RO         5458    i.Servo_Init        servo.o
    0x08007f70   0x08007f70   0x0000003c   Code   RO         5459    i.Servo_SetAngle    servo.o
    0x08007fac   0x08007fac   0x0000001a   Code   RO         4771    i.SetBitMask        rc522.o
    0x08007fc6   0x08007fc6   0x00000002   PAD
    0x08007fc8   0x08007fc8   0x00000038   Code   RO         5581    i.ShowErrMessage    as608.o
    0x08008000   0x08008000   0x00000154   Code   RO         4772    i.ShowID            rc522.o
    0x08008154   0x08008154   0x00000008   Code   RO          358    i.SysTick_Handler   stm32f1xx_it.o
    0x0800815c   0x0800815c   0x00000002   Code   RO          595    i.SystemInit        system_stm32f1xx.o
    0x0800815e   0x0800815e   0x00000002   PAD
    0x08008160   0x08008160   0x00000040   Code   RO         4916    i.TIM6_IRQHandler   btim.o
    0x080081a0   0x080081a0   0x00000040   Code   RO         5922    i.TIM7_IRQHandler   timer7.o
    0x080081e0   0x080081e0   0x0000009c   Code   RO         2285    i.TIM_Base_SetConfig  stm32f1xx_hal_tim.o
    0x0800827c   0x0800827c   0x00000022   Code   RO         2286    i.TIM_CCxChannelCmd  stm32f1xx_hal_tim.o
    0x0800829e   0x0800829e   0x00000002   PAD
    0x080082a0   0x080082a0   0x00000070   Code   RO         2298    i.TIM_OC1_SetConfig  stm32f1xx_hal_tim.o
    0x08008310   0x08008310   0x0000007c   Code   RO         2299    i.TIM_OC2_SetConfig  stm32f1xx_hal_tim.o
    0x0800838c   0x0800838c   0x00000078   Code   RO         2300    i.TIM_OC3_SetConfig  stm32f1xx_hal_tim.o
    0x08008404   0x08008404   0x00000054   Code   RO         2301    i.TIM_OC4_SetConfig  stm32f1xx_hal_tim.o
    0x08008458   0x08008458   0x00000014   Code   RO         1506    i.UART_DMAAbortOnError  stm32f1xx_hal_uart.o
    0x0800846c   0x0800846c   0x00000020   Code   RO         1516    i.UART_EndRxTransfer  stm32f1xx_hal_uart.o
    0x0800848c   0x0800848c   0x00000020   Code   RO         1517    i.UART_EndTransmit_IT  stm32f1xx_hal_uart.o
    0x080084ac   0x080084ac   0x000000a0   Code   RO         1519    i.UART_Receive_IT   stm32f1xx_hal_uart.o
    0x0800854c   0x0800854c   0x000000fc   Code   RO         1520    i.UART_SetConfig    stm32f1xx_hal_uart.o
    0x08008648   0x08008648   0x00000060   Code   RO         1521    i.UART_Transmit_IT  stm32f1xx_hal_uart.o
    0x080086a8   0x080086a8   0x0000006c   Code   RO         1522    i.UART_WaitOnFlagUntilTimeout  stm32f1xx_hal_uart.o
    0x08008714   0x08008714   0x00000078   Code   RO          754    i.USART1_IRQHandler  usart.o
    0x0800878c   0x0800878c   0x00000078   Code   RO         5491    i.USART2_IRQHandler  usart2.o
    0x08008804   0x08008804   0x00000010   Code   RO         5964    i.USART3_IRQHandler  usart3.o
    0x08008814   0x08008814   0x00000004   Code   RO          359    i.UsageFault_Handler  stm32f1xx_it.o
    0x08008818   0x08008818   0x00000174   Code   RO         5806    i.VERIFY_PW         password.o
    0x0800898c   0x0800898c   0x00000034   Code   RO         4773    i.WriteRawRC        rc522.o
    0x080089c0   0x080089c0   0x00000028   Code   RO         8208    i.__ARM_fpclassify  m_ws.l(fpclassify.o)
    0x080089e8   0x080089e8   0x00000010   Code   RO         1021    i.__NVIC_GetPriorityGrouping  stm32f1xx_hal_cortex.o
    0x080089f8   0x080089f8   0x00000028   Code   RO         1022    i.__NVIC_SetPriority  stm32f1xx_hal_cortex.o
    0x08008a20   0x08008a20   0x000000aa   Code   RO         8210    i.__kernel_poly     m_ws.l(poly.o)
    0x08008aca   0x08008aca   0x00000002   PAD
    0x08008acc   0x08008acc   0x00000010   Code   RO         8194    i.__mathlib_dbl_divzero  m_ws.l(dunder.o)
    0x08008adc   0x08008adc   0x00000004   Code   RO         8196    i.__mathlib_dbl_infnan2  m_ws.l(dunder.o)
    0x08008ae0   0x08008ae0   0x0000000c   Code   RO         8197    i.__mathlib_dbl_invalid  m_ws.l(dunder.o)
    0x08008aec   0x08008aec   0x0000000e   Code   RO         8198    i.__mathlib_dbl_overflow  m_ws.l(dunder.o)
    0x08008afa   0x08008afa   0x00000002   PAD
    0x08008afc   0x08008afc   0x00000010   Code   RO         8200    i.__mathlib_dbl_underflow  m_ws.l(dunder.o)
    0x08008b0c   0x08008b0c   0x0000000e   Code   RO         7907    i._is_digit         c_w.l(__printf_wp.o)
    0x08008b1a   0x08008b1a   0x00000004   Code   RO          756    i._sys_exit         usart.o
    0x08008b1e   0x08008b1e   0x00000004   Code   RO          757    i._ttywrch          usart.o
    0x08008b22   0x08008b22   0x00000008   Code   RO         5069    i.at24cxx_init      24cxx.o
    0x08008b2a   0x08008b2a   0x00000024   Code   RO         5070    i.at24cxx_read      24cxx.o
    0x08008b4e   0x08008b4e   0x00000052   Code   RO         5071    i.at24cxx_read_one_byte  24cxx.o
    0x08008ba0   0x08008ba0   0x00000024   Code   RO         5072    i.at24cxx_write     24cxx.o
    0x08008bc4   0x08008bc4   0x0000004a   Code   RO         5073    i.at24cxx_write_one_byte  24cxx.o
    0x08008c0e   0x08008c0e   0x00000002   PAD
    0x08008c10   0x08008c10   0x00000058   Code   RO         4071    i.beep_init         beep.o
    0x08008c68   0x08008c68   0x00000058   Code   RO         7035    i.cJSON_Delete      cjson.o
    0x08008cc0   0x08008cc0   0x0000001e   Code   RO         7044    i.cJSON_GetObjectItem  cjson.o
    0x08008cde   0x08008cde   0x00000002   PAD
    0x08008ce0   0x08008ce0   0x00000020   Code   RO         7047    i.cJSON_New_Item    cjson.o
    0x08008d00   0x08008d00   0x00000010   Code   RO         7048    i.cJSON_Parse       cjson.o
    0x08008d10   0x08008d10   0x00000064   Code   RO         7049    i.cJSON_ParseWithOpts  cjson.o
    0x08008d74   0x08008d74   0x0000004c   Code   RO         7055    i.cJSON_strcasecmp  cjson.o
    0x08008dc0   0x08008dc0   0x00000104   Code   RO         6333    i.check_fs          ff.o
    0x08008ec4   0x08008ec4   0x0000001a   Code   RO         6335    i.clst2sect         ff.o
    0x08008ede   0x08008ede   0x00000002   PAD
    0x08008ee0   0x08008ee0   0x0000000c   Code   RO          632    i.delay_init        delay.o
    0x08008eec   0x08008eec   0x00000012   Code   RO          633    i.delay_ms          delay.o
    0x08008efe   0x08008efe   0x00000002   PAD
    0x08008f00   0x08008f00   0x00000048   Code   RO          634    i.delay_us          delay.o
    0x08008f48   0x08008f48   0x00000026   Code   RO         6284    i.disk_initialize   diskio.o
    0x08008f6e   0x08008f6e   0x00000062   Code   RO         6286    i.disk_read         diskio.o
    0x08008fd0   0x08008fd0   0x00000006   Code   RO         6287    i.disk_status       diskio.o
    0x08008fd6   0x08008fd6   0x00000062   Code   RO         6288    i.disk_write        diskio.o
    0x08009038   0x08009038   0x000000d4   Code   RO         4280    i.extix_init        exti.o
    0x0800910c   0x0800910c   0x00000054   Code   RO         6359    i.f_mount           ff.o
    0x08009160   0x08009160   0x00000078   Code   RO         6377    i.find_volume       ff.o
    0x080091d8   0x080091d8   0x00000040   Code   RO         6835    i.fonts_init        fonts.o
    0x08009218   0x08009218   0x0000001c   Code   RO          758    i.fputc             usart.o
    0x08009234   0x08009234   0x0000004c   Code   RO         7638    i.ft                hmac_sha1.o
    0x08009280   0x08009280   0x0000004e   Code   RO         6382    i.get_ldnumber      ff.o
    0x080092ce   0x080092ce   0x0000012e   Code   RO         7639    i.hmac_sha1         hmac_sha1.o
    0x080093fc   0x080093fc   0x00000050   Code   RO         4994    i.iic_ack           myiic.o
    0x0800944c   0x0800944c   0x0000000a   Code   RO         4995    i.iic_delay         myiic.o
    0x08009456   0x08009456   0x00000002   PAD
    0x08009458   0x08009458   0x00000078   Code   RO         4996    i.iic_init          myiic.o
    0x080094d0   0x080094d0   0x00000040   Code   RO         4997    i.iic_nack          myiic.o
    0x08009510   0x08009510   0x0000005c   Code   RO         4998    i.iic_read_byte     myiic.o
    0x0800956c   0x0800956c   0x0000006c   Code   RO         4999    i.iic_send_byte     myiic.o
    0x080095d8   0x080095d8   0x0000004c   Code   RO         5000    i.iic_start         myiic.o
    0x08009624   0x08009624   0x00000040   Code   RO         5001    i.iic_stop          myiic.o
    0x08009664   0x08009664   0x00000064   Code   RO         5002    i.iic_wait_ack      myiic.o
    0x080096c8   0x080096c8   0x00000034   Code   RO         7640    i.k                 hmac_sha1.o
    0x080096fc   0x080096fc   0x000000b8   Code   RO         4359    i.key_init          key.o
    0x080097b4   0x080097b4   0x000000a0   Code   RO         4360    i.key_scan          key.o
    0x08009854   0x08009854   0x00000034   Code   RO         4391    i.lcd_clear         lcd.o
    0x08009888   0x08009888   0x0000016c   Code   RO         4393    i.lcd_display_dir   lcd.o
    0x080099f4   0x080099f4   0x000000aa   Code   RO         4396    i.lcd_draw_circle   lcd.o
    0x08009a9e   0x08009a9e   0x000000ac   Code   RO         4398    i.lcd_draw_line     lcd.o
    0x08009b4a   0x08009b4a   0x00000002   PAD
    0x08009b4c   0x08009b4c   0x00000020   Code   RO         4399    i.lcd_draw_point    lcd.o
    0x08009b6c   0x08009b6c   0x0000004a   Code   RO         4400    i.lcd_draw_rectangle  lcd.o
    0x08009bb6   0x08009bb6   0x0000022c   Code   RO         4401    i.lcd_ex_ili9341_reginit  lcd.o
    0x08009de2   0x08009de2   0x00000340   Code   RO         4402    i.lcd_ex_ili9806_reginit  lcd.o
    0x0800a122   0x0800a122   0x00000ef2   Code   RO         4403    i.lcd_ex_nt35310_reginit  lcd.o
    0x0800b014   0x0800b014   0x00000efc   Code   RO         4404    i.lcd_ex_nt35510_reginit  lcd.o
    0x0800bf10   0x0800bf10   0x0000016e   Code   RO         4405    i.lcd_ex_ssd1963_reginit  lcd.o
    0x0800c07e   0x0800c07e   0x000001a8   Code   RO         4406    i.lcd_ex_st7789_reginit  lcd.o
    0x0800c226   0x0800c226   0x000001c6   Code   RO         4407    i.lcd_ex_st7796_reginit  lcd.o
    0x0800c3ec   0x0800c3ec   0x00000054   Code   RO         4408    i.lcd_fill          lcd.o
    0x0800c440   0x0800c440   0x00000468   Code   RO         4410    i.lcd_init          lcd.o
    0x0800c8a8   0x0800c8a8   0x0000000c   Code   RO         4411    i.lcd_opt_delay     lcd.o
    0x0800c8b4   0x0800c8b4   0x00000016   Code   RO         4412    i.lcd_pow           lcd.o
    0x0800c8ca   0x0800c8ca   0x00000002   PAD
    0x0800c8cc   0x0800c8cc   0x00000018   Code   RO         4413    i.lcd_rd_data       lcd.o
    0x0800c8e4   0x0800c8e4   0x0000023c   Code   RO         4415    i.lcd_scan_dir      lcd.o
    0x0800cb20   0x0800cb20   0x00000120   Code   RO         4416    i.lcd_set_cursor    lcd.o
    0x0800cc40   0x0800cc40   0x00000140   Code   RO         4418    i.lcd_show_char     lcd.o
    0x0800cd80   0x0800cd80   0x00000098   Code   RO         4419    i.lcd_show_num      lcd.o
    0x0800ce18   0x0800ce18   0x0000006a   Code   RO         4420    i.lcd_show_string   lcd.o
    0x0800ce82   0x0800ce82   0x00000002   PAD
    0x0800ce84   0x0800ce84   0x00000054   Code   RO         4422    i.lcd_ssd_backlight_set  lcd.o
    0x0800ced8   0x0800ced8   0x00000018   Code   RO         4423    i.lcd_wr_data       lcd.o
    0x0800cef0   0x0800cef0   0x00000018   Code   RO         4424    i.lcd_wr_regno      lcd.o
    0x0800cf08   0x0800cf08   0x00000014   Code   RO         4425    i.lcd_write_ram_prepare  lcd.o
    0x0800cf1c   0x0800cf1c   0x00000010   Code   RO         4426    i.lcd_write_reg     lcd.o
    0x0800cf2c   0x0800cf2c   0x00000018   Code   RO         6385    i.ld_dword          ff.o
    0x0800cf44   0x0800cf44   0x00000062   Code   RO         6386    i.ld_qword          ff.o
    0x0800cfa6   0x0800cfa6   0x0000000c   Code   RO         6387    i.ld_word           ff.o
    0x0800cfb2   0x0800cfb2   0x00000002   PAD
    0x0800cfb4   0x0800cfb4   0x00000090   Code   RO         4656    i.led_init          led.o
    0x0800d044   0x0800d044   0x00000688   Code   RO           13    i.main              main.o
    0x0800d6cc   0x0800d6cc   0x00000474   Code   RO         6390    i.mount_volume      ff.o
    0x0800db40   0x0800db40   0x00000034   Code   RO         6391    i.move_window       ff.o
    0x0800db74   0x0800db74   0x0000006c   Code   RO         6942    i.my_mem_free       malloc.o
    0x0800dbe0   0x0800dbe0   0x00000030   Code   RO         6943    i.my_mem_init       malloc.o
    0x0800dc10   0x0800dc10   0x000000a8   Code   RO         6944    i.my_mem_malloc     malloc.o
    0x0800dcb8   0x0800dcb8   0x00000040   Code   RO         6945    i.my_mem_perused    malloc.o
    0x0800dcf8   0x0800dcf8   0x00000014   Code   RO         6946    i.my_mem_set        malloc.o
    0x0800dd0c   0x0800dd0c   0x00000024   Code   RO         6947    i.myfree            malloc.o
    0x0800dd30   0x0800dd30   0x00000028   Code   RO         6948    i.mymalloc          malloc.o
    0x0800dd58   0x0800dd58   0x00000044   Code   RO         5359    i.norflash_erase_sector  norflash.o
    0x0800dd9c   0x0800dd9c   0x000000b8   Code   RO         5360    i.norflash_init     norflash.o
    0x0800de54   0x0800de54   0x00000050   Code   RO         5361    i.norflash_read     norflash.o
    0x0800dea4   0x0800dea4   0x00000050   Code   RO         5362    i.norflash_read_id  norflash.o
    0x0800def4   0x0800def4   0x0000005c   Code   RO         5363    i.norflash_read_sr  norflash.o
    0x0800df50   0x0800df50   0x00000034   Code   RO         5364    i.norflash_send_address  norflash.o
    0x0800df84   0x0800df84   0x00000014   Code   RO         5365    i.norflash_wait_busy  norflash.o
    0x0800df98   0x0800df98   0x000000b8   Code   RO         5366    i.norflash_write    norflash.o
    0x0800e050   0x0800e050   0x0000002c   Code   RO         5367    i.norflash_write_enable  norflash.o
    0x0800e07c   0x0800e07c   0x00000046   Code   RO         5368    i.norflash_write_nocheck  norflash.o
    0x0800e0c2   0x0800e0c2   0x00000002   PAD
    0x0800e0c4   0x0800e0c4   0x00000058   Code   RO         5369    i.norflash_write_page  norflash.o
    0x0800e11c   0x0800e11c   0x00000058   Code   RO         5370    i.norflash_write_sr  norflash.o
    0x0800e174   0x0800e174   0x000000ac   Code   RO         7059    i.parse_array       cjson.o
    0x0800e220   0x0800e220   0x00000114   Code   RO         7060    i.parse_hex4        cjson.o
    0x0800e334   0x0800e334   0x000001bc   Code   RO         7061    i.parse_number      cjson.o
    0x0800e4f0   0x0800e4f0   0x00000114   Code   RO         7062    i.parse_object      cjson.o
    0x0800e604   0x0800e604   0x000001cc   Code   RO         7063    i.parse_string      cjson.o
    0x0800e7d0   0x0800e7d0   0x000000bc   Code   RO         7064    i.parse_value       cjson.o
    0x0800e88c   0x0800e88c   0x000009d8   Code   RO         8028    i.pow               m_ws.l(pow.o)
    0x0800f264   0x0800f264   0x0000015c   Code   RO         5582    i.press_FR          as608.o
    0x0800f3c0   0x0800f3c0   0x0000002e   Code   RO         7641    i.rotl              hmac_sha1.o
    0x0800f3ee   0x0800f3ee   0x00000002   PAD
    0x0800f3f0   0x0800f3f0   0x00000284   Code   RO         7643    i.sha1              hmac_sha1.o
    0x0800f674   0x0800f674   0x00000012   Code   RO         7072    i.skip              cjson.o
    0x0800f686   0x0800f686   0x00000002   PAD
    0x0800f688   0x0800f688   0x00000020   Code   RO         5317    i.spi2_read_write_byte  spi2.o
    0x0800f6a8   0x0800f6a8   0x00000048   Code   RO         5318    i.spi2_set_speed    spi2.o
    0x0800f6f0   0x0800f6f0   0x0000004c   Code   RO         8214    i.sqrt              m_ws.l(sqrt.o)
    0x0800f73c   0x0800f73c   0x0000004a   Code   RO         6407    i.sync_window       ff.o
    0x0800f786   0x0800f786   0x00000066   Code   RO          687    i.sys_stm32_clock_init  sys.o
    0x0800f7ec   0x0800f7ec   0x000000e0   Code   RO         6890    i.text_get_hz_mat   text.o
    0x0800f8cc   0x0800f8cc   0x000000e0   Code   RO         6891    i.text_show_font    text.o
    0x0800f9ac   0x0800f9ac   0x000000c6   Code   RO         6892    i.text_show_string  text.o
    0x0800fa72   0x0800fa72   0x00000002   PAD
    0x0800fa74   0x0800fa74   0x00000074   Code   RO         6893    i.text_show_string_middle  text.o
    0x0800fae8   0x0800fae8   0x0000002c   Code   RO         4917    i.tim6_int_init     btim.o
    0x0800fb14   0x0800fb14   0x00000064   Code   RO         5923    i.tim7_int_init     timer7.o
    0x0800fb78   0x0800fb78   0x000003f0   Code   RO         5199    i.tp_adjust         touch.o
    0x0800ff68   0x0800ff68   0x00000148   Code   RO         5200    i.tp_adjust_info_show  touch.o
    0x080100b0   0x080100b0   0x00000076   Code   RO         5202    i.tp_draw_touch_point  touch.o
    0x08010126   0x08010126   0x00000002   PAD
    0x08010128   0x08010128   0x00000028   Code   RO         5203    i.tp_get_adjust_data  touch.o
    0x08010150   0x08010150   0x00000134   Code   RO         5204    i.tp_init           touch.o
    0x08010284   0x08010284   0x000000d8   Code   RO         5205    i.tp_read_ad        touch.o
    0x0801035c   0x0801035c   0x00000078   Code   RO         5206    i.tp_read_xoy       touch.o
    0x080103d4   0x080103d4   0x00000044   Code   RO         5207    i.tp_read_xy        touch.o
    0x08010418   0x08010418   0x000000b0   Code   RO         5208    i.tp_read_xy2       touch.o
    0x080104c8   0x080104c8   0x0000001c   Code   RO         5209    i.tp_save_adjust_data  touch.o
    0x080104e4   0x080104e4   0x00000130   Code   RO         5210    i.tp_scan           touch.o
    0x08010614   0x08010614   0x00000068   Code   RO         5211    i.tp_write_byte     touch.o
    0x0801067c   0x0801067c   0x00000058   Code   RO          759    i.u1_printf         usart.o
    0x080106d4   0x080106d4   0x000000d4   Code   RO          760    i.usart1_init       usart.o
    0x080107a8   0x080107a8   0x000000d0   Code   RO         5493    i.usart2_init       usart2.o
    0x08010878   0x08010878   0x0000002c   Code   RO         5965    i.usart3_init       usart3.o
    0x080108a4   0x080108a4   0x0000002c   Code   RO         8304    locale$$code        c_w.l(lc_ctype_c.o)
    0x080108d0   0x080108d0   0x0000002c   Code   RO         8307    locale$$code        c_w.l(lc_numeric_c.o)
    0x080108fc   0x080108fc   0x00000150   Code   RO         7963    x$fpl$dadd          fz_ws.l(daddsub_clz.o)
    0x08010a4c   0x08010a4c   0x00000010   Code   RO         8318    x$fpl$dcheck1       fz_ws.l(dcheck1.o)
    0x08010a5c   0x08010a5c   0x00000018   Code   RO         8173    x$fpl$dcmpinf       fz_ws.l(dcmpi.o)
    0x08010a74   0x08010a74   0x000002b0   Code   RO         7970    x$fpl$ddiv          fz_ws.l(ddiv.o)
    0x08010d24   0x08010d24   0x0000005e   Code   RO         7975    x$fpl$dfix          fz_ws.l(dfix.o)
    0x08010d82   0x08010d82   0x00000002   PAD
    0x08010d84   0x08010d84   0x0000005a   Code   RO         7979    x$fpl$dfixu         fz_ws.l(dfixu.o)
    0x08010dde   0x08010dde   0x0000002e   Code   RO         7984    x$fpl$dflt          fz_ws.l(dflt_clz.o)
    0x08010e0c   0x08010e0c   0x00000026   Code   RO         7983    x$fpl$dfltu         fz_ws.l(dflt_clz.o)
    0x08010e32   0x08010e32   0x00000002   PAD
    0x08010e34   0x08010e34   0x00000078   Code   RO         7989    x$fpl$dleqf         fz_ws.l(dleqf.o)
    0x08010eac   0x08010eac   0x00000154   Code   RO         7991    x$fpl$dmul          fz_ws.l(dmul.o)
    0x08011000   0x08011000   0x0000009c   Code   RO         8175    x$fpl$dnaninf       fz_ws.l(dnaninf.o)
    0x0801109c   0x0801109c   0x0000000c   Code   RO         8177    x$fpl$dretinf       fz_ws.l(dretinf.o)
    0x080110a8   0x080110a8   0x0000006c   Code   RO         7993    x$fpl$drleqf        fz_ws.l(drleqf.o)
    0x08011114   0x08011114   0x00000016   Code   RO         7964    x$fpl$drsb          fz_ws.l(daddsub_clz.o)
    0x0801112a   0x0801112a   0x00000002   PAD
    0x0801112c   0x0801112c   0x000001cc   Code   RO         8320    x$fpl$dsqrt         fz_ws.l(dsqrt_noumaal.o)
    0x080112f8   0x080112f8   0x000001d4   Code   RO         7965    x$fpl$dsub          fz_ws.l(daddsub_clz.o)
    0x080114cc   0x080114cc   0x000000c4   Code   RO         7997    x$fpl$fadd          fz_ws.l(faddsub_clz.o)
    0x08011590   0x08011590   0x00000184   Code   RO         8004    x$fpl$fdiv          fz_ws.l(fdiv.o)
    0x08011714   0x08011714   0x0000003e   Code   RO         8009    x$fpl$ffixu         fz_ws.l(ffixu.o)
    0x08011752   0x08011752   0x00000002   PAD
    0x08011754   0x08011754   0x00000030   Code   RO         8014    x$fpl$fflt          fz_ws.l(fflt_clz.o)
    0x08011784   0x08011784   0x00000102   Code   RO         8019    x$fpl$fmul          fz_ws.l(fmul.o)
    0x08011886   0x08011886   0x0000008c   Code   RO         8181    x$fpl$fnaninf       fz_ws.l(fnaninf.o)
    0x08011912   0x08011912   0x0000000a   Code   RO         8183    x$fpl$fretinf       fz_ws.l(fretinf.o)
    0x0801191c   0x0801191c   0x000000ea   Code   RO         7999    x$fpl$fsub          fz_ws.l(faddsub_clz.o)
    0x08011a06   0x08011a06   0x00000004   Code   RO         8021    x$fpl$printf1       fz_ws.l(printf1.o)
    0x08011a0a   0x08011a0a   0x00000004   Code   RO         8185    x$fpl$printf2       fz_ws.l(printf2.o)
    0x08011a0e   0x08011a0e   0x00000064   Code   RO         8352    x$fpl$retnan        fz_ws.l(retnan.o)
    0x08011a72   0x08011a72   0x0000005c   Code   RO         8191    x$fpl$scalbn        fz_ws.l(scalbn.o)
    0x08011ace   0x08011ace   0x00000030   Code   RO         8384    x$fpl$trapveneer    fz_ws.l(trapv.o)
    0x08011afe   0x08011afe   0x00000000   Code   RO         8193    x$fpl$usenofp       fz_ws.l(usenofp.o)
    0x08011afe   0x08011afe   0x00000018   Data   RO          596    .constdata          system_stm32f1xx.o
    0x08011b16   0x08011b16   0x00002f80   Data   RO         4428    .constdata          lcd.o
    0x08014a96   0x08014a96   0x00000002   PAD
    0x08014a98   0x08014a98   0x00000004   Data   RO         5212    .constdata          touch.o
    0x08014a9c   0x08014a9c   0x00000018   Data   RO         6953    .constdata          malloc.o
    0x08014ab4   0x08014ab4   0x00000007   Data   RO         7075    .constdata          cjson.o
    0x08014abb   0x08014abb   0x000000c0   Data   RO         7617    .constdata          base64.o
    0x08014b7b   0x08014b7b   0x00000028   Data   RO         7895    .constdata          c_w.l(_printf_hex_int_ll_ptr.o)
    0x08014ba3   0x08014ba3   0x00000011   Data   RO         7915    .constdata          c_w.l(__printf_flags_ss_wp.o)
    0x08014bb4   0x08014bb4   0x00000004   PAD
    0x08014bb8   0x08014bb8   0x00000088   Data   RO         8029    .constdata          m_ws.l(pow.o)
    0x08014c40   0x08014c40   0x00000008   Data   RO         8096    .constdata          c_w.l(_printf_wctomb.o)
    0x08014c48   0x08014c48   0x00000008   Data   RO         8212    .constdata          m_ws.l(qnan.o)
    0x08014c50   0x08014c50   0x00000026   Data   RO         8262    .constdata          c_w.l(_printf_fp_hex.o)
    0x08014c76   0x08014c76   0x00000002   PAD
    0x08014c78   0x08014c78   0x00000094   Data   RO         8273    .constdata          c_w.l(bigflt0.o)
    0x08014d0c   0x08014d0c   0x00000079   Data   RO         5213    .conststring        touch.o
    0x08014d85   0x08014d85   0x00000003   PAD
    0x08014d88   0x08014d88   0x00000059   Data   RO         5584    .conststring        as608.o
    0x08014de1   0x08014de1   0x00000003   PAD
    0x08014de4   0x08014de4   0x00000005   Data   RO         5807    .conststring        password.o
    0x08014de9   0x08014de9   0x00000003   PAD
    0x08014dec   0x08014dec   0x00000047   Data   RO         7699    .conststring        onenet.o
    0x08014e33   0x08014e33   0x00000001   PAD
    0x08014e34   0x08014e34   0x00000020   Data   RO         8412    Region$$Table       anon$$obj.o
    0x08014e54   0x08014e54   0x00000110   Data   RO         8303    locale$$data        c_w.l(lc_ctype_c.o)
    0x08014f64   0x08014f64   0x0000001c   Data   RO         8306    locale$$data        c_w.l(lc_numeric_c.o)


    Execution Region RW_IRAM1 (Exec base: 0x20000000, Load base: 0x08014f80, Size: 0x0000d370, Max: 0x00010000, ABSOLUTE, COMPRESSED[0x000000d0])

    Exec Addr    Load Addr    Size         Type   Attr      Idx    E Section Name        Object

    0x20000000   COMPRESSED   0x0000001e   Data   RW           14    .data               main.o
    0x2000001e   COMPRESSED   0x00000002   PAD
    0x20000020   COMPRESSED   0x00000004   Data   RW          597    .data               system_stm32f1xx.o
    0x20000024   COMPRESSED   0x00000004   Data   RW          635    .data               delay.o
    0x20000028   COMPRESSED   0x00000006   Data   RW          762    .data               usart.o
    0x2000002e   COMPRESSED   0x00000002   PAD
    0x20000030   COMPRESSED   0x00000009   Data   RW          857    .data               stm32f1xx_hal.o
    0x20000039   COMPRESSED   0x00000001   Data   RW         4072    .data               beep.o
    0x2000003a   COMPRESSED   0x00000001   Data   RW         4361    .data               key.o
    0x2000003b   COMPRESSED   0x00000001   PAD
    0x2000003c   COMPRESSED   0x00000008   Data   RW         4429    .data               lcd.o
    0x20000044   COMPRESSED   0x00000001   Data   RW         4657    .data               led.o
    0x20000045   COMPRESSED   0x00000067   Data   RW         4775    .data               rc522.o
    0x200000ac   COMPRESSED   0x00000048   Data   RW         5214    .data               touch.o
    0x200000f4   COMPRESSED   0x00000002   Data   RW         5372    .data               norflash.o
    0x200000f6   COMPRESSED   0x00000002   Data   RW         5495    .data               usart2.o
    0x200000f8   COMPRESSED   0x00000085   Data   RW         5585    .data               as608.o
    0x2000017d   COMPRESSED   0x00000003   PAD
    0x20000180   COMPRESSED   0x00000041   Data   RW         5808    .data               password.o
    0x200001c1   COMPRESSED   0x00000003   PAD
    0x200001c4   COMPRESSED   0x00000008   Data   RW         6022    .data               exfuns.o
    0x200001cc   COMPRESSED   0x0000000a   Data   RW         6414    .data               ff.o
    0x200001d6   COMPRESSED   0x00000002   PAD
    0x200001d8   COMPRESSED   0x0000001c   Data   RW         6954    .data               malloc.o
    0x200001f4   COMPRESSED   0x0000000c   Data   RW         7076    .data               cjson.o
    0x20000200   COMPRESSED   0x00000005   Data   RW         7371    .data               esp8266.o
    0x20000205   COMPRESSED   0x00000001   PAD
    0x20000206   COMPRESSED   0x00000002   Data   RW         7700    .data               onenet.o
    0x20000208        -       0x00000360   Zero   RW          761    .bss                usart.o
    0x20000568        -       0x00000056   Zero   RW         4427    .bss                lcd.o
    0x200005be        -       0x00000010   Zero   RW         4774    .bss                rc522.o
    0x200005ce   COMPRESSED   0x00000002   PAD
    0x200005d0        -       0x00000048   Zero   RW         4918    .bss                btim.o
    0x20000618        -       0x00000058   Zero   RW         4960    .bss                pwmtimer.o
    0x20000670        -       0x00000058   Zero   RW         5319    .bss                spi2.o
    0x200006c8        -       0x00001000   Zero   RW         5371    .bss                norflash.o
    0x200016c8        -       0x00000360   Zero   RW         5494    .bss                usart2.o
    0x20001a28        -       0x0000000c   Zero   RW         5583    .bss                as608.o
    0x20001a34        -       0x00000048   Zero   RW         5924    .bss                timer7.o
    0x20001a7c        -       0x00000040   Zero   RW         5966    .bss                usart3.o
    0x20001abc        -       0x00000021   Zero   RW         6839    .bss                fonts.o
    0x20001add   COMPRESSED   0x00000023   PAD
    0x20001b00        -       0x0000aa00   Zero   RW         6952    .bss                malloc.o
    0x2000c500        -       0x0000020a   Zero   RW         7370    .bss                esp8266.o
    0x2000c70a   COMPRESSED   0x00000002   PAD
    0x2000c70c        -       0x00000060   Zero   RW         8222    .bss                c_w.l(libspace.o)
    0x2000c76c   COMPRESSED   0x00000004   PAD
    0x2000c770        -       0x00000400   Zero   RW            2    HEAP                startup_stm32f103xe.o
    0x2000cb70        -       0x00000800   Zero   RW            1    STACK               startup_stm32f103xe.o



  Load Region LR$$.ARM.__AT_0x68000000 (Base: 0x68000000, Size: 0x00000000, Max: 0x00000020, ABSOLUTE)

    Execution Region ER$$.ARM.__AT_0x68000000 (Exec base: 0x68000000, Load base: 0x68000000, Size: 0x00000020, Max: 0x00000020, ABSOLUTE, UNINIT)

    Exec Addr    Load Addr    Size         Type   Attr      Idx    E Section Name        Object

    0x68000000        -       0x00000020   Zero   RW         6950    .ARM.__AT_0x68000000  malloc.o



  Load Region LR$$.ARM.__AT_0x68000020 (Base: 0x68000020, Size: 0x00000000, Max: 0x00000004, ABSOLUTE)

    Execution Region ER$$.ARM.__AT_0x68000020 (Exec base: 0x68000020, Load base: 0x68000020, Size: 0x00000004, Max: 0x00000004, ABSOLUTE, UNINIT)

    Exec Addr    Load Addr    Size         Type   Attr      Idx    E Section Name        Object

    0x68000020        -       0x00000002   Zero   RW         6951    .ARM.__AT_0x68000020  malloc.o


==============================================================================

Image component sizes


      Code (inc. data)   RO Data    RW Data    ZI Data      Debug   Object Name

       236          0          0          0          0       3431   24cxx.o
      5188       1156         89        133         12      20631   as608.o
       688          8        192          0          0       3144   base64.o
       120         20          0          1          0     440503   beep.o
       180         28          0          0         72       2353   btim.o
      2176         82          7         12          0      12209   cjson.o
       114         10          0          4          0       2463   delay.o
       240          0          0          0          0       4361   diskio.o
       980        394          0          5        522       5596   esp8266.o
         0          0          0          8          0       4011   exfuns.o
       264         28          0          0          0       3019   exti.o
      1968         52          0         10          0      25438   ff.o
        64          4          0          0         33       2206   fonts.o
       236         24          0          0          0       1384   hc05.o
      1120         30          0          0          0       4503   hmac_sha1.o
       344         24          0          1          0       1690   key.o
     14178        176      12160          8         86      29120   lcd.o
       368         56          0          1          0       3004   led.o
      1672        336          0         30          0      11926   main.o
       484         54         24         28      43554       6411   malloc.o
      2374         58          0          0          0      14212   mqttkit.o
       714         42          0          0          0       5286   myiic.o
      1050         54          0          2       4096       8448   norflash.o
      2348       1008         71          2          0      10561   onenet.o
      2514        260          5         65          0       7428   password.o
       204         22          0          0         88       1934   pwmtimer.o
      2512        292          0        103         16      14571   rc522.o
        68         12          0          0          0       1026   servo.o
       200         12          0          0          0       1072   spi.o
       280         26          0          0         88       2360   spi2.o
        64         26        304          0       3072        940   startup_stm32f103xe.o
       154         32          0          9          0       6555   stm32f1xx_hal.o
       304         22          0          0          0      29595   stm32f1xx_hal_cortex.o
       424         10          0          0          0       1279   stm32f1xx_hal_dma.o
       888         44          0          0          0       4058   stm32f1xx_hal_gpio.o
      1784        110          0          0          0       6208   stm32f1xx_hal_rcc.o
      1226          6          0          0          0       5897   stm32f1xx_hal_spi.o
       102          0          0          0          0       1248   stm32f1xx_hal_sram.o
      1526        102          0          0          0       9890   stm32f1xx_hal_tim.o
      1696         10          0          0          0      11002   stm32f1xx_hal_uart.o
        32          0          0          0          0     501286   stm32f1xx_it.o
       254         10          0          0          0       3927   stm32f1xx_ll_fsmc.o
       102          0          0          0          0        731   sys.o
         2          0         24          4          0       1403   system_stm32f1xx.o
       762         16          0          0          0       4490   text.o
       168         20          0          0         72       2222   timer7.o
      2818        158        125         72          0      11326   touch.o
       456         56          0          6        864       6255   usart.o
       328         42          0          2        864       2247   usart2.o
       204         30          0          0         64       2502   usart3.o

    ----------------------------------------------------------------------
     56246       4962      13045        520      53544    1267362   Object Totals
         0          0         32          0          0          0   (incl. Generated)
        68          0         12         14         41          0   (incl. Padding)

    ----------------------------------------------------------------------

      Code (inc. data)   RO Data    RW Data    ZI Data      Debug   Library Member Name

        24          4          0          0          0         84   __2printf.o
        56          6          0          0          0         88   __2snprintf.o
        44          6          0          0          0         84   __2sprintf.o
        90          0          0          0          0          0   __dczerorl2.o
         8          0          0          0          0         68   __main.o
       392          4         17          0          0         92   __printf_flags_ss_wp.o
        14          0          0          0          0         68   __printf_wp.o
         0          0          0          0          0          0   __rtentry.o
        12          0          0          0          0          0   __rtentry2.o
         6          0          0          0          0          0   __rtentry4.o
        52          8          0          0          0          0   __scatter.o
        28          0          0          0          0          0   __scatter_zi.o
         6          0          0          0          0          0   _printf_a.o
         6          0          0          0          0          0   _printf_c.o
        44          0          0          0          0        108   _printf_char.o
        48          6          0          0          0         96   _printf_char_common.o
        36          4          0          0          0         80   _printf_char_file.o
        40          0          0          0          0         68   _printf_charcount.o
         6          0          0          0          0          0   _printf_d.o
       120         16          0          0          0         92   _printf_dec.o
         6          0          0          0          0          0   _printf_e.o
         6          0          0          0          0          0   _printf_f.o
      1054          0          0          0          0        216   _printf_fp_dec.o
       764          8         38          0          0        100   _printf_fp_hex.o
       128         16          0          0          0         84   _printf_fp_infnan.o
         6          0          0          0          0          0   _printf_g.o
       148          4         40          0          0        160   _printf_hex_int_ll_ptr.o
         6          0          0          0          0          0   _printf_i.o
       178          0          0          0          0         88   _printf_intcommon.o
        10          0          0          0          0          0   _printf_l.o
         6          0          0          0          0          0   _printf_lc.o
        10          0          0          0          0          0   _printf_ll.o
         6          0          0          0          0          0   _printf_lld.o
         6          0          0          0          0          0   _printf_lli.o
         6          0          0          0          0          0   _printf_llo.o
         6          0          0          0          0          0   _printf_llu.o
         6          0          0          0          0          0   _printf_llx.o
       124         16          0          0          0         92   _printf_longlong_dec.o
         6          0          0          0          0          0   _printf_ls.o
         6          0          0          0          0          0   _printf_n.o
         6          0          0          0          0          0   _printf_o.o
       112         10          0          0          0        124   _printf_oct_int_ll.o
         6          0          0          0          0          0   _printf_p.o
        78          0          0          0          0        108   _printf_pad.o
         0          0          0          0          0          0   _printf_percent.o
         4          0          0          0          0          0   _printf_percent_end.o
         6          0          0          0          0          0   _printf_s.o
        82          0          0          0          0         80   _printf_str.o
        36          0          0          0          0         84   _printf_truncate.o
         6          0          0          0          0          0   _printf_u.o
        44          0          0          0          0        108   _printf_wchar.o
       188          6          8          0          0         92   _printf_wctomb.o
         6          0          0          0          0          0   _printf_x.o
        22          0          0          0          0        100   _rserrno.o
        16          0          0          0          0         68   _snputc.o
        10          0          0          0          0         68   _sputc.o
        64          0          0          0          0         92   _wcrtomb.o
       228          4        148          0          0         96   bigflt0.o
      1936        128          0          0          0        672   btod.o
        10          0          0          0          0         68   defsig_exit.o
        50          0          0          0          0         88   defsig_general.o
        80         58          0          0          0         76   defsig_rtmem_inner.o
        14          0          0          0          0         80   defsig_rtmem_outer.o
        18          0          0          0          0         80   exit.o
         8          0          0          0          0         68   ferror.o
        94          0          0          0          0         80   h1_alloc.o
        52          0          0          0          0         68   h1_extend.o
        78          0          0          0          0         80   h1_free.o
        14          0          0          0          0         84   h1_init.o
         6          0          0          0          0        152   heapauxi.o
         4          0          0          0          0        136   hguard.o
       138          0          0          0          0        168   init_alloc.o
        44         10        272          0          0         76   lc_ctype_c.o
        44         10         28          0          0         76   lc_numeric_c.o
         2          0          0          0          0          0   libinit.o
        38          0          0          0          0          0   libinit2.o
         2          0          0          0          0          0   libshutdown.o
         2          0          0          0          0          0   libshutdown2.o
         8          4          0          0         96         68   libspace.o
       138          0          0          0          0         80   lludiv10.o
         0          0          0          0          0          0   maybetermalloc1.o
        88          0          0          0          0         76   memcmp.o
        16          4          0          0          0         76   rt_ctype_table.o
         8          4          0          0          0         68   rt_errno_addr_intlibspace.o
         8          4          0          0          0         68   rt_heap_descriptor_intlibspace.o
         8          4          0          0          0         68   rt_locale_intlibspace.o
        68          0          0          0          0         68   rt_memclr.o
        78          0          0          0          0         80   rt_memclr_w.o
       138          0          0          0          0         68   rt_memcpy_v6.o
       100          0          0          0          0         80   rt_memcpy_w.o
         2          0          0          0          0          0   rtexit.o
        10          0          0          0          0          0   rtexit2.o
        24          0          0          0          0         68   strcat.o
        20          0          0          0          0         68   strchr.o
       128          0          0          0          0         68   strcmpv7m.o
        72          0          0          0          0         80   strcpy.o
        62          0          0          0          0         76   strlen.o
        36          0          0          0          0         76   strncat.o
       150          0          0          0          0         80   strncmp.o
        36          0          0          0          0         80   strstr.o
        74          0          0          0          0         80   sys_stackheap_outer.o
        26          0          0          0          0         76   tolower.o
         2          0          0          0          0         68   use_no_semi.o
         2          0          0          0          0         68   use_no_semi_2.o
        36          4          0          0          0         76   vsprintf.o
       826         16          0          0          0        348   daddsub_clz.o
        16          4          0          0          0         68   dcheck1.o
        24          0          0          0          0         68   dcmpi.o
       688        140          0          0          0        208   ddiv.o
        94          4          0          0          0         92   dfix.o
        90          4          0          0          0         92   dfixu.o
        84          0          0          0          0        136   dflt_clz.o
       120          4          0          0          0         92   dleqf.o
       340         12          0          0          0        104   dmul.o
       156          4          0          0          0         92   dnaninf.o
        12          0          0          0          0         68   dretinf.o
       108          0          0          0          0         80   drleqf.o
       460         56          0          0          0        120   dsqrt_noumaal.o
       430          8          0          0          0        168   faddsub_clz.o
       388         76          0          0          0         96   fdiv.o
        62          4          0          0          0         84   ffixu.o
        48          0          0          0          0         68   fflt_clz.o
       258          4          0          0          0         84   fmul.o
       140          4          0          0          0         84   fnaninf.o
        10          0          0          0          0         68   fretinf.o
         4          0          0          0          0         68   printf1.o
         4          0          0          0          0         68   printf2.o
       100          0          0          0          0         68   retnan.o
        92          0          0          0          0         68   scalbn.o
        48          0          0          0          0         68   trapv.o
         0          0          0          0          0          0   usenofp.o
        62         10          0          0          0        340   dunder.o
        40          0          0          0          0         68   fpclassify.o
       170          0          0          0          0         96   poly.o
      2520        190        136          0          0        324   pow.o
         0          0          8          0          0          0   qnan.o
        76          0          0          0          0         84   sqrt.o

    ----------------------------------------------------------------------
     15896        888        701          0        100       9976   Library Totals
        20          0          6          0          4          0   (incl. Padding)

    ----------------------------------------------------------------------

      Code (inc. data)   RO Data    RW Data    ZI Data      Debug   Library Name

      8406        348        551          0         96       6504   c_w.l
      4602        340          0          0          0       2560   fz_ws.l
      2868        200        144          0          0        912   m_ws.l

    ----------------------------------------------------------------------
     15896        888        701          0        100       9976   Library Totals

    ----------------------------------------------------------------------

==============================================================================


      Code (inc. data)   RO Data    RW Data    ZI Data      Debug   

     72142       5850      13746        520      53644    1255702   Grand Totals
     72142       5850      13746        208      53644    1255702   ELF Image Totals (compressed)
     72142       5850      13746        208          0          0   ROM Totals

==============================================================================

    Total RO  Size (Code + RO Data)                85888 (  83.88kB)
    Total RW  Size (RW Data + ZI Data)             54164 (  52.89kB)
    Total ROM Size (Code + RO Data + RW Data)      86096 (  84.08kB)

==============================================================================

