Component: ARM Compiler 5.06 update 7 (build 960) Tool: armlink [4d3601]

==============================================================================

Section Cross References

    startup_stm32f103xe.o(STACK) refers (Special) to heapauxi.o(.text) for __use_two_region_memory
    startup_stm32f103xe.o(HEAP) refers (Special) to heapauxi.o(.text) for __use_two_region_memory
    startup_stm32f103xe.o(RESET) refers (Special) to heapauxi.o(.text) for __use_two_region_memory
    startup_stm32f103xe.o(RESET) refers to startup_stm32f103xe.o(STACK) for __initial_sp
    startup_stm32f103xe.o(RESET) refers to startup_stm32f103xe.o(.text) for Reset_Handler
    startup_stm32f103xe.o(RESET) refers to stm32f1xx_it.o(i.NMI_Handler) for NMI_Handler
    startup_stm32f103xe.o(RESET) refers to stm32f1xx_it.o(i.HardFault_Handler) for HardFault_Handler
    startup_stm32f103xe.o(RESET) refers to stm32f1xx_it.o(i.MemManage_Handler) for MemManage_Handler
    startup_stm32f103xe.o(RESET) refers to stm32f1xx_it.o(i.BusFault_Handler) for BusFault_Handler
    startup_stm32f103xe.o(RESET) refers to stm32f1xx_it.o(i.UsageFault_Handler) for UsageFault_Handler
    startup_stm32f103xe.o(RESET) refers to stm32f1xx_it.o(i.SVC_Handler) for SVC_Handler
    startup_stm32f103xe.o(RESET) refers to stm32f1xx_it.o(i.DebugMon_Handler) for DebugMon_Handler
    startup_stm32f103xe.o(RESET) refers to stm32f1xx_it.o(i.PendSV_Handler) for PendSV_Handler
    startup_stm32f103xe.o(RESET) refers to stm32f1xx_it.o(i.SysTick_Handler) for SysTick_Handler
    startup_stm32f103xe.o(RESET) refers to rtc.o(i.RTC_IRQHandler) for RTC_IRQHandler
    startup_stm32f103xe.o(RESET) refers to exti.o(i.EXTI3_IRQHandler) for EXTI3_IRQHandler
    startup_stm32f103xe.o(RESET) refers to exti.o(i.EXTI4_IRQHandler) for EXTI4_IRQHandler
    startup_stm32f103xe.o(RESET) refers to time2.o(i.TIM2_IRQHandler) for TIM2_IRQHandler
    startup_stm32f103xe.o(RESET) refers to usart.o(i.USART1_IRQHandler) for USART1_IRQHandler
    startup_stm32f103xe.o(RESET) refers to usart2.o(i.USART2_IRQHandler) for USART2_IRQHandler
    startup_stm32f103xe.o(RESET) refers to usart3.o(i.USART3_IRQHandler) for USART3_IRQHandler
    startup_stm32f103xe.o(RESET) refers to btim.o(i.TIM6_IRQHandler) for TIM6_IRQHandler
    startup_stm32f103xe.o(RESET) refers to timer7.o(i.TIM7_IRQHandler) for TIM7_IRQHandler
    startup_stm32f103xe.o(.text) refers (Special) to heapauxi.o(.text) for __use_two_region_memory
    startup_stm32f103xe.o(.text) refers to system_stm32f1xx.o(i.SystemInit) for SystemInit
    startup_stm32f103xe.o(.text) refers to __main.o(!!!main) for __main
    startup_stm32f103xe.o(.text) refers to startup_stm32f103xe.o(HEAP) for Heap_Mem
    startup_stm32f103xe.o(.text) refers to startup_stm32f103xe.o(STACK) for Stack_Mem
    main.o(i.BLE_TEXT) refers to lcd.o(i.lcd_clear) for lcd_clear
    main.o(i.BLE_TEXT) refers to text.o(i.text_show_string_middle) for text_show_string_middle
    main.o(i.main) refers to stm32f1xx_hal.o(i.HAL_Init) for HAL_Init
    main.o(i.main) refers to sys.o(i.sys_stm32_clock_init) for sys_stm32_clock_init
    main.o(i.main) refers to delay.o(i.delay_init) for delay_init
    main.o(i.main) refers to usart.o(i.usart1_init) for usart1_init
    main.o(i.main) refers to usart2.o(i.usart2_init) for usart2_init
    main.o(i.main) refers to usart3.o(i.usart3_init) for usart3_init
    main.o(i.main) refers to time2.o(i.time2_init) for time2_init
    main.o(i.main) refers to beep.o(i.beep_init) for beep_init
    main.o(i.main) refers to lcd.o(i.lcd_init) for lcd_init
    main.o(i.main) refers to as608.o(i.PS_StaGPIO_Init) for PS_StaGPIO_Init
    main.o(i.main) refers to led.o(i.led_init) for led_init
    main.o(i.main) refers to key.o(i.key_init) for key_init
    main.o(i.main) refers to rc522.o(i.RC522_Init) for RC522_Init
    main.o(i.main) refers to servo.o(i.Servo_Init) for Servo_Init
    main.o(i.main) refers to exti.o(i.extix_init) for extix_init
    main.o(i.main) refers to servo.o(i.Servo_SetAngle) for Servo_SetAngle
    main.o(i.main) refers to norflash.o(i.norflash_init) for norflash_init
    main.o(i.main) refers to rtc.o(i.rtc_init) for rtc_init
    main.o(i.main) refers to malloc.o(i.my_mem_init) for my_mem_init
    main.o(i.main) refers to ff.o(i.f_mount) for f_mount
    main.o(i.main) refers to 24cxx.o(i.at24cxx_read) for at24cxx_read
    main.o(i.main) refers to lcd.o(i.lcd_show_string) for lcd_show_string
    main.o(i.main) refers to delay.o(i.delay_ms) for delay_ms
    main.o(i.main) refers to lcd.o(i.lcd_fill) for lcd_fill
    main.o(i.main) refers to fonts.o(i.fonts_init) for fonts_init
    main.o(i.main) refers to stm32f1xx_hal_gpio.o(i.HAL_GPIO_WritePin) for HAL_GPIO_WritePin
    main.o(i.main) refers to hc05.o(i.HC05_Init) for HC05_Init
    main.o(i.main) refers to key.o(i.key_scan) for key_scan
    main.o(i.main) refers to esp8266.o(i.WIFI_MODIFY) for WIFI_MODIFY
[...]
    ID4                                      0x20000003   Data           1  main.o(.data)
    ID5                                      0x20000004   Data           1  main.o(.data)
    processsum                               0x20000005   Data           1  main.o(.data)
    hc_pwd                                   0x20000006   Data           4  main.o(.data)
    initial_pwd                              0x2000000a   Data           4  main.o(.data)
    wifi_pwd_leng                            0x2000000e   Data           1  main.o(.data)
    real_time                                0x20000010   Data           4  main.o(.data)
    creation_times                           0x20000014   Data           4  main.o(.data)
    SystemCoreClock                          0x20000018   Data           4  system_stm32f1xx.o(.data)
    __stdout                                 0x20000020   Data           4  usart.o(.data)
    USART1_RX_STA                            0x20000024   Data           2  usart.o(.data)
    uwTick                                   0x20000028   Data           4  stm32f1xx_hal.o(.data)
    uwTickPrio                               0x2000002c   Data           4  stm32f1xx_hal.o(.data)
    uwTickFreq                               0x20000030   Data           1  stm32f1xx_hal.o(.data)
    beep_info                                0x20000031   Data           1  beep.o(.data)
    g_point_color                            0x20000034   Data           4  lcd.o(.data)
    g_back_color                             0x20000038   Data           4  lcd.o(.data)
    led_info                                 0x2000003c   Data           1  led.o(.data)
    CT                                       0x2000003d   Data           2  rc522.o(.data)
    SN                                       0x2000003f   Data           4  rc522.o(.data)
    lxl_bit                                  0x20000043   Data           1  rc522.o(.data)
    card1_bit                                0x20000044   Data           1  rc522.o(.data)
    card2_bit                                0x20000045   Data           1  rc522.o(.data)
    card3_bit                                0x20000046   Data           1  rc522.o(.data)
    card4_bit                                0x20000047   Data           1  rc522.o(.data)
    total                                    0x20000048   Data           1  rc522.o(.data)
    Card_ID1                                 0x20000049   Data           8  rc522.o(.data)
    Card_ID2                                 0x20000051   Data           8  rc522.o(.data)
    Card_ID3                                 0x20000059   Data           8  rc522.o(.data)
    Card_ID4                                 0x20000061   Data           8  rc522.o(.data)
    Card_ID5                                 0x20000069   Data           8  rc522.o(.data)
    Card_OK                                  0x20000071   Data           1  rc522.o(.data)
    lxl                                      0x20000072   Data           4  rc522.o(.data)
    card_1                                   0x20000076   Data           4  rc522.o(.data)
    card_2                                   0x2000007a   Data           4  rc522.o(.data)
    card_3                                   0x2000007e   Data           4  rc522.o(.data)
    card_4                                   0x20000082   Data           4  rc522.o(.data)
    KEY                                      0x20000086   Data           6  rc522.o(.data)
    AUDIO_OPEN                               0x2000008c   Data           6  rc522.o(.data)
    RFID1                                    0x20000092   Data          16  rc522.o(.data)
    status                                   0x200000a2   Data           1  rc522.o(.data)
    s                                        0x200000a3   Data           1  rc522.o(.data)
    tp_dev                                   0x200000a4   Data          72  touch.o(.data)
    g_norflash_type                          0x200000ec   Data           2  norflash.o(.data)
    USART2_RX_STA                            0x200000ee   Data           2  usart2.o(.data)
    AS608Addr                                0x200000f0   Data           4  as608.o(.data)
    ValidN                                   0x200000f4   Data           2  as608.o(.data)
    PS_kbd_tbl                               0x200000f8   Data           4  as608.o(.data)
    kbd_menu                                 0x200000fc   Data          60  as608.o(.data)
    kbd_delFR                                0x20000138   Data          60  as608.o(.data)
    PW_kbd_tbl                               0x20000178   Data           4  password.o(.data)
    kbd_passwordmenu                         0x2000017c   Data          60  password.o(.data)
    current_time                             0x200001b8   Data           4  password.o(.data)
    time_diff                                0x200001bc   Data           4  password.o(.data)
    error_cnt                                0x200001c0   Data           1  password.o(.data)
    generate_pwd_status                      0x200001c1   Data           1  password.o(.data)
    lock_time                                0x200001c4   Data           4  time2.o(.data)
    LOCKUP_START                             0x200001c8   Data           1  time2.o(.data)
    timestamp                                0x200001cc   Data           4  rtc.o(.data)
    t                                        0x200001d0   Data           1  rtc.o(.data)
    fs                                       0x200001d4   Data           8  exfuns.o(.data)
    mallco_dev                               0x200001e8   Data          28  malloc.o(.data)
    esp8266_cnt                              0x20000210   Data           2  esp8266.o(.data)
    esp8266_cntPre                           0x20000212   Data           2  esp8266.o(.data)
    a_esp8266_buf                            0x20000214   Data           1  esp8266.o(.data)
    generate_pwd                             0x20000218   Data           5  onenet.o(.data)
    generate_time                            0x20000220   Data           4  onenet.o(.data)
    UART1_Handler                            0x20000228   Data          64  usart.o(.bss)
    USART1_TX_BUF                            0x20000268   Data         400  usart.o(.bss)
    USART1_RX_BUF                            0x200003f8   Data        1024  usart.o(.bss)
    g_sram_handle                            0x200007f8   Data          72  lcd.o(.bss)
    lcddev                                   0x20000840   Data          14  lcd.o(.bss)
    RFID                                     0x2000084e   Data          16  rc522.o(.bss)
    htim6                                    0x20000860   Data          72  btim.o(.bss)
    htim4                                    0x200008a8   Data          72  pwmtimer.o(.bss)
    gpio_init_struct                         0x200008f0   Data          16  pwmtimer.o(.bss)
    SPI_InitStructure                        0x20000900   Data          88  spi2.o(.bss)
    g_norflash_buf                           0x20000958   Data        4096  norflash.o(.bss)
    USART2_InitStructure                     0x20001958   Data          64  usart2.o(.bss)
    USART2_RX_BUF                            0x20001998   Data         400  usart2.o(.bss)
    USART2_TX_BUF                            0x20001b28   Data         400  usart2.o(.bss)
    AS608Para                                0x20001cb8   Data          12  as608.o(.bss)
    htim7                                    0x20001cc4   Data          72  timer7.o(.bss)
    huart3                                   0x20001d0c   Data          64  usart3.o(.bss)
    htim2                                    0x20001d4c   Data          72  time2.o(.bss)
    g_rtc_handle                             0x20001d94   Data          20  rtc.o(.bss)
    calendar                                 0x20001da8   Data          10  rtc.o(.bss)
    tbuf                                     0x20001db2   Data          40  rtc.o(.bss)
    ftinfo                                   0x20001dda   Data          33  fonts.o(.bss)
    ESP8266_Buf                              0x2000c800   Data         512  esp8266.o(.bss)
    WIFI_BUF                                 0x2000ca00   Data         512  esp8266.o(.bss)
    wifi_str                                 0x2000cc00   Data         512  esp8266.o(.bss)
    modify_wifi_str                          0x2000ce00   Data         512  esp8266.o(.bss)
    _random_number_data                      0x2000d000   Data         228  rand.o(.bss)
    __libspace_start                         0x2000d0e4   Data          96  libspace.o(.bss)
    __temporary_stack_top$libspace           0x2000d144   Data           0  libspace.o(.bss)



==============================================================================

Memory Map of the image

  Image Entry point : 0x08000131

  Load Region LR_IROM1 (Base: 0x08000000, Size: 0x00016538, Max: 0x00080000, ABSOLUTE, COMPRESSED[0x000163d8])

    Execution Region ER_IROM1 (Exec base: 0x08000000, Load base: 0x08000000, Size: 0x00016310, Max: 0x00080000, ABSOLUTE)

    Exec Addr    Load Addr    Size         Type   Attr      Idx    E Section Name        Object

    0x08000000   0x08000000   0x00000130   Data   RO            3    RESET               startup_stm32f103xe.o
    0x08000130   0x08000130   0x00000008   Code   RO         8225  * !!!main             c_w.l(__main.o)
    0x08000138   0x08000138   0x00000034   Code   RO         8680    !!!scatter          c_w.l(__scatter.o)
    0x0800016c   0x0800016c   0x0000005a   Code   RO         8678    !!dczerorl2         c_w.l(__dczerorl2.o)
    0x080001c6   0x080001c6   0x00000002   PAD
    0x080001c8   0x080001c8   0x0000001c   Code   RO         8682    !!handler_zi        c_w.l(__scatter_zi.o)
    0x080001e4   0x080001e4   0x00000000   Code   RO         8182    .ARM.Collect$$_printf_percent$$00000000  c_w.l(_printf_percent.o)
    0x080001e4   0x080001e4   0x00000006   Code   RO         8368    .ARM.Collect$$_printf_percent$$00000001  c_w.l(_printf_n.o)
    0x080001ea   0x080001ea   0x00000006   Code   RO         8369    .ARM.Collect$$_printf_percent$$00000002  c_w.l(_printf_p.o)
    0x080001f0   0x080001f0   0x00000006   Code   RO         8180    .ARM.Collect$$_printf_percent$$00000003  c_w.l(_printf_f.o)
    0x080001f6   0x080001f6   0x00000006   Code   RO         8181    .ARM.Collect$$_printf_percent$$00000004  c_w.l(_printf_e.o)
    0x080001fc   0x080001fc   0x00000006   Code   RO         8373    .ARM.Collect$$_printf_percent$$00000005  c_w.l(_printf_g.o)
    0x08000202   0x08000202   0x00000006   Code   RO         8374    .ARM.Collect$$_printf_percent$$00000006  c_w.l(_printf_a.o)
    0x08000208   0x08000208   0x0000000a   Code   RO         8378    .ARM.Collect$$_printf_percent$$00000007  c_w.l(_printf_ll.o)
    0x08000212   0x08000212   0x00000006   Code   RO         8371    .ARM.Collect$$_printf_percent$$00000008  c_w.l(_printf_i.o)
    0x08000218   0x08000218   0x00000006   Code   RO         8179    .ARM.Collect$$_printf_percent$$00000009  c_w.l(_printf_d.o)
    0x0800021e   0x0800021e   0x00000006   Code   RO         8372    .ARM.Collect$$_printf_percent$$0000000A  c_w.l(_printf_u.o)
    0x08000224   0x08000224   0x00000006   Code   RO         8370    .ARM.Collect$$_printf_percent$$0000000B  c_w.l(_printf_o.o)
    0x0800022a   0x0800022a   0x00000006   Code   RO         8178    .ARM.Collect$$_printf_percent$$0000000C  c_w.l(_printf_x.o)
    0x08000230   0x08000230   0x00000006   Code   RO         8376    .ARM.Collect$$_printf_percent$$0000000D  c_w.l(_printf_lli.o)
    0x08000236   0x08000236   0x00000006   Code   RO         8183    .ARM.Collect$$_printf_percent$$0000000E  c_w.l(_printf_lld.o)
    0x0800023c   0x0800023c   0x00000006   Code   RO         8377    .ARM.Collect$$_printf_percent$$0000000F  c_w.l(_printf_llu.o)
    0x08000242   0x08000242   0x00000006   Code   RO         8382    .ARM.Collect$$_printf_percent$$00000010  c_w.l(_printf_llo.o)
    0x08000248   0x08000248   0x00000006   Code   RO         8383    .ARM.Collect$$_printf_percent$$00000011  c_w.l(_printf_llx.o)
    0x0800024e   0x0800024e   0x0000000a   Code   RO         8379    .ARM.Collect$$_printf_percent$$00000012  c_w.l(_printf_l.o)
    0x08000258   0x08000258   0x00000006   Code   RO         8176    .ARM.Collect$$_printf_percent$$00000013  c_w.l(_printf_c.o)
    0x0800025e   0x0800025e   0x00000006   Code   RO         8177    .ARM.Collect$$_printf_percent$$00000014  c_w.l(_printf_s.o)
    0x08000264   0x08000264   0x00000006   Code   RO         8380    .ARM.Collect$$_printf_percent$$00000015  c_w.l(_printf_lc.o)
    0x0800026a   0x0800026a   0x00000006   Code   RO         8381    .ARM.Collect$$_printf_percent$$00000016  c_w.l(_printf_ls.o)
    0x08000270   0x08000270   0x00000004   Code   RO         8375    .ARM.Collect$$_printf_percent$$00000017  c_w.l(_printf_percent_end.o)
    0x08000274   0x08000274   0x00000002   Code   RO         8615    .ARM.Collect$$libinit$$00000000  c_w.l(libinit.o)
    0x08000276   0x08000276   0x00000000   Code   RO         8393    .ARM.Collect$$libinit$$00000002  c_w.l(libinit2.o)
    0x08000276   0x08000276   0x00000000   Code   RO         8395    .ARM.Collect$$libinit$$00000004  c_w.l(libinit2.o)
    0x08000276   0x08000276   0x00000008   Code   RO         8396    .ARM.Collect$$libinit$$00000005  c_w.l(libinit2.o)
    0x0800027e   0x0800027e   0x00000000   Code   RO         8398    .ARM.Collect$$libinit$$0000000A  c_w.l(libinit2.o)
    0x0800027e   0x0800027e   0x00000000   Code   RO         8400    .ARM.Collect$$libinit$$0000000C  c_w.l(libinit2.o)
    0x0800027e   0x0800027e   0x00000004   Code   RO         8401    .ARM.Collect$$libinit$$0000000D  c_w.l(libinit2.o)
    0x08000282   0x08000282   0x00000000   Code   RO         8402    .ARM.Collect$$libinit$$0000000E  c_w.l(libinit2.o)
    0x08000282   0x08000282   0x00000006   Code   RO         8403    .ARM.Collect$$libinit$$0000000F  c_w.l(libinit2.o)
    0x08000288   0x08000288   0x00000000   Code   RO         8405    .ARM.Collect$$libinit$$00000011  c_w.l(libinit2.o)
    0x08000288   0x08000288   0x0000000c   Code   RO         8406    .ARM.Collect$$libinit$$00000012  c_w.l(libinit2.o)
    0x08000294   0x08000294   0x00000000   Code   RO         8407    .ARM.Collect$$libinit$$00000013  c_w.l(libinit2.o)
    0x08000294   0x08000294   0x00000000   Code   RO         8409    .ARM.Collect$$libinit$$00000015  c_w.l(libinit2.o)
    0x08000294   0x08000294   0x0000000a   Code   RO         8410    .ARM.Collect$$libinit$$00000016  c_w.l(libinit2.o)
    0x0800029e   0x0800029e   0x00000000   Code   RO         8411    .ARM.Collect$$libinit$$00000017  c_w.l(libinit2.o)
    0x0800029e   0x0800029e   0x00000000   Code   RO         8413    .ARM.Collect$$libinit$$00000019  c_w.l(libinit2.o)
    0x0800029e   0x0800029e   0x00000000   Code   RO         8415    .ARM.Collect$$libinit$$0000001B  c_w.l(libinit2.o)
    0x0800029e   0x0800029e   0x00000000   Code   RO         8417    .ARM.Collect$$libinit$$0000001D  c_w.l(libinit2.o)
    0x0800029e   0x0800029e   0x00000000   Code   RO         8419    .ARM.Collect$$libinit$$0000001F  c_w.l(libinit2.o)
    0x0800029e   0x0800029e   0x00000000   Code   RO         8421    .ARM.Collect$$libinit$$00000021  c_w.l(libinit2.o)
    0x0800029e   0x0800029e   0x00000000   Code   RO         8423    .ARM.Collect$$libinit$$00000023  c_w.l(libinit2.o)
    0x0800029e   0x0800029e   0x00000000   Code   RO         8425    .ARM.Collect$$libinit$$00000025  c_w.l(libinit2.o)
    0x0800029e   0x0800029e   0x00000000   Code   RO         8429    .ARM.Collect$$libinit$$0000002C  c_w.l(libinit2.o)
    0x0800029e   0x0800029e   0x00000000   Code   RO         8431    .ARM.Collect$$libinit$$0000002E  c_w.l(libinit2.o)
    0x0800029e   0x0800029e   0x00000000   Code   RO         8433    .ARM.Collect$$libinit$$00000030  c_w.l(libinit2.o)
    0x0800029e   0x0800029e   0x00000000   Code   RO         8435    .ARM.Collect$$libinit$$00000032  c_w.l(libinit2.o)
    0x0800029e   0x0800029e   0x00000002   Code   RO         8436    .ARM.Collect$$libinit$$00000033  c_w.l(libinit2.o)
    0x080002a0   0x080002a0   0x00000002   Code   RO         8675    .ARM.Collect$$libshutdown$$00000000  c_w.l(libshutdown.o)
    0x080002a2   0x080002a2   0x00000000   Code   RO         8631    .ARM.Collect$$libshutdown$$00000002  c_w.l(libshutdown2.o)
    0x080002a2   0x080002a2   0x00000000   Code   RO         8633    .ARM.Collect$$libshutdown$$00000004  c_w.l(libshutdown2.o)
    0x080002a2   0x080002a2   0x00000000   Code   RO         8635    .ARM.Collect$$libshutdown$$00000006  c_w.l(libshutdown2.o)
    0x080002a2   0x080002a2   0x00000000   Code   RO         8638    .ARM.Collect$$libshutdown$$00000009  c_w.l(libshutdown2.o)
    0x080002a2   0x080002a2   0x00000000   Code   RO         8641    .ARM.Collect$$libshutdown$$0000000C  c_w.l(libshutdown2.o)
    0x080002a2   0x080002a2   0x00000000   Code   RO         8643    .ARM.Collect$$libshutdown$$0000000E  c_w.l(libshutdown2.o)
    0x080002a2   0x080002a2   0x00000000   Code   RO         8646    .ARM.Collect$$libshutdown$$00000011  c_w.l(libshutdown2.o)
    0x080002a2   0x080002a2   0x00000002   Code   RO         8647    .ARM.Collect$$libshutdown$$00000012  c_w.l(libshutdown2.o)
    0x080002a4   0x080002a4   0x00000000   Code   RO         8305    .ARM.Collect$$rtentry$$00000000  c_w.l(__rtentry.o)
    0x080002a4   0x080002a4   0x00000000   Code   RO         8489    .ARM.Collect$$rtentry$$00000002  c_w.l(__rtentry2.o)
    0x080002a4   0x080002a4   0x00000006   Code   RO         8501    .ARM.Collect$$rtentry$$00000004  c_w.l(__rtentry4.o)
    0x080002aa   0x080002aa   0x00000000   Code   RO         8491    .ARM.Collect$$rtentry$$00000009  c_w.l(__rtentry2.o)
    0x080002aa   0x080002aa   0x00000004   Code   RO         8492    .ARM.Collect$$rtentry$$0000000A  c_w.l(__rtentry2.o)
    0x080002ae   0x080002ae   0x00000000   Code   RO         8494    .ARM.Collect$$rtentry$$0000000C  c_w.l(__rtentry2.o)
    0x080002ae   0x080002ae   0x00000008   Code   RO         8495    .ARM.Collect$$rtentry$$0000000D  c_w.l(__rtentry2.o)
    0x080002b6   0x080002b6   0x00000002   Code   RO         8618    .ARM.Collect$$rtexit$$00000000  c_w.l(rtexit.o)
    0x080002b8   0x080002b8   0x00000000   Code   RO         8651    .ARM.Collect$$rtexit$$00000002  c_w.l(rtexit2.o)
    0x080002b8   0x080002b8   0x00000004   Code   RO         8652    .ARM.Collect$$rtexit$$00000003  c_w.l(rtexit2.o)
    0x080002bc   0x080002bc   0x00000006   Code   RO         8653    .ARM.Collect$$rtexit$$00000004  c_w.l(rtexit2.o)
    0x080002c2   0x080002c2   0x00000002   PAD
    0x080002c4   0x080002c4   0x00000034   Code   RO         8190    .emb_text           c_w.l(rand.o)
    0x080002f8   0x080002f8   0x00000000   Code   RO         8517    .emb_text           c_w.l(maybetermalloc1.o)
    0x080002f8   0x080002f8   0x00000040   Code   RO            4    .text               startup_stm32f103xe.o
    0x08000338   0x08000338   0x00000002   Code   RO         8041    .text               c_w.l(use_no_semi_2.o)
    0x0800033a   0x0800033a   0x0000005e   Code   RO         8047    .text               c_w.l(h1_alloc.o)
    0x08000398   0x08000398   0x0000004e   Code   RO         8049    .text               c_w.l(h1_free.o)
    0x080003e6   0x080003e6   0x0000001a   Code   RO         8109    .text               c_w.l(tolower.o)
    0x08000400   0x08000400   0x00000024   Code   RO         8111    .text               c_w.l(vsprintf.o)
    0x08000424   0x08000424   0x00000018   Code   RO         8113    .text               c_w.l(__2printf.o)
    0x0800043c   0x0800043c   0x0000002c   Code   RO         8115    .text               c_w.l(__2sprintf.o)
    0x08000468   0x08000468   0x00000038   Code   RO         8117    .text               c_w.l(__2snprintf.o)
    0x080004a0   0x080004a0   0x0000004e   Code   RO         8127    .text               c_w.l(_printf_pad.o)
    0x080004ee   0x080004ee   0x00000052   Code   RO         8129    .text               c_w.l(_printf_str.o)
    0x08000540   0x08000540   0x00000078   Code   RO         8131    .text               c_w.l(_printf_dec.o)
    0x080005b8   0x080005b8   0x0000007c   Code   RO         8133    .text               c_w.l(_printf_longlong_dec.o)
    0x08000634   0x08000634   0x00000094   Code   RO         8153    .text               c_w.l(_printf_hex_int_ll_ptr.o)
    0x080006c8   0x080006c8   0x00000188   Code   RO         8173    .text               c_w.l(__printf_flags_ss_wp.o)
    0x08000850   0x08000850   0x0000003c   Code   RO         8191    .text               c_w.l(rand.o)
    0x0800088c   0x0800088c   0x00000014   Code   RO         8195    .text               c_w.l(strchr.o)
    0x080008a0   0x080008a0   0x00000024   Code   RO         8197    .text               c_w.l(strncat.o)
    0x080008c4   0x080008c4   0x00000024   Code   RO         8199    .text               c_w.l(strstr.o)
    0x080008e8   0x080008e8   0x00000058   Code   RO         8201    .text               c_w.l(memcmp.o)
    0x08000940   0x08000940   0x00000048   Code   RO         8203    .text               c_w.l(strcpy.o)
    0x08000988   0x08000988   0x0000003e   Code   RO         8205    .text               c_w.l(strlen.o)
    0x080009c6   0x080009c6   0x00000096   Code   RO         8207    .text               c_w.l(strncmp.o)
    0x08000a5c   0x08000a5c   0x00000018   Code   RO         8209    .text               c_w.l(strcat.o)
    0x08000a74   0x08000a74   0x0000008a   Code   RO         8211    .text               c_w.l(rt_memcpy_v6.o)
    0x08000afe   0x08000afe   0x00000064   Code   RO         8213    .text               c_w.l(rt_memcpy_w.o)
    0x08000b62   0x08000b62   0x00000044   Code   RO         8217    .text               c_w.l(rt_memclr.o)
    0x08000ba6   0x08000ba6   0x0000004e   Code   RO         8219    .text               c_w.l(rt_memclr_w.o)
    0x08000bf4   0x08000bf4   0x00000080   Code   RO         8221    .text               c_w.l(strcmpv7m.o)
    0x08000c74   0x08000c74   0x00000006   Code   RO         8223    .text               c_w.l(heapauxi.o)
    0x08000c7a   0x08000c7a   0x00000002   Code   RO         8301    .text               c_w.l(use_no_semi.o)
    0x08000c7c   0x08000c7c   0x00000010   Code   RO         8306    .text               c_w.l(rt_ctype_table.o)
    0x08000c8c   0x08000c8c   0x00000008   Code   RO         8315    .text               c_w.l(rt_heap_descriptor_intlibspace.o)
    0x08000c94   0x08000c94   0x00000004   Code   RO         8317    .text               c_w.l(hguard.o)
    0x08000c98   0x08000c98   0x0000008a   Code   RO         8319    .text               c_w.l(init_alloc.o)
    0x08000d22   0x08000d22   0x0000000e   Code   RO         8323    .text               c_w.l(h1_init.o)
    0x08000d30   0x08000d30   0x0000008a   Code   RO         8337    .text               c_w.l(lludiv10.o)
    0x08000dba   0x08000dba   0x00000016   Code   RO         8339    .text               c_w.l(_rserrno.o)
    0x08000dd0   0x08000dd0   0x00000024   Code   RO         8341    .text               c_w.l(_printf_truncate.o)
    0x08000df4   0x08000df4   0x000000b2   Code   RO         8343    .text               c_w.l(_printf_intcommon.o)
    0x08000ea6   0x08000ea6   0x00000028   Code   RO         8345    .text               c_w.l(_printf_charcount.o)
    0x08000ece   0x08000ece   0x0000041e   Code   RO         8347    .text               c_w.l(_printf_fp_dec.o)
    0x080012ec   0x080012ec   0x00000030   Code   RO         8349    .text               c_w.l(_printf_char_common.o)
    0x0800131c   0x0800131c   0x0000000a   Code   RO         8351    .text               c_w.l(_sputc.o)
    0x08001326   0x08001326   0x00000010   Code   RO         8353    .text               c_w.l(_snputc.o)
    0x08001336   0x08001336   0x0000002c   Code   RO         8355    .text               c_w.l(_printf_char.o)
    0x08001362   0x08001362   0x00000002   PAD
    0x08001364   0x08001364   0x00000024   Code   RO         8357    .text               c_w.l(_printf_char_file.o)
    0x08001388   0x08001388   0x000000bc   Code   RO         8359    .text               c_w.l(_printf_wctomb.o)
    0x08001444   0x08001444   0x00000070   Code   RO         8366    .text               c_w.l(_printf_oct_int_ll.o)
    0x080014b4   0x080014b4   0x00000008   Code   RO         8485    .text               c_w.l(libspace.o)
    0x080014bc   0x080014bc   0x00000008   Code   RO         8508    .text               c_w.l(rt_locale_intlibspace.o)
    0x080014c4   0x080014c4   0x00000008   Code   RO         8513    .text               c_w.l(rt_errno_addr_intlibspace.o)
    0x080014cc   0x080014cc   0x00000034   Code   RO         8519    .text               c_w.l(h1_extend.o)
    0x08001500   0x08001500   0x000002fc   Code   RO         8525    .text               c_w.l(_printf_fp_hex.o)
    0x080017fc   0x080017fc   0x00000080   Code   RO         8528    .text               c_w.l(_printf_fp_infnan.o)
    0x0800187c   0x0800187c   0x0000002c   Code   RO         8532    .text               c_w.l(_printf_wchar.o)
    0x080018a8   0x080018a8   0x000000e4   Code   RO         8536    .text               c_w.l(bigflt0.o)
    0x0800198c   0x0800198c   0x00000008   Code   RO         8561    .text               c_w.l(ferror.o)
    0x08001994   0x08001994   0x00000040   Code   RO         8565    .text               c_w.l(_wcrtomb.o)
    0x080019d4   0x080019d4   0x0000000e   Code   RO         8573    .text               c_w.l(defsig_rtmem_outer.o)
    0x080019e2   0x080019e2   0x0000004a   Code   RO         8590    .text               c_w.l(sys_stackheap_outer.o)
    0x08001a2c   0x08001a2c   0x00000012   Code   RO         8596    .text               c_w.l(exit.o)
    0x08001a3e   0x08001a3e   0x0000000a   Code   RO         8598    .text               c_w.l(defsig_exit.o)
    0x08001a48   0x08001a48   0x00000050   Code   RO         8604    .text               c_w.l(defsig_rtmem_inner.o)
    0x08001a98   0x08001a98   0x00000032   Code   RO         8626    .text               c_w.l(defsig_general.o)
    0x08001aca   0x08001aca   0x0000003e   Code   RO         8539    CL$$btod_d2e        c_w.l(btod.o)
    0x08001b08   0x08001b08   0x00000046   Code   RO         8541    CL$$btod_d2e_denorm_low  c_w.l(btod.o)
    0x08001b4e   0x08001b4e   0x00000060   Code   RO         8540    CL$$btod_d2e_norm_op1  c_w.l(btod.o)
    0x08001bae   0x08001bae   0x00000338   Code   RO         8549    CL$$btod_div_common  c_w.l(btod.o)
    0x08001ee6   0x08001ee6   0x000000dc   Code   RO         8546    CL$$btod_e2e        c_w.l(btod.o)
    0x08001fc2   0x08001fc2   0x0000002a   Code   RO         8543    CL$$btod_ediv       c_w.l(btod.o)
    0x08001fec   0x08001fec   0x0000002a   Code   RO         8542    CL$$btod_emul       c_w.l(btod.o)
    0x08002016   0x08002016   0x00000244   Code   RO         8548    CL$$btod_mult_common  c_w.l(btod.o)
    0x0800225a   0x0800225a   0x00000002   PAD
    0x0800225c   0x0800225c   0x000000ec   Code   RO         5659    i.AS608_get_keynum  as608.o
    0x08002348   0x08002348   0x00000108   Code   RO         5660    i.AS608_key_staset  as608.o
    0x08002450   0x08002450   0x0000014c   Code   RO         5661    i.AS608_load_keyboard  as608.o
    0x0800259c   0x0800259c   0x00000414   Code   RO         5662    i.Add_FR            as608.o
    0x080029b0   0x080029b0   0x0000016c   Code   RO         7869    i.BASE64_Decode     base64.o
    0x08002b1c   0x08002b1c   0x00000144   Code   RO         7870    i.BASE64_Encode     base64.o
    0x08002c60   0x08002c60   0x00000048   Code   RO           13    i.BLE_TEXT          main.o
    0x08002ca8   0x08002ca8   0x00000020   Code   RO         4362    i.Beep_Set          beep.o
    0x08002cc8   0x08002cc8   0x00000004   Code   RO          366    i.BusFault_Handler  stm32f1xx_it.o
    0x08002ccc   0x08002ccc   0x0000006c   Code   RO         4869    i.CalulateCRC       rc522.o
    0x08002d38   0x08002d38   0x0000001a   Code   RO         4870    i.ClearBitMask      rc522.o
    0x08002d52   0x08002d52   0x00000002   Code   RO          367    i.DebugMon_Handler  stm32f1xx_it.o
    0x08002d54   0x08002d54   0x00000160   Code   RO         5663    i.Del_FR            as608.o
    0x08002eb4   0x08002eb4   0x00000014   Code   RO         7605    i.ESP8266_Clear     esp8266.o
    0x08002ec8   0x08002ec8   0x00000050   Code   RO         7606    i.ESP8266_GetIPD    esp8266.o
    0x08002f18   0x08002f18   0x000002fc   Code   RO         7607    i.ESP8266_Init      esp8266.o
    0x08003214   0x08003214   0x00000064   Code   RO         7608    i.ESP8266_SendCmd   esp8266.o
    0x08003278   0x08003278   0x0000004c   Code   RO         7609    i.ESP8266_SendData  esp8266.o
    0x080032c4   0x080032c4   0x00000034   Code   RO         7610    i.ESP8266_WaitRecive  esp8266.o
    0x080032f8   0x080032f8   0x00000014   Code   RO         4398    i.EXTI3_IRQHandler  exti.o
    0x0800330c   0x0800330c   0x00000014   Code   RO         4399    i.EXTI4_IRQHandler  exti.o
    0x08003320   0x08003320   0x00000270   Code   RO         5664    i.EnsureMessage     as608.o
    0x08003590   0x08003590   0x00000004   Code   RO         6045    i.Error_Handler     timer7.o
    0x08003594   0x08003594   0x00000044   Code   RO         3967    i.FSMC_NORSRAM_Extended_Timing_Init  stm32f1xx_ll_fsmc.o
    0x080035d8   0x080035d8   0x00000078   Code   RO         3968    i.FSMC_NORSRAM_Init  stm32f1xx_ll_fsmc.o
    0x08003650   0x08003650   0x00000042   Code   RO         3969    i.FSMC_NORSRAM_Timing_Init  stm32f1xx_ll_fsmc.o
    0x08003692   0x08003692   0x0000007e   Code   RO         5665    i.GET_NUM           as608.o
    0x08003710   0x08003710   0x000001a8   Code   RO         1145    i.HAL_DMA_Abort_IT  stm32f1xx_hal_dma.o
    0x080038b8   0x080038b8   0x0000000c   Code   RO          646    i.HAL_Delay         delay.o
    0x080038c4   0x080038c4   0x0000000c   Code   RO         4400    i.HAL_GPIO_EXTI_Callback  exti.o
    0x080038d0   0x080038d0   0x0000001c   Code   RO         1240    i.HAL_GPIO_EXTI_IRQHandler  stm32f1xx_hal_gpio.o
    0x080038ec   0x080038ec   0x00000340   Code   RO         1241    i.HAL_GPIO_Init     stm32f1xx_hal_gpio.o
    0x08003c2c   0x08003c2c   0x00000010   Code   RO         1243    i.HAL_GPIO_ReadPin  stm32f1xx_hal_gpio.o
    0x08003c3c   0x08003c3c   0x0000000c   Code   RO         1245    i.HAL_GPIO_WritePin  stm32f1xx_hal_gpio.o
    0x08003c48   0x08003c48   0x0000000c   Code   RO          858    i.HAL_GetTick       stm32f1xx_hal.o
    0x08003c54   0x08003c54   0x00000018   Code   RO          864    i.HAL_IncTick       stm32f1xx_hal.o
    0x08003c6c   0x08003c6c   0x00000028   Code   RO          865    i.HAL_Init          stm32f1xx_hal.o
    0x08003c94   0x08003c94   0x0000004c   Code   RO          866    i.HAL_InitTick      stm32f1xx_hal.o
    0x08003ce0   0x08003ce0   0x00000002   Code   RO          868    i.HAL_MspInit       stm32f1xx_hal.o
    0x08003ce2   0x08003ce2   0x00000020   Code   RO         1023    i.HAL_NVIC_EnableIRQ  stm32f1xx_hal_cortex.o
    0x08003d02   0x08003d02   0x0000007c   Code   RO         1029    i.HAL_NVIC_SetPriority  stm32f1xx_hal_cortex.o
    0x08003d7e   0x08003d7e   0x00000002   PAD
    0x08003d80   0x08003d80   0x00000028   Code   RO         1030    i.HAL_NVIC_SetPriorityGrouping  stm32f1xx_hal_cortex.o
    0x08003da8   0x08003da8   0x0000000c   Code   RO         2087    i.HAL_PWR_EnableBkUpAccess  stm32f1xx_hal_pwr.o
    0x08003db4   0x08003db4   0x00000134   Code   RO         1448    i.HAL_RCCEx_GetPeriphCLKFreq  stm32f1xx_hal_rcc_ex.o
    0x08003ee8   0x08003ee8   0x00000130   Code   RO         1449    i.HAL_RCCEx_PeriphCLKConfig  stm32f1xx_hal_rcc_ex.o
    0x08004018   0x08004018   0x0000018c   Code   RO         1341    i.HAL_RCC_ClockConfig  stm32f1xx_hal_rcc.o
    0x080041a4   0x080041a4   0x0000000c   Code   RO         1346    i.HAL_RCC_GetHCLKFreq  stm32f1xx_hal_rcc.o
    0x080041b0   0x080041b0   0x00000020   Code   RO         1348    i.HAL_RCC_GetPCLK1Freq  stm32f1xx_hal_rcc.o
    0x080041d0   0x080041d0   0x00000020   Code   RO         1349    i.HAL_RCC_GetPCLK2Freq  stm32f1xx_hal_rcc.o
    0x080041f0   0x080041f0   0x00000094   Code   RO         1350    i.HAL_RCC_GetSysClockFreq  stm32f1xx_hal_rcc.o
    0x08004284   0x08004284   0x00000464   Code   RO         1353    i.HAL_RCC_OscConfig  stm32f1xx_hal_rcc.o
    0x080046e8   0x080046e8   0x00000018   Code   RO         4260    i.HAL_RTCEx_BKUPRead  stm32f1xx_hal_rtc_ex.o
    0x08004700   0x08004700   0x00000018   Code   RO         4261    i.HAL_RTCEx_BKUPWrite  stm32f1xx_hal_rtc_ex.o
    0x08004718   0x08004718   0x000000d0   Code   RO         4093    i.HAL_RTC_Init      stm32f1xx_hal_rtc.o
    0x080047e8   0x080047e8   0x00000098   Code   RO         6176    i.HAL_RTC_MspInit   rtc.o
    0x08004880   0x08004880   0x00000040   Code   RO         4101    i.HAL_RTC_WaitForSynchro  stm32f1xx_hal_rtc.o
    0x080048c0   0x080048c0   0x000000d4   Code   RO         3206    i.HAL_SPI_Init      stm32f1xx_hal_spi.o
    0x08004994   0x08004994   0x00000002   Code   RO         3208    i.HAL_SPI_MspInit   stm32f1xx_hal_spi.o
    0x08004996   0x08004996   0x000002ee   Code   RO         3215    i.HAL_SPI_TransmitReceive  stm32f1xx_hal_spi.o
    0x08004c84   0x08004c84   0x00000066   Code   RO         3619    i.HAL_SRAM_Init     stm32f1xx_hal_sram.o
    0x08004cea   0x08004cea   0x00000002   PAD
    0x08004cec   0x08004cec   0x00000090   Code   RO         4508    i.HAL_SRAM_MspInit  lcd.o
    0x08004d7c   0x08004d7c   0x00000034   Code   RO         1034    i.HAL_SYSTICK_Config  stm32f1xx_hal_cortex.o
    0x08004db0   0x08004db0   0x00000002   Code   RO         2922    i.HAL_TIMEx_BreakCallback  stm32f1xx_hal_tim_ex.o
    0x08004db2   0x08004db2   0x00000002   Code   RO         2923    i.HAL_TIMEx_CommutCallback  stm32f1xx_hal_tim_ex.o
    0x08004db4   0x08004db4   0x00000066   Code   RO         2207    i.HAL_TIM_Base_Init  stm32f1xx_hal_tim.o
    0x08004e1a   0x08004e1a   0x00000002   PAD
    0x08004e1c   0x08004e1c   0x00000048   Code   RO         5033    i.HAL_TIM_Base_MspInit  btim.o
    0x08004e64   0x08004e64   0x00000090   Code   RO         2212    i.HAL_TIM_Base_Start_IT  stm32f1xx_hal_tim.o
    0x08004ef4   0x08004ef4   0x00000032   Code   RO         2213    i.HAL_TIM_Base_Stop  stm32f1xx_hal_tim.o
    0x08004f26   0x08004f26   0x00000002   Code   RO         2241    i.HAL_TIM_IC_CaptureCallback  stm32f1xx_hal_tim.o
    0x08004f28   0x08004f28   0x00000196   Code   RO         2255    i.HAL_TIM_IRQHandler  stm32f1xx_hal_tim.o
    0x080050be   0x080050be   0x00000002   Code   RO         2258    i.HAL_TIM_OC_DelayElapsedCallback  stm32f1xx_hal_tim.o
    0x080050c0   0x080050c0   0x000000fc   Code   RO         2279    i.HAL_TIM_PWM_ConfigChannel  stm32f1xx_hal_tim.o
    0x080051bc   0x080051bc   0x00000066   Code   RO         2282    i.HAL_TIM_PWM_Init  stm32f1xx_hal_tim.o
    0x08005222   0x08005222   0x00000002   Code   RO         2284    i.HAL_TIM_PWM_MspInit  stm32f1xx_hal_tim.o
    0x08005224   0x08005224   0x00000002   Code   RO         2285    i.HAL_TIM_PWM_PulseFinishedCallback  stm32f1xx_hal_tim.o
    0x08005226   0x08005226   0x00000002   PAD
    0x08005228   0x08005228   0x000000f4   Code   RO         2287    i.HAL_TIM_PWM_Start  stm32f1xx_hal_tim.o
    0x0800531c   0x0800531c   0x00000034   Code   RO         6136    i.HAL_TIM_PeriodElapsedCallback  time2.o
    0x08005350   0x08005350   0x00000002   Code   RO         2298    i.HAL_TIM_TriggerCallback  stm32f1xx_hal_tim.o
    0x08005352   0x08005352   0x00000002   Code   RO         1504    i.HAL_UART_ErrorCallback  stm32f1xx_hal_uart.o
    0x08005354   0x08005354   0x00000154   Code   RO         1507    i.HAL_UART_IRQHandler  stm32f1xx_hal_uart.o
    0x080054a8   0x080054a8   0x00000072   Code   RO         1508    i.HAL_UART_Init     stm32f1xx_hal_uart.o
    0x0800551a   0x0800551a   0x00000002   PAD
    0x0800551c   0x0800551c   0x00000090   Code   RO         6087    i.HAL_UART_MspInit  usart3.o
    0x080055ac   0x080055ac   0x000000d8   Code   RO         1511    i.HAL_UART_Receive  stm32f1xx_hal_uart.o
    0x08005684   0x08005684   0x00000070   Code   RO         1513    i.HAL_UART_Receive_IT  stm32f1xx_hal_uart.o
    0x080056f4   0x080056f4   0x00000074   Code   RO         7611    i.HAL_UART_RxCpltCallback  esp8266.o
    0x08005768   0x08005768   0x000000d2   Code   RO         1516    i.HAL_UART_Transmit  stm32f1xx_hal_uart.o
    0x0800583a   0x0800583a   0x00000002   Code   RO         1519    i.HAL_UART_TxCpltCallback  stm32f1xx_hal_uart.o
    0x0800583c   0x0800583c   0x000000ec   Code   RO         6003    i.HC05_Init         hc05.o
    0x08005928   0x08005928   0x00000004   Code   RO          368    i.HardFault_Handler  stm32f1xx_it.o
    0x0800592c   0x0800592c   0x00000088   Code   RO         5666    i.JudgeStr          as608.o
    0x080059b4   0x080059b4   0x00000056   Code   RO         5899    i.LCD_PW            password.o
    0x08005a0a   0x08005a0a   0x00000002   PAD
    0x08005a0c   0x08005a0c   0x000000e0   Code   RO         4769    i.Led_Set           led.o
    0x08005aec   0x08005aec   0x00000054   Code   RO         4872    i.M500PcdConfigISOType  rc522.o
    0x08005b40   0x08005b40   0x00000148   Code   RO         5900    i.MAIN_MENU         password.o
    0x08005c88   0x08005c88   0x0000001c   Code   RO         7685    i.MQTT_DeleteBuffer  mqttkit.o
    0x08005ca4   0x08005ca4   0x0000002e   Code   RO         7686    i.MQTT_DumpLength   mqttkit.o
    0x08005cd2   0x08005cd2   0x00000058   Code   RO         7687    i.MQTT_NewBuffer    mqttkit.o
    0x08005d2a   0x08005d2a   0x00000002   PAD
    0x08005d2c   0x08005d2c   0x000002a0   Code   RO         7689    i.MQTT_PacketConnect  mqttkit.o
    0x08005fcc   0x08005fcc   0x00000030   Code   RO         7691    i.MQTT_PacketPing   mqttkit.o
    0x08005ffc   0x08005ffc   0x000001b8   Code   RO         7692    i.MQTT_PacketPublish  mqttkit.o
    0x080061b4   0x080061b4   0x00000064   Code   RO         7698    i.MQTT_PacketSaveData  mqttkit.o
    0x08006218   0x08006218   0x000000fe   Code   RO         7699    i.MQTT_PacketSubscribe  mqttkit.o
    0x08006316   0x08006316   0x00000046   Code   RO         7701    i.MQTT_ReadLength   mqttkit.o
    0x0800635c   0x0800635c   0x0000001e   Code   RO         7703    i.MQTT_UnPacketConnectAck  mqttkit.o
    0x0800637a   0x0800637a   0x00000002   PAD
    0x0800637c   0x0800637c   0x000001c0   Code   RO         7704    i.MQTT_UnPacketPublish  mqttkit.o
    0x0800653c   0x0800653c   0x0000001e   Code   RO         7705    i.MQTT_UnPacketPublishAck  mqttkit.o
    0x0800655a   0x0800655a   0x00000002   PAD
    0x0800655c   0x0800655c   0x00000074   Code   RO         7709    i.MQTT_UnPacketRecv  mqttkit.o
    0x080065d0   0x080065d0   0x00000034   Code   RO         7710    i.MQTT_UnPacketSubscribe  mqttkit.o
    0x08006604   0x08006604   0x0000001c   Code   RO         5667    i.MYUSART_SendData  as608.o
    0x08006620   0x08006620   0x00000004   Code   RO          369    i.MemManage_Handler  stm32f1xx_it.o
    0x08006624   0x08006624   0x00000002   Code   RO          370    i.NMI_Handler       stm32f1xx_it.o
    0x08006626   0x08006626   0x00000002   PAD
    0x08006628   0x08006628   0x0000008c   Code   RO         5901    i.NUM_DISPLAY       password.o
    0x080066b4   0x080066b4   0x00000118   Code   RO         7943    i.OTA_UrlEncode     onenet.o
    0x080067cc   0x080067cc   0x0000019c   Code   RO         7944    i.OneNET_Authorization  onenet.o
    0x08006968   0x08006968   0x0000009c   Code   RO         7947    i.OneNET_Subscribe  onenet.o
    0x08006a04   0x08006a04   0x00000268   Code   RO         7948    i.OneNet_DevLink    onenet.o
    0x08006c6c   0x08006c6c   0x00000160   Code   RO         7949    i.OneNet_FillBuf    onenet.o
    0x08006dcc   0x08006dcc   0x000003f0   Code   RO         7950    i.OneNet_RevPro     onenet.o
    0x080071bc   0x080071bc   0x000000e0   Code   RO         7951    i.OneNet_SendData   onenet.o
    0x0800729c   0x0800729c   0x0000006c   Code   RO         5668    i.PS_DeletChar      as608.o
    0x08007308   0x08007308   0x0000003a   Code   RO         5669    i.PS_Empty          as608.o
    0x08007342   0x08007342   0x00000046   Code   RO         5670    i.PS_GenChar        as608.o
    0x08007388   0x08007388   0x0000003a   Code   RO         5671    i.PS_GetImage       as608.o
    0x080073c2   0x080073c2   0x00000002   PAD
    0x080073c4   0x080073c4   0x00000080   Code   RO         5672    i.PS_HandShake      as608.o
    0x08007444   0x08007444   0x00000090   Code   RO         5673    i.PS_HighSpeedSearch  as608.o
    0x080074d4   0x080074d4   0x00000124   Code   RO         5674    i.PS_MAINMENU       as608.o
    0x080075f8   0x080075f8   0x0000003a   Code   RO         5675    i.PS_Match          as608.o
    0x08007632   0x08007632   0x00000002   PAD
    0x08007634   0x08007634   0x000000f0   Code   RO         5677    i.PS_ReadSysPara    as608.o
    0x08007724   0x08007724   0x0000003a   Code   RO         5678    i.PS_RegModel       as608.o
    0x0800775e   0x0800775e   0x00000002   PAD
    0x08007760   0x08007760   0x00000044   Code   RO         5681    i.PS_StaGPIO_Init   as608.o
    0x080077a4   0x080077a4   0x00000060   Code   RO         5682    i.PS_StoreChar      as608.o
    0x08007804   0x08007804   0x00000088   Code   RO         5683    i.PS_ValidTempleteNum  as608.o
    0x0800788c   0x0800788c   0x000000b8   Code   RO         5076    i.PWM_Init          pwmtimer.o
    0x08007944   0x08007944   0x0000000c   Code   RO         5077    i.PWM_SetCompare1   pwmtimer.o
    0x08007950   0x08007950   0x00000130   Code   RO         5902    i.PW_GET_NUM        password.o
    0x08007a80   0x08007a80   0x000000ec   Code   RO         5903    i.PW_get_keynum     password.o
    0x08007b6c   0x08007b6c   0x00000108   Code   RO         5904    i.PW_key_staset     password.o
    0x08007c74   0x08007c74   0x0000014c   Code   RO         5905    i.PW_load_keyboard  password.o
    0x08007dc0   0x08007dc0   0x0000001a   Code   RO         4874    i.PcdAntennaOn      rc522.o
    0x08007dda   0x08007dda   0x00000070   Code   RO         4875    i.PcdAnticoll       rc522.o
    0x08007e4a   0x08007e4a   0x0000006e   Code   RO         4876    i.PcdAuthState      rc522.o
    0x08007eb8   0x08007eb8   0x00000132   Code   RO         4877    i.PcdComMF522       rc522.o
    0x08007fea   0x08007fea   0x00000054   Code   RO         4879    i.PcdRead           rc522.o
    0x0800803e   0x0800803e   0x00000054   Code   RO         4880    i.PcdRequest        rc522.o
    0x08008092   0x08008092   0x00000002   PAD
    0x08008094   0x08008094   0x00000088   Code   RO         4881    i.PcdReset          rc522.o
    0x0800811c   0x0800811c   0x00000072   Code   RO         4882    i.PcdSelect         rc522.o
    0x0800818e   0x0800818e   0x00000002   Code   RO          371    i.PendSV_Handler    stm32f1xx_it.o
    0x08008190   0x08008190   0x00000274   Code   RO         4884    i.RC522_Handle      rc522.o
    0x08008404   0x08008404   0x00000030   Code   RO         4885    i.RC522_Init        rc522.o
    0x08008434   0x08008434   0x00000028   Code   RO         1354    i.RCC_Delay         stm32f1xx_hal_rcc.o
    0x0800845c   0x0800845c   0x0000003a   Code   RO         4105    i.RTC_EnterInitMode  stm32f1xx_hal_rtc.o
    0x08008496   0x08008496   0x0000003a   Code   RO         4106    i.RTC_ExitInitMode  stm32f1xx_hal_rtc.o
    0x080084d0   0x080084d0   0x00000098   Code   RO         6177    i.RTC_IRQHandler    rtc.o
    0x08008568   0x08008568   0x00000038   Code   RO         4886    i.ReadRawRC         rc522.o
    0x080085a0   0x080085a0   0x000001c4   Code   RO         5906    i.SET_PW            password.o
    0x08008764   0x08008764   0x000000c8   Code   RO         4809    i.SPI1_Init         spi.o
    0x0800882c   0x0800882c   0x000000b0   Code   RO         5430    i.SPI2_Init         spi2.o
    0x080088dc   0x080088dc   0x00000028   Code   RO         3246    i.SPI_EndRxTxTransaction  stm32f1xx_hal_spi.o
    0x08008904   0x08008904   0x00000006   Code   RO         3247    i.SPI_ISCRCErrorValid  stm32f1xx_hal_spi.o
    0x0800890a   0x0800890a   0x00000002   PAD
    0x0800890c   0x0800890c   0x00000050   Code   RO         4887    i.SPI_RC522_ReadByte  rc522.o
    0x0800895c   0x0800895c   0x0000005c   Code   RO         4888    i.SPI_RC522_SendByte  rc522.o
    0x080089b8   0x080089b8   0x000000d8   Code   RO         3254    i.SPI_WaitFlagStateUntilTimeout  stm32f1xx_hal_spi.o
    0x08008a90   0x08008a90   0x00000002   Code   RO          372    i.SVC_Handler       stm32f1xx_it.o
    0x08008a92   0x08008a92   0x00000002   PAD
    0x08008a94   0x08008a94   0x00000034   Code   RO         5686    i.SendAddr          as608.o
    0x08008ac8   0x08008ac8   0x00000012   Code   RO         5687    i.SendCheck         as608.o
    0x08008ada   0x08008ada   0x0000000c   Code   RO         5688    i.SendFlag          as608.o
    0x08008ae6   0x08008ae6   0x00000010   Code   RO         5689    i.SendHead          as608.o
    0x08008af6   0x08008af6   0x00000012   Code   RO         5690    i.SendLength        as608.o
    0x08008b08   0x08008b08   0x0000000c   Code   RO         5691    i.Sendcmd           as608.o
    0x08008b14   0x08008b14   0x00000008   Code   RO         5572    i.Servo_Init        servo.o
    0x08008b1c   0x08008b1c   0x0000003c   Code   RO         5573    i.Servo_SetAngle    servo.o
    0x08008b58   0x08008b58   0x0000001a   Code   RO         4889    i.SetBitMask        rc522.o
    0x08008b72   0x08008b72   0x00000002   PAD
    0x08008b74   0x08008b74   0x00000038   Code   RO         5692    i.ShowErrMessage    as608.o
    0x08008bac   0x08008bac   0x00000154   Code   RO         4890    i.ShowID            rc522.o
    0x08008d00   0x08008d00   0x00000008   Code   RO          373    i.SysTick_Handler   stm32f1xx_it.o
    0x08008d08   0x08008d08   0x00000002   Code   RO          610    i.SystemInit        system_stm32f1xx.o
    0x08008d0a   0x08008d0a   0x00000002   PAD
    0x08008d0c   0x08008d0c   0x00000010   Code   RO         6137    i.TIM2_IRQHandler   time2.o
    0x08008d1c   0x08008d1c   0x00000040   Code   RO         5034    i.TIM6_IRQHandler   btim.o
    0x08008d5c   0x08008d5c   0x00000040   Code   RO         6046    i.TIM7_IRQHandler   timer7.o
    0x08008d9c   0x08008d9c   0x0000009c   Code   RO         2300    i.TIM_Base_SetConfig  stm32f1xx_hal_tim.o
    0x08008e38   0x08008e38   0x00000022   Code   RO         2301    i.TIM_CCxChannelCmd  stm32f1xx_hal_tim.o
    0x08008e5a   0x08008e5a   0x00000002   PAD
    0x08008e5c   0x08008e5c   0x00000070   Code   RO         2313    i.TIM_OC1_SetConfig  stm32f1xx_hal_tim.o
    0x08008ecc   0x08008ecc   0x0000007c   Code   RO         2314    i.TIM_OC2_SetConfig  stm32f1xx_hal_tim.o
    0x08008f48   0x08008f48   0x00000078   Code   RO         2315    i.TIM_OC3_SetConfig  stm32f1xx_hal_tim.o
    0x08008fc0   0x08008fc0   0x00000054   Code   RO         2316    i.TIM_OC4_SetConfig  stm32f1xx_hal_tim.o
    0x08009014   0x08009014   0x00000014   Code   RO         1521    i.UART_DMAAbortOnError  stm32f1xx_hal_uart.o
    0x08009028   0x08009028   0x00000020   Code   RO         1531    i.UART_EndRxTransfer  stm32f1xx_hal_uart.o
    0x08009048   0x08009048   0x00000020   Code   RO         1532    i.UART_EndTransmit_IT  stm32f1xx_hal_uart.o
    0x08009068   0x08009068   0x000000a0   Code   RO         1534    i.UART_Receive_IT   stm32f1xx_hal_uart.o
    0x08009108   0x08009108   0x000000fc   Code   RO         1535    i.UART_SetConfig    stm32f1xx_hal_uart.o
    0x08009204   0x08009204   0x00000060   Code   RO         1536    i.UART_Transmit_IT  stm32f1xx_hal_uart.o
    0x08009264   0x08009264   0x0000006c   Code   RO         1537    i.UART_WaitOnFlagUntilTimeout  stm32f1xx_hal_uart.o
    0x080092d0   0x080092d0   0x00000078   Code   RO          769    i.USART1_IRQHandler  usart.o
    0x08009348   0x08009348   0x00000078   Code   RO         5602    i.USART2_IRQHandler  usart2.o
    0x080093c0   0x080093c0   0x00000010   Code   RO         6088    i.USART3_IRQHandler  usart3.o
    0x080093d0   0x080093d0   0x00000004   Code   RO          374    i.UsageFault_Handler  stm32f1xx_it.o
    0x080093d4   0x080093d4   0x0000023c   Code   RO         5907    i.VERIFY_PW         password.o
    0x08009610   0x08009610   0x0000008c   Code   RO         7612    i.WIFI_MODIFY       esp8266.o
    0x0800969c   0x0800969c   0x00000084   Code   RO         7613    i.WIFI_TEXT         esp8266.o
    0x08009720   0x08009720   0x00000034   Code   RO         4891    i.WriteRawRC        rc522.o
    0x08009754   0x08009754   0x00000028   Code   RO         8472    i.__ARM_fpclassify  m_ws.l(fpclassify.o)
    0x0800977c   0x0800977c   0x00000010   Code   RO         1036    i.__NVIC_GetPriorityGrouping  stm32f1xx_hal_cortex.o
    0x0800978c   0x0800978c   0x00000028   Code   RO         1037    i.__NVIC_SetPriority  stm32f1xx_hal_cortex.o
    0x080097b4   0x080097b4   0x000000aa   Code   RO         8474    i.__kernel_poly     m_ws.l(poly.o)
    0x0800985e   0x0800985e   0x00000002   PAD
    0x08009860   0x08009860   0x00000010   Code   RO         8458    i.__mathlib_dbl_divzero  m_ws.l(dunder.o)
    0x08009870   0x08009870   0x00000004   Code   RO         8460    i.__mathlib_dbl_infnan2  m_ws.l(dunder.o)
    0x08009874   0x08009874   0x0000000c   Code   RO         8461    i.__mathlib_dbl_invalid  m_ws.l(dunder.o)
    0x08009880   0x08009880   0x0000000e   Code   RO         8462    i.__mathlib_dbl_overflow  m_ws.l(dunder.o)
    0x0800988e   0x0800988e   0x00000002   PAD
    0x08009890   0x08009890   0x00000010   Code   RO         8464    i.__mathlib_dbl_underflow  m_ws.l(dunder.o)
    0x080098a0   0x080098a0   0x0000000e   Code   RO         8166    i._is_digit         c_w.l(__printf_wp.o)
    0x080098ae   0x080098ae   0x00000004   Code   RO          771    i._sys_exit         usart.o
    0x080098b2   0x080098b2   0x00000004   Code   RO          772    i._ttywrch          usart.o
    0x080098b6   0x080098b6   0x00000008   Code   RO         5187    i.at24cxx_init      24cxx.o
    0x080098be   0x080098be   0x00000024   Code   RO         5188    i.at24cxx_read      24cxx.o
    0x080098e2   0x080098e2   0x00000052   Code   RO         5189    i.at24cxx_read_one_byte  24cxx.o
    0x08009934   0x08009934   0x00000024   Code   RO         5190    i.at24cxx_write     24cxx.o
    0x08009958   0x08009958   0x0000004a   Code   RO         5191    i.at24cxx_write_one_byte  24cxx.o
    0x080099a2   0x080099a2   0x00000002   PAD
    0x080099a4   0x080099a4   0x00000058   Code   RO         4363    i.beep_init         beep.o
    0x080099fc   0x080099fc   0x00000058   Code   RO         7277    i.cJSON_Delete      cjson.o
    0x08009a54   0x08009a54   0x0000001e   Code   RO         7286    i.cJSON_GetObjectItem  cjson.o
    0x08009a72   0x08009a72   0x00000002   PAD
    0x08009a74   0x08009a74   0x00000020   Code   RO         7289    i.cJSON_New_Item    cjson.o
    0x08009a94   0x08009a94   0x00000010   Code   RO         7290    i.cJSON_Parse       cjson.o
    0x08009aa4   0x08009aa4   0x00000064   Code   RO         7291    i.cJSON_ParseWithOpts  cjson.o
    0x08009b08   0x08009b08   0x0000004c   Code   RO         7297    i.cJSON_strcasecmp  cjson.o
    0x08009b54   0x08009b54   0x00000104   Code   RO         6582    i.check_fs          ff.o
    0x08009c58   0x08009c58   0x0000001a   Code   RO         6584    i.clst2sect         ff.o
    0x08009c72   0x08009c72   0x00000002   PAD
    0x08009c74   0x08009c74   0x0000000c   Code   RO          647    i.delay_init        delay.o
    0x08009c80   0x08009c80   0x00000012   Code   RO          648    i.delay_ms          delay.o
    0x08009c92   0x08009c92   0x00000002   PAD
    0x08009c94   0x08009c94   0x00000048   Code   RO          649    i.delay_us          delay.o
    0x08009cdc   0x08009cdc   0x00000026   Code   RO         6533    i.disk_initialize   diskio.o
    0x08009d02   0x08009d02   0x00000062   Code   RO         6535    i.disk_read         diskio.o
    0x08009d64   0x08009d64   0x00000006   Code   RO         6536    i.disk_status       diskio.o
    0x08009d6a   0x08009d6a   0x00000062   Code   RO         6537    i.disk_write        diskio.o
    0x08009dcc   0x08009dcc   0x000000d4   Code   RO         4401    i.extix_init        exti.o
    0x08009ea0   0x08009ea0   0x00000054   Code   RO         6608    i.f_mount           ff.o
    0x08009ef4   0x08009ef4   0x00000078   Code   RO         6626    i.find_volume       ff.o
    0x08009f6c   0x08009f6c   0x00000040   Code   RO         7084    i.fonts_init        fonts.o
    0x08009fac   0x08009fac   0x0000001c   Code   RO          773    i.fputc             usart.o
    0x08009fc8   0x08009fc8   0x0000004c   Code   RO         7892    i.ft                hmac_sha1.o
    0x0800a014   0x0800a014   0x00000058   Code   RO         5908    i.generate_password  password.o
    0x0800a06c   0x0800a06c   0x0000004e   Code   RO         6631    i.get_ldnumber      ff.o
    0x0800a0ba   0x0800a0ba   0x0000012e   Code   RO         7893    i.hmac_sha1         hmac_sha1.o
    0x0800a1e8   0x0800a1e8   0x00000050   Code   RO         5112    i.iic_ack           myiic.o
    0x0800a238   0x0800a238   0x0000000a   Code   RO         5113    i.iic_delay         myiic.o
    0x0800a242   0x0800a242   0x00000002   PAD
    0x0800a244   0x0800a244   0x00000078   Code   RO         5114    i.iic_init          myiic.o
    0x0800a2bc   0x0800a2bc   0x00000040   Code   RO         5115    i.iic_nack          myiic.o
    0x0800a2fc   0x0800a2fc   0x0000005c   Code   RO         5116    i.iic_read_byte     myiic.o
    0x0800a358   0x0800a358   0x0000006c   Code   RO         5117    i.iic_send_byte     myiic.o
    0x0800a3c4   0x0800a3c4   0x0000004c   Code   RO         5118    i.iic_start         myiic.o
    0x0800a410   0x0800a410   0x00000040   Code   RO         5119    i.iic_stop          myiic.o
    0x0800a450   0x0800a450   0x00000064   Code   RO         5120    i.iic_wait_ack      myiic.o
    0x0800a4b4   0x0800a4b4   0x00000038   Code   RO         5909    i.is_password_expired  password.o
    0x0800a4ec   0x0800a4ec   0x00000034   Code   RO         7894    i.k                 hmac_sha1.o
    0x0800a520   0x0800a520   0x000000b8   Code   RO         4477    i.key_init          key.o
    0x0800a5d8   0x0800a5d8   0x000000a0   Code   RO         4478    i.key_scan          key.o
    0x0800a678   0x0800a678   0x00000034   Code   RO         4509    i.lcd_clear         lcd.o
    0x0800a6ac   0x0800a6ac   0x0000016c   Code   RO         4511    i.lcd_display_dir   lcd.o
    0x0800a818   0x0800a818   0x000000aa   Code   RO         4514    i.lcd_draw_circle   lcd.o
    0x0800a8c2   0x0800a8c2   0x000000ac   Code   RO         4516    i.lcd_draw_line     lcd.o
    0x0800a96e   0x0800a96e   0x00000002   PAD
    0x0800a970   0x0800a970   0x00000020   Code   RO         4517    i.lcd_draw_point    lcd.o
    0x0800a990   0x0800a990   0x0000004a   Code   RO         4518    i.lcd_draw_rectangle  lcd.o
    0x0800a9da   0x0800a9da   0x0000022c   Code   RO         4519    i.lcd_ex_ili9341_reginit  lcd.o
    0x0800ac06   0x0800ac06   0x00000340   Code   RO         4520    i.lcd_ex_ili9806_reginit  lcd.o
    0x0800af46   0x0800af46   0x00000ef2   Code   RO         4521    i.lcd_ex_nt35310_reginit  lcd.o
    0x0800be38   0x0800be38   0x00000efc   Code   RO         4522    i.lcd_ex_nt35510_reginit  lcd.o
    0x0800cd34   0x0800cd34   0x0000016e   Code   RO         4523    i.lcd_ex_ssd1963_reginit  lcd.o
    0x0800cea2   0x0800cea2   0x000001a8   Code   RO         4524    i.lcd_ex_st7789_reginit  lcd.o
    0x0800d04a   0x0800d04a   0x000001c6   Code   RO         4525    i.lcd_ex_st7796_reginit  lcd.o
    0x0800d210   0x0800d210   0x00000054   Code   RO         4526    i.lcd_fill          lcd.o
    0x0800d264   0x0800d264   0x00000468   Code   RO         4528    i.lcd_init          lcd.o
    0x0800d6cc   0x0800d6cc   0x0000000c   Code   RO         4529    i.lcd_opt_delay     lcd.o
    0x0800d6d8   0x0800d6d8   0x00000016   Code   RO         4530    i.lcd_pow           lcd.o
    0x0800d6ee   0x0800d6ee   0x00000002   PAD
    0x0800d6f0   0x0800d6f0   0x00000018   Code   RO         4531    i.lcd_rd_data       lcd.o
    0x0800d708   0x0800d708   0x0000023c   Code   RO         4533    i.lcd_scan_dir      lcd.o
    0x0800d944   0x0800d944   0x00000120   Code   RO         4534    i.lcd_set_cursor    lcd.o
    0x0800da64   0x0800da64   0x00000140   Code   RO         4536    i.lcd_show_char     lcd.o
    0x0800dba4   0x0800dba4   0x00000098   Code   RO         4537    i.lcd_show_num      lcd.o
    0x0800dc3c   0x0800dc3c   0x0000006a   Code   RO         4538    i.lcd_show_string   lcd.o
    0x0800dca6   0x0800dca6   0x00000002   PAD
    0x0800dca8   0x0800dca8   0x00000054   Code   RO         4540    i.lcd_ssd_backlight_set  lcd.o
    0x0800dcfc   0x0800dcfc   0x00000018   Code   RO         4541    i.lcd_wr_data       lcd.o
    0x0800dd14   0x0800dd14   0x00000018   Code   RO         4542    i.lcd_wr_regno      lcd.o
    0x0800dd2c   0x0800dd2c   0x00000014   Code   RO         4543    i.lcd_write_ram_prepare  lcd.o
    0x0800dd40   0x0800dd40   0x00000010   Code   RO         4544    i.lcd_write_reg     lcd.o
    0x0800dd50   0x0800dd50   0x00000018   Code   RO         6634    i.ld_dword          ff.o
    0x0800dd68   0x0800dd68   0x00000062   Code   RO         6635    i.ld_qword          ff.o
    0x0800ddca   0x0800ddca   0x0000000c   Code   RO         6636    i.ld_word           ff.o
    0x0800ddd6   0x0800ddd6   0x00000002   PAD
    0x0800ddd8   0x0800ddd8   0x00000090   Code   RO         4770    i.led_init          led.o
    0x0800de68   0x0800de68   0x00000768   Code   RO           14    i.main              main.o
    0x0800e5d0   0x0800e5d0   0x00000474   Code   RO         6639    i.mount_volume      ff.o
    0x0800ea44   0x0800ea44   0x00000034   Code   RO         6640    i.move_window       ff.o
    0x0800ea78   0x0800ea78   0x0000006c   Code   RO         7184    i.my_mem_free       malloc.o
    0x0800eae4   0x0800eae4   0x00000030   Code   RO         7185    i.my_mem_init       malloc.o
    0x0800eb14   0x0800eb14   0x000000a8   Code   RO         7186    i.my_mem_malloc     malloc.o
    0x0800ebbc   0x0800ebbc   0x00000040   Code   RO         7187    i.my_mem_perused    malloc.o
    0x0800ebfc   0x0800ebfc   0x00000014   Code   RO         7188    i.my_mem_set        malloc.o
    0x0800ec10   0x0800ec10   0x00000024   Code   RO         7189    i.myfree            malloc.o
    0x0800ec34   0x0800ec34   0x00000028   Code   RO         7190    i.mymalloc          malloc.o
    0x0800ec5c   0x0800ec5c   0x00000044   Code   RO         5473    i.norflash_erase_sector  norflash.o
    0x0800eca0   0x0800eca0   0x000000b8   Code   RO         5474    i.norflash_init     norflash.o
    0x0800ed58   0x0800ed58   0x00000050   Code   RO         5475    i.norflash_read     norflash.o
    0x0800eda8   0x0800eda8   0x00000050   Code   RO         5476    i.norflash_read_id  norflash.o
    0x0800edf8   0x0800edf8   0x0000005c   Code   RO         5477    i.norflash_read_sr  norflash.o
    0x0800ee54   0x0800ee54   0x00000034   Code   RO         5478    i.norflash_send_address  norflash.o
    0x0800ee88   0x0800ee88   0x00000014   Code   RO         5479    i.norflash_wait_busy  norflash.o
    0x0800ee9c   0x0800ee9c   0x000000b8   Code   RO         5480    i.norflash_write    norflash.o
    0x0800ef54   0x0800ef54   0x0000002c   Code   RO         5481    i.norflash_write_enable  norflash.o
    0x0800ef80   0x0800ef80   0x00000046   Code   RO         5482    i.norflash_write_nocheck  norflash.o
    0x0800efc6   0x0800efc6   0x00000002   PAD
    0x0800efc8   0x0800efc8   0x00000058   Code   RO         5483    i.norflash_write_page  norflash.o
    0x0800f020   0x0800f020   0x00000058   Code   RO         5484    i.norflash_write_sr  norflash.o
    0x0800f078   0x0800f078   0x000000ac   Code   RO         7301    i.parse_array       cjson.o
    0x0800f124   0x0800f124   0x00000114   Code   RO         7302    i.parse_hex4        cjson.o
    0x0800f238   0x0800f238   0x000001bc   Code   RO         7303    i.parse_number      cjson.o
    0x0800f3f4   0x0800f3f4   0x00000114   Code   RO         7304    i.parse_object      cjson.o
    0x0800f508   0x0800f508   0x000001cc   Code   RO         7305    i.parse_string      cjson.o
    0x0800f6d4   0x0800f6d4   0x000000bc   Code   RO         7306    i.parse_value       cjson.o
    0x0800f790   0x0800f790   0x000009d8   Code   RO         8292    i.pow               m_ws.l(pow.o)
    0x08010168   0x08010168   0x0000015c   Code   RO         5693    i.press_FR          as608.o
    0x080102c4   0x080102c4   0x0000002e   Code   RO         7895    i.rotl              hmac_sha1.o
    0x080102f2   0x080102f2   0x00000002   PAD
    0x080102f4   0x080102f4   0x000000ac   Code   RO         6178    i.rtc_date2sec      rtc.o
    0x080103a0   0x080103a0   0x0000016c   Code   RO         6179    i.rtc_get_time      rtc.o
    0x0801050c   0x0801050c   0x00000050   Code   RO         6180    i.rtc_get_week      rtc.o
    0x0801055c   0x0801055c   0x000000bc   Code   RO         6181    i.rtc_init          rtc.o
    0x08010618   0x08010618   0x00000032   Code   RO         6182    i.rtc_is_leap_year  rtc.o
    0x0801064a   0x0801064a   0x00000002   PAD
    0x0801064c   0x0801064c   0x00000018   Code   RO         6183    i.rtc_read_bkr      rtc.o
    0x08010664   0x08010664   0x000000a8   Code   RO         6185    i.rtc_set_time      rtc.o
    0x0801070c   0x0801070c   0x0000001c   Code   RO         6186    i.rtc_write_bkr     rtc.o
    0x08010728   0x08010728   0x00000284   Code   RO         7897    i.sha1              hmac_sha1.o
    0x080109ac   0x080109ac   0x00000012   Code   RO         7314    i.skip              cjson.o
    0x080109be   0x080109be   0x00000002   PAD
    0x080109c0   0x080109c0   0x00000020   Code   RO         5431    i.spi2_read_write_byte  spi2.o
    0x080109e0   0x080109e0   0x00000048   Code   RO         5432    i.spi2_set_speed    spi2.o
    0x08010a28   0x08010a28   0x0000004c   Code   RO         8478    i.sqrt              m_ws.l(sqrt.o)
    0x08010a74   0x08010a74   0x0000004a   Code   RO         6656    i.sync_window       ff.o
    0x08010abe   0x08010abe   0x00000066   Code   RO          702    i.sys_stm32_clock_init  sys.o
    0x08010b24   0x08010b24   0x000000e0   Code   RO         7139    i.text_get_hz_mat   text.o
    0x08010c04   0x08010c04   0x000000e0   Code   RO         7140    i.text_show_font    text.o
    0x08010ce4   0x08010ce4   0x000000c6   Code   RO         7141    i.text_show_string  text.o
    0x08010daa   0x08010daa   0x00000002   PAD
    0x08010dac   0x08010dac   0x00000074   Code   RO         7142    i.text_show_string_middle  text.o
    0x08010e20   0x08010e20   0x0000002c   Code   RO         5035    i.tim6_int_init     btim.o
    0x08010e4c   0x08010e4c   0x00000064   Code   RO         6047    i.tim7_int_init     timer7.o
    0x08010eb0   0x08010eb0   0x00000058   Code   RO         6138    i.time2_init        time2.o
    0x08010f08   0x08010f08   0x000003f0   Code   RO         5317    i.tp_adjust         touch.o
    0x080112f8   0x080112f8   0x00000148   Code   RO         5318    i.tp_adjust_info_show  touch.o
    0x08011440   0x08011440   0x00000076   Code   RO         5320    i.tp_draw_touch_point  touch.o
    0x080114b6   0x080114b6   0x00000002   PAD
    0x080114b8   0x080114b8   0x00000028   Code   RO         5321    i.tp_get_adjust_data  touch.o
    0x080114e0   0x080114e0   0x00000134   Code   RO         5322    i.tp_init           touch.o
    0x08011614   0x08011614   0x000000d8   Code   RO         5323    i.tp_read_ad        touch.o
    0x080116ec   0x080116ec   0x00000078   Code   RO         5324    i.tp_read_xoy       touch.o
    0x08011764   0x08011764   0x00000044   Code   RO         5325    i.tp_read_xy        touch.o
    0x080117a8   0x080117a8   0x000000b0   Code   RO         5326    i.tp_read_xy2       touch.o
    0x08011858   0x08011858   0x0000001c   Code   RO         5327    i.tp_save_adjust_data  touch.o
    0x08011874   0x08011874   0x00000130   Code   RO         5328    i.tp_scan           touch.o
    0x080119a4   0x080119a4   0x00000068   Code   RO         5329    i.tp_write_byte     touch.o
    0x08011a0c   0x08011a0c   0x00000058   Code   RO          774    i.u1_printf         usart.o
    0x08011a64   0x08011a64   0x000000d4   Code   RO          775    i.usart1_init       usart.o
    0x08011b38   0x08011b38   0x000000d0   Code   RO         5604    i.usart2_init       usart2.o
    0x08011c08   0x08011c08   0x0000002c   Code   RO         6089    i.usart3_init       usart3.o
    0x08011c34   0x08011c34   0x0000002c   Code   RO         8568    locale$$code        c_w.l(lc_ctype_c.o)
    0x08011c60   0x08011c60   0x0000002c   Code   RO         8571    locale$$code        c_w.l(lc_numeric_c.o)
    0x08011c8c   0x08011c8c   0x00000150   Code   RO         8227    x$fpl$dadd          fz_ws.l(daddsub_clz.o)
    0x08011ddc   0x08011ddc   0x00000010   Code   RO         8582    x$fpl$dcheck1       fz_ws.l(dcheck1.o)
    0x08011dec   0x08011dec   0x00000018   Code   RO         8437    x$fpl$dcmpinf       fz_ws.l(dcmpi.o)
    0x08011e04   0x08011e04   0x000002b0   Code   RO         8234    x$fpl$ddiv          fz_ws.l(ddiv.o)
    0x080120b4   0x080120b4   0x0000005e   Code   RO         8239    x$fpl$dfix          fz_ws.l(dfix.o)
    0x08012112   0x08012112   0x00000002   PAD
    0x08012114   0x08012114   0x0000005a   Code   RO         8243    x$fpl$dfixu         fz_ws.l(dfixu.o)
    0x0801216e   0x0801216e   0x0000002e   Code   RO         8248    x$fpl$dflt          fz_ws.l(dflt_clz.o)
    0x0801219c   0x0801219c   0x00000026   Code   RO         8247    x$fpl$dfltu         fz_ws.l(dflt_clz.o)
    0x080121c2   0x080121c2   0x00000002   PAD
    0x080121c4   0x080121c4   0x00000078   Code   RO         8253    x$fpl$dleqf         fz_ws.l(dleqf.o)
    0x0801223c   0x0801223c   0x00000154   Code   RO         8255    x$fpl$dmul          fz_ws.l(dmul.o)
    0x08012390   0x08012390   0x0000009c   Code   RO         8439    x$fpl$dnaninf       fz_ws.l(dnaninf.o)
    0x0801242c   0x0801242c   0x0000000c   Code   RO         8441    x$fpl$dretinf       fz_ws.l(dretinf.o)
    0x08012438   0x08012438   0x0000006c   Code   RO         8257    x$fpl$drleqf        fz_ws.l(drleqf.o)
    0x080124a4   0x080124a4   0x00000016   Code   RO         8228    x$fpl$drsb          fz_ws.l(daddsub_clz.o)
    0x080124ba   0x080124ba   0x00000002   PAD
    0x080124bc   0x080124bc   0x000001cc   Code   RO         8584    x$fpl$dsqrt         fz_ws.l(dsqrt_noumaal.o)
    0x08012688   0x08012688   0x000001d4   Code   RO         8229    x$fpl$dsub          fz_ws.l(daddsub_clz.o)
    0x0801285c   0x0801285c   0x000000c4   Code   RO         8261    x$fpl$fadd          fz_ws.l(faddsub_clz.o)
    0x08012920   0x08012920   0x00000184   Code   RO         8268    x$fpl$fdiv          fz_ws.l(fdiv.o)
    0x08012aa4   0x08012aa4   0x0000003e   Code   RO         8273    x$fpl$ffixu         fz_ws.l(ffixu.o)
    0x08012ae2   0x08012ae2   0x00000002   PAD
    0x08012ae4   0x08012ae4   0x00000030   Code   RO         8278    x$fpl$fflt          fz_ws.l(fflt_clz.o)
    0x08012b14   0x08012b14   0x00000102   Code   RO         8283    x$fpl$fmul          fz_ws.l(fmul.o)
    0x08012c16   0x08012c16   0x0000008c   Code   RO         8445    x$fpl$fnaninf       fz_ws.l(fnaninf.o)
    0x08012ca2   0x08012ca2   0x0000000a   Code   RO         8447    x$fpl$fretinf       fz_ws.l(fretinf.o)
    0x08012cac   0x08012cac   0x000000ea   Code   RO         8263    x$fpl$fsub          fz_ws.l(faddsub_clz.o)
    0x08012d96   0x08012d96   0x00000004   Code   RO         8285    x$fpl$printf1       fz_ws.l(printf1.o)
    0x08012d9a   0x08012d9a   0x00000004   Code   RO         8449    x$fpl$printf2       fz_ws.l(printf2.o)
    0x08012d9e   0x08012d9e   0x00000064   Code   RO         8616    x$fpl$retnan        fz_ws.l(retnan.o)
    0x08012e02   0x08012e02   0x0000005c   Code   RO         8455    x$fpl$scalbn        fz_ws.l(scalbn.o)
    0x08012e5e   0x08012e5e   0x00000030   Code   RO         8648    x$fpl$trapveneer    fz_ws.l(trapv.o)
    0x08012e8e   0x08012e8e   0x00000000   Code   RO         8457    x$fpl$usenofp       fz_ws.l(usenofp.o)
    0x08012e8e   0x08012e8e   0x00000018   Data   RO          611    .constdata          system_stm32f1xx.o
    0x08012ea6   0x08012ea6   0x00002f80   Data   RO         4546    .constdata          lcd.o
    0x08015e26   0x08015e26   0x00000002   PAD
    0x08015e28   0x08015e28   0x00000004   Data   RO         5330    .constdata          touch.o
    0x08015e2c   0x08015e2c   0x00000018   Data   RO         7195    .constdata          malloc.o
    0x08015e44   0x08015e44   0x00000007   Data   RO         7317    .constdata          cjson.o
    0x08015e4b   0x08015e4b   0x000000c0   Data   RO         7871    .constdata          base64.o
    0x08015f0b   0x08015f0b   0x00000028   Data   RO         8154    .constdata          c_w.l(_printf_hex_int_ll_ptr.o)
    0x08015f33   0x08015f33   0x00000011   Data   RO         8174    .constdata          c_w.l(__printf_flags_ss_wp.o)
    0x08015f44   0x08015f44   0x00000004   PAD
    0x08015f48   0x08015f48   0x00000088   Data   RO         8293    .constdata          m_ws.l(pow.o)
    0x08015fd0   0x08015fd0   0x00000008   Data   RO         8360    .constdata          c_w.l(_printf_wctomb.o)
    0x08015fd8   0x08015fd8   0x00000008   Data   RO         8476    .constdata          m_ws.l(qnan.o)
    0x08015fe0   0x08015fe0   0x00000026   Data   RO         8526    .constdata          c_w.l(_printf_fp_hex.o)
    0x08016006   0x08016006   0x00000002   PAD
    0x08016008   0x08016008   0x00000094   Data   RO         8537    .constdata          c_w.l(bigflt0.o)
    0x0801609c   0x0801609c   0x00000079   Data   RO         5331    .conststring        touch.o
    0x08016115   0x08016115   0x00000003   PAD
    0x08016118   0x08016118   0x00000059   Data   RO         5695    .conststring        as608.o
    0x08016171   0x08016171   0x00000003   PAD
    0x08016174   0x08016174   0x00000005   Data   RO         5910    .conststring        password.o
    0x08016179   0x08016179   0x00000003   PAD
    0x0801617c   0x0801617c   0x00000047   Data   RO         7953    .conststring        onenet.o
    0x080161c3   0x080161c3   0x00000001   PAD
    0x080161c4   0x080161c4   0x00000020   Data   RO         8676    Region$$Table       anon$$obj.o
    0x080161e4   0x080161e4   0x00000110   Data   RO         8567    locale$$data        c_w.l(lc_ctype_c.o)
    0x080162f4   0x080162f4   0x0000001c   Data   RO         8570    locale$$data        c_w.l(lc_numeric_c.o)


    Execution Region RW_IRAM1 (Exec base: 0x20000000, Load base: 0x08016310, Size: 0x0000dd48, Max: 0x00010000, ABSOLUTE, COMPRESSED[0x000000c8])

    Exec Addr    Load Addr    Size         Type   Attr      Idx    E Section Name        Object

    0x20000000   COMPRESSED   0x00000018   Data   RW           15    .data               main.o
    0x20000018   COMPRESSED   0x00000004   Data   RW          612    .data               system_stm32f1xx.o
    0x2000001c   COMPRESSED   0x00000004   Data   RW          650    .data               delay.o
    0x20000020   COMPRESSED   0x00000006   Data   RW          777    .data               usart.o
    0x20000026   COMPRESSED   0x00000002   PAD
    0x20000028   COMPRESSED   0x00000009   Data   RW          872    .data               stm32f1xx_hal.o
    0x20000031   COMPRESSED   0x00000001   Data   RW         4364    .data               beep.o
    0x20000032   COMPRESSED   0x00000001   Data   RW         4479    .data               key.o
    0x20000033   COMPRESSED   0x00000001   PAD
    0x20000034   COMPRESSED   0x00000008   Data   RW         4547    .data               lcd.o
    0x2000003c   COMPRESSED   0x00000001   Data   RW         4771    .data               led.o
    0x2000003d   COMPRESSED   0x00000067   Data   RW         4893    .data               rc522.o
    0x200000a4   COMPRESSED   0x00000048   Data   RW         5332    .data               touch.o
    0x200000ec   COMPRESSED   0x00000002   Data   RW         5486    .data               norflash.o
    0x200000ee   COMPRESSED   0x00000002   Data   RW         5606    .data               usart2.o
    0x200000f0   COMPRESSED   0x00000085   Data   RW         5696    .data               as608.o
    0x20000175   COMPRESSED   0x00000003   PAD
    0x20000178   COMPRESSED   0x0000004b   Data   RW         5911    .data               password.o
    0x200001c3   COMPRESSED   0x00000001   PAD
    0x200001c4   COMPRESSED   0x00000005   Data   RW         6140    .data               time2.o
    0x200001c9   COMPRESSED   0x00000003   PAD
    0x200001cc   COMPRESSED   0x00000008   Data   RW         6188    .data               rtc.o
    0x200001d4   COMPRESSED   0x00000008   Data   RW         6275    .data               exfuns.o
    0x200001dc   COMPRESSED   0x0000000a   Data   RW         6663    .data               ff.o
    0x200001e6   COMPRESSED   0x00000002   PAD
    0x200001e8   COMPRESSED   0x0000001c   Data   RW         7196    .data               malloc.o
    0x20000204   COMPRESSED   0x0000000c   Data   RW         7318    .data               cjson.o
    0x20000210   COMPRESSED   0x00000005   Data   RW         7615    .data               esp8266.o
    0x20000215   COMPRESSED   0x00000003   PAD
    0x20000218   COMPRESSED   0x0000000e   Data   RW         7954    .data               onenet.o
    0x20000226   COMPRESSED   0x00000002   PAD
    0x20000228        -       0x000005d0   Zero   RW          776    .bss                usart.o
    0x200007f8        -       0x00000056   Zero   RW         4545    .bss                lcd.o
    0x2000084e        -       0x00000010   Zero   RW         4892    .bss                rc522.o
    0x2000085e   COMPRESSED   0x00000002   PAD
    0x20000860        -       0x00000048   Zero   RW         5036    .bss                btim.o
    0x200008a8        -       0x00000058   Zero   RW         5078    .bss                pwmtimer.o
    0x20000900        -       0x00000058   Zero   RW         5433    .bss                spi2.o
    0x20000958        -       0x00001000   Zero   RW         5485    .bss                norflash.o
    0x20001958        -       0x00000360   Zero   RW         5605    .bss                usart2.o
    0x20001cb8        -       0x0000000c   Zero   RW         5694    .bss                as608.o
    0x20001cc4        -       0x00000048   Zero   RW         6048    .bss                timer7.o
    0x20001d0c        -       0x00000040   Zero   RW         6090    .bss                usart3.o
    0x20001d4c        -       0x00000048   Zero   RW         6139    .bss                time2.o
    0x20001d94        -       0x00000046   Zero   RW         6187    .bss                rtc.o
    0x20001dda        -       0x00000021   Zero   RW         7088    .bss                fonts.o
    0x20001dfb   COMPRESSED   0x00000005   PAD
    0x20001e00        -       0x0000aa00   Zero   RW         7194    .bss                malloc.o
    0x2000c800        -       0x00000800   Zero   RW         7614    .bss                esp8266.o
    0x2000d000        -       0x000000e4   Zero   RW         8192    .bss                c_w.l(rand.o)
    0x2000d0e4        -       0x00000060   Zero   RW         8486    .bss                c_w.l(libspace.o)
    0x2000d144   COMPRESSED   0x00000004   PAD
    0x2000d148        -       0x00000400   Zero   RW            2    HEAP                startup_stm32f103xe.o
    0x2000d548        -       0x00000800   Zero   RW            1    STACK               startup_stm32f103xe.o



  Load Region LR$$.ARM.__AT_0x68000000 (Base: 0x68000000, Size: 0x00000000, Max: 0x00000020, ABSOLUTE)

    Execution Region ER$$.ARM.__AT_0x68000000 (Exec base: 0x68000000, Load base: 0x68000000, Size: 0x00000020, Max: 0x00000020, ABSOLUTE, UNINIT)

    Exec Addr    Load Addr    Size         Type   Attr      Idx    E Section Name        Object

    0x68000000        -       0x00000020   Zero   RW         7192    .ARM.__AT_0x68000000  malloc.o



  Load Region LR$$.ARM.__AT_0x68000020 (Base: 0x68000020, Size: 0x00000000, Max: 0x00000004, ABSOLUTE)

    Execution Region ER$$.ARM.__AT_0x68000020 (Exec base: 0x68000020, Load base: 0x68000020, Size: 0x00000004, Max: 0x00000004, ABSOLUTE, UNINIT)

    Exec Addr    Load Addr    Size         Type   Attr      Idx    E Section Name        Object

    0x68000020        -       0x00000002   Zero   RW         7193    .ARM.__AT_0x68000020  malloc.o


==============================================================================

Image component sizes


      Code (inc. data)   RO Data    RW Data    ZI Data      Debug   Object Name

       236          0          0          0          0       3287   24cxx.o
      5188       1156         89        133         12      20103   as608.o
       688          8        192          0          0       3048   base64.o
       120         20          0          1          0       2339   beep.o
       180         28          0          0         72       2273   btim.o
      2176         82          7         12          0      11825   cjson.o
       114         10          0          4          0       2343   delay.o
       240          0          0          0          0       4217   diskio.o
      1480        522          0          5       2048       6655   esp8266.o
         0          0          0          8          0       3939   exfuns.o
       264         28          0          0          0       2939   exti.o
      1968         52          0         10          0      25126   ff.o
        64          4          0          0         33       2110   fonts.o
       236         24          0          0          0       1352   hc05.o
      1120         30          0          0          0       4383   hmac_sha1.o
       344         24          0          1          0       1642   key.o
     14178        176      12160          8         86      28328   lcd.o
       368         56          0          1          0       2916   led.o
      1968        386          0         24          0      11485   main.o
       484         54         24         28      43554       6171   malloc.o
      2422         58          0          0          0      14410   mqttkit.o
       714         42          0          0          0       5046   myiic.o
      1050         54          0          2       4096       8112   norflash.o
      3048       1170         71         14          0      11920   onenet.o
      2858        312          5         75          0       9126   password.o
       196         22          0          0         88       1834   pwmtimer.o
      2512        292          0        103         16      14235   rc522.o
      1378        126          0          8         70       7879   rtc.o
        68         12          0          0          0        978   servo.o
       200         12          0          0          0       1040   spi.o
       280         26          0          0         88       2240   spi2.o
        64         26        304          0       3072        928   startup_stm32f103xe.o
       154         32          0          9          0       6363   stm32f1xx_hal.o
       304         22          0          0          0      29427   stm32f1xx_hal_cortex.o
       424         10          0          0          0       1231   stm32f1xx_hal_dma.o
       888         44          0          0          0       3938   stm32f1xx_hal_gpio.o
        12          4          0          0          0        511   stm32f1xx_hal_pwr.o
      1784        110          0          0          0       6016   stm32f1xx_hal_rcc.o
       612         46          0          0          0       2429   stm32f1xx_hal_rcc_ex.o
       388          6          0          0          0       3296   stm32f1xx_hal_rtc.o
        48         10          0          0          0       1775   stm32f1xx_hal_rtc_ex.o
      1226          6          0          0          0       5729   stm32f1xx_hal_spi.o
       102          0          0          0          0       1200   stm32f1xx_hal_sram.o
      1940        102          0          0          0      12604   stm32f1xx_hal_tim.o
         4          0          0          0          0       1521   stm32f1xx_hal_tim_ex.o
      1696         10          0          0          0      10642   stm32f1xx_hal_uart.o
        32          0          0          0          0     510538   stm32f1xx_it.o
       254         10          0          0          0       3831   stm32f1xx_ll_fsmc.o
       102          0          0          0          0        707   sys.o
         2          0         24          4          0       1331   system_stm32f1xx.o
       762         16          0          0          0       4370   text.o
       156         26          0          5         72       2266   time2.o
       168         20          0          0         72       2142   timer7.o
      2818        158        125         72          0      10966   touch.o
       456         56          0          6       1488       6063   usart.o
       328         42          0          2        864       2151   usart2.o
       204         30          0          0         64       2382   usart3.o

    ----------------------------------------------------------------------
     61138       5572      13045        552      55804     857658   Object Totals
         0          0         32          0          0          0   (incl. Generated)
        68          0         12         17          9          0   (incl. Padding)

    ----------------------------------------------------------------------

      Code (inc. data)   RO Data    RW Data    ZI Data      Debug   Library Member Name

        24          4          0          0          0         84   __2printf.o
        56          6          0          0          0         88   __2snprintf.o
        44          6          0          0          0         84   __2sprintf.o
        90          0          0          0          0          0   __dczerorl2.o
         8          0          0          0          0         68   __main.o
       392          4         17          0          0         92   __printf_flags_ss_wp.o
        14          0          0          0          0         68   __printf_wp.o
         0          0          0          0          0          0   __rtentry.o
        12          0          0          0          0          0   __rtentry2.o
         6          0          0          0          0          0   __rtentry4.o
        52          8          0          0          0          0   __scatter.o
        28          0          0          0          0          0   __scatter_zi.o
         6          0          0          0          0          0   _printf_a.o
         6          0          0          0          0          0   _printf_c.o
        44          0          0          0          0        108   _printf_char.o
        48          6          0          0          0         96   _printf_char_common.o
        36          4          0          0          0         80   _printf_char_file.o
        40          0          0          0          0         68   _printf_charcount.o
         6          0          0          0          0          0   _printf_d.o
       120         16          0          0          0         92   _printf_dec.o
         6          0          0          0          0          0   _printf_e.o
         6          0          0          0          0          0   _printf_f.o
      1054          0          0          0          0        216   _printf_fp_dec.o
       764          8         38          0          0        100   _printf_fp_hex.o
       128         16          0          0          0         84   _printf_fp_infnan.o
         6          0          0          0          0          0   _printf_g.o
       148          4         40          0          0        160   _printf_hex_int_ll_ptr.o
         6          0          0          0          0          0   _printf_i.o
       178          0          0          0          0         88   _printf_intcommon.o
        10          0          0          0          0          0   _printf_l.o
         6          0          0          0          0          0   _printf_lc.o
        10          0          0          0          0          0   _printf_ll.o
         6          0          0          0          0          0   _printf_lld.o
         6          0          0          0          0          0   _printf_lli.o
         6          0          0          0          0          0   _printf_llo.o
         6          0          0          0          0          0   _printf_llu.o
         6          0          0          0          0          0   _printf_llx.o
       124         16          0          0          0         92   _printf_longlong_dec.o
         6          0          0          0          0          0   _printf_ls.o
         6          0          0          0          0          0   _printf_n.o
         6          0          0          0          0          0   _printf_o.o
       112         10          0          0          0        124   _printf_oct_int_ll.o
         6          0          0          0          0          0   _printf_p.o
        78          0          0          0          0        108   _printf_pad.o
         0          0          0          0          0          0   _printf_percent.o
         4          0          0          0          0          0   _printf_percent_end.o
         6          0          0          0          0          0   _printf_s.o
        82          0          0          0          0         80   _printf_str.o
        36          0          0          0          0         84   _printf_truncate.o
         6          0          0          0          0          0   _printf_u.o
        44          0          0          0          0        108   _printf_wchar.o
       188          6          8          0          0         92   _printf_wctomb.o
         6          0          0          0          0          0   _printf_x.o
        22          0          0          0          0        100   _rserrno.o
        16          0          0          0          0         68   _snputc.o
        10          0          0          0          0         68   _sputc.o
        64          0          0          0          0         92   _wcrtomb.o
       228          4        148          0          0         96   bigflt0.o
      1936        128          0          0          0        672   btod.o
        10          0          0          0          0         68   defsig_exit.o
        50          0          0          0          0         88   defsig_general.o
        80         58          0          0          0         76   defsig_rtmem_inner.o
        14          0          0          0          0         80   defsig_rtmem_outer.o
        18          0          0          0          0         80   exit.o
         8          0          0          0          0         68   ferror.o
        94          0          0          0          0         80   h1_alloc.o
        52          0          0          0          0         68   h1_extend.o
        78          0          0          0          0         80   h1_free.o
        14          0          0          0          0         84   h1_init.o
         6          0          0          0          0        152   heapauxi.o
         4          0          0          0          0        136   hguard.o
       138          0          0          0          0        168   init_alloc.o
        44         10        272          0          0         76   lc_ctype_c.o
        44         10         28          0          0         76   lc_numeric_c.o
         2          0          0          0          0          0   libinit.o
        42          0          0          0          0          0   libinit2.o
         2          0          0          0          0          0   libshutdown.o
         2          0          0          0          0          0   libshutdown2.o
         8          4          0          0         96         68   libspace.o
       138          0          0          0          0         80   lludiv10.o
         0          0          0          0          0          0   maybetermalloc1.o
        88          0          0          0          0         76   memcmp.o
       112         18          0          0        228        160   rand.o
        16          4          0          0          0         76   rt_ctype_table.o
         8          4          0          0          0         68   rt_errno_addr_intlibspace.o
         8          4          0          0          0         68   rt_heap_descriptor_intlibspace.o
         8          4          0          0          0         68   rt_locale_intlibspace.o
        68          0          0          0          0         68   rt_memclr.o
        78          0          0          0          0         80   rt_memclr_w.o
       138          0          0          0          0         68   rt_memcpy_v6.o
       100          0          0          0          0         80   rt_memcpy_w.o
         2          0          0          0          0          0   rtexit.o
        10          0          0          0          0          0   rtexit2.o
        24          0          0          0          0         68   strcat.o
        20          0          0          0          0         68   strchr.o
       128          0          0          0          0         68   strcmpv7m.o
        72          0          0          0          0         80   strcpy.o
        62          0          0          0          0         76   strlen.o
        36          0          0          0          0         76   strncat.o
       150          0          0          0          0         80   strncmp.o
        36          0          0          0          0         80   strstr.o
        74          0          0          0          0         80   sys_stackheap_outer.o
        26          0          0          0          0         76   tolower.o
         2          0          0          0          0         68   use_no_semi.o
         2          0          0          0          0         68   use_no_semi_2.o
        36          4          0          0          0         76   vsprintf.o
       826         16          0          0          0        348   daddsub_clz.o
        16          4          0          0          0         68   dcheck1.o
        24          0          0          0          0         68   dcmpi.o
       688        140          0          0          0        208   ddiv.o
        94          4          0          0          0         92   dfix.o
        90          4          0          0          0         92   dfixu.o
        84          0          0          0          0        136   dflt_clz.o
       120          4          0          0          0         92   dleqf.o
       340         12          0          0          0        104   dmul.o
       156          4          0          0          0         92   dnaninf.o
        12          0          0          0          0         68   dretinf.o
       108          0          0          0          0         80   drleqf.o
       460         56          0          0          0        120   dsqrt_noumaal.o
       430          8          0          0          0        168   faddsub_clz.o
       388         76          0          0          0         96   fdiv.o
        62          4          0          0          0         84   ffixu.o
        48          0          0          0          0         68   fflt_clz.o
       258          4          0          0          0         84   fmul.o
       140          4          0          0          0         84   fnaninf.o
        10          0          0          0          0         68   fretinf.o
         4          0          0          0          0         68   printf1.o
         4          0          0          0          0         68   printf2.o
       100          0          0          0          0         68   retnan.o
        92          0          0          0          0         68   scalbn.o
        48          0          0          0          0         68   trapv.o
         0          0          0          0          0          0   usenofp.o
        62         10          0          0          0        340   dunder.o
        40          0          0          0          0         68   fpclassify.o
       170          0          0          0          0         96   poly.o
      2520        190        136          0          0        324   pow.o
         0          0          8          0          0          0   qnan.o
        76          0          0          0          0         84   sqrt.o

    ----------------------------------------------------------------------
     16012        906        701          0        328      10136   Library Totals
        20          0          6          0          4          0   (incl. Padding)

    ----------------------------------------------------------------------

      Code (inc. data)   RO Data    RW Data    ZI Data      Debug   Library Name

      8522        366        551          0        324       6664   c_w.l
      4602        340          0          0          0       2560   fz_ws.l
      2868        200        144          0          0        912   m_ws.l

    ----------------------------------------------------------------------
     16012        906        701          0        328      10136   Library Totals

    ----------------------------------------------------------------------

==============================================================================


      Code (inc. data)   RO Data    RW Data    ZI Data      Debug   

     77150       6478      13746        552      56132     844234   Grand Totals
     77150       6478      13746        200      56132     844234   ELF Image Totals (compressed)
     77150       6478      13746        200          0          0   ROM Totals

==============================================================================

    Total RO  Size (Code + RO Data)                90896 (  88.77kB)
    Total RW  Size (RW Data + ZI Data)             56684 (  55.36kB)
    Total ROM Size (Code + RO Data + RW Data)      91096 (  88.96kB)

==============================================================================

