<html>
<body>
<pre>
<h1>µVision Build Log</h1>
<h2>Tool Versions:</h2>
IDE-Version: ¦ÌVision V5.36.0.0
Copyright (C) 2021 ARM Ltd and ARM Germany GmbH. All rights reserved.
License Information: alientek ALIENTEK, alientek, LIC=AK1BF-6RH5Z-TL1CD-8V829-ZQP6T-1M03Z
 
Tool Versions:
Toolchain:       MDK-ARM Professional  Version: 5.36.0.0
Toolchain Path:  D:\MDK5\ARM\ARMCC\Bin
C Compiler:      Armcc.exe V5.06 update 7 (build 960)
Assembler:       Armasm.exe V5.06 update 7 (build 960)
Linker/Locator:  ArmLink.exe V5.06 update 7 (build 960)
Library Manager: ArmAr.exe V5.06 update 7 (build 960)
Hex Converter:   FromElf.exe V5.06 update 7 (build 960)
CPU DLL:         SARMCM3.DLL V5.36.0.0
Dialog DLL:      DCM.DLL V1.17.3.0
Target DLL:      STLink\ST-LINKIII-KEIL_SWO.dll V3.0.9.0
Dialog DLL:      TCM.DLL V1.53.0.0
 
<h2>Project:</h2>
C:\Users\123\OneDrive\×ÀÃæ\smartlock\Project\MDK-ARM\atk_f103.uvprojx
Project File Date:  12/22/2024

<h2>Output:</h2>
*** Using Compiler 'V5.06 update 7 (build 960)', folder: 'D:\MDK5\ARM\ARMCC\Bin'
Build target 'Template'
compiling password.c...
..\..\Drivers\BSP\PASSWORD\password.c(163): warning:  #167-D: argument of type "uint8_t *" is incompatible with parameter of type "char *"
  			text_show_string(x+(i%3)*80+2,y+7+30*(i/3),80,30,(uint8_t*)PW_kbd_tbl[i],16,0,BLACK);	
..\..\Drivers\BSP\PASSWORD\password.c(165): warning:  #167-D: argument of type "uint8_t *" is incompatible with parameter of type "char *"
  			text_show_string_middle(x+(i%3)*80,y+7+30*(i/3),(uint8_t*)PW_kbd_tbl[i],16,80,BLACK);
..\..\Drivers\BSP\PASSWORD\password.c(264): warning:  #167-D: argument of type "uint8_t *" is incompatible with parameter of type "char *"
  		text_show_string_middle(x+j*80,y+7+30*i,(uint8_t*)PW_kbd_tbl[keyx],16,80,BLACK);	
..\..\Drivers\BSP\PASSWORD\password.c(281): warning:  #167-D: argument of type "uint8_t *" is incompatible with parameter of type "char *"
  		text_show_string_middle(60+30*i,90,str,16,30,BLACK);
..\..\Drivers\BSP\PASSWORD\password.c: 4 warnings, 0 errors
linking...
Program Size: Code=77042 RO-data=13742 RW-data=544 ZI-data=56140  
FromELF: creating hex file...
"..\..\Output\atk_f103.axf" - 0 Error(s), 4 Warning(s).

<h2>Software Packages used:</h2>

Package Vendor: Keil
                http://www.keil.com/pack/Keil.STM32F1xx_DFP.2.3.0.pack
                Keil.STM32F1xx_DFP.2.3.0
                STMicroelectronics STM32F1 Series Device Support, Drivers and Examples

<h2>Collection of Component include folders:</h2>
  D:\MDK5\Packs\Keil\STM32F1xx_DFP\2.3.0\Device\Include

<h2>Collection of Component Files used:</h2>
Build Time Elapsed:  00:00:03
</pre>
</body>
</html>
