<html>
<body>
<pre>
<h1>µVision Build Log</h1>
<h2>Tool Versions:</h2>
IDE-Version: ¦ÌVision V5.36.0.0
Copyright (C) 2021 ARM Ltd and ARM Germany GmbH. All rights reserved.
License Information: alientek ALIENTEK, alientek, LIC=AK1BF-6RH5Z-TL1CD-8V829-ZQP6T-1M03Z
 
Tool Versions:
Toolchain:       MDK-ARM Professional  Version: 5.36.0.0
Toolchain Path:  D:\MDK5\ARM\ARMCC\Bin
C Compiler:      Armcc.exe V5.06 update 7 (build 960)
Assembler:       Armasm.exe V5.06 update 7 (build 960)
Linker/Locator:  ArmLink.exe V5.06 update 7 (build 960)
Library Manager: ArmAr.exe V5.06 update 7 (build 960)
Hex Converter:   FromElf.exe V5.06 update 7 (build 960)
CPU DLL:         SARMCM3.DLL V5.36.0.0
Dialog DLL:      DCM.DLL V1.17.3.0
Target DLL:      STLink\ST-LINKIII-KEIL_SWO.dll V3.0.9.0
Dialog DLL:      TCM.DLL V1.53.0.0
 
<h2>Project:</h2>
E:\github\smartlock\Project\MDK-ARM\atk_f103.uvprojx
Project File Date:  01/02/2025

<h2>Output:</h2>
*** Using Compiler 'V5.06 update 7 (build 960)', folder: 'D:\MDK5\ARM\ARMCC\Bin'
Build target 'Template'
compiling stm32f1xx_it.c...
compiling stm32f1xx_hal.c...
compiling delay.c...
compiling stm32f1xx_hal_cortex.c...
compiling usart.c...
compiling system_stm32f1xx.c...
compiling sys.c...
compiling main.c...
compiling stm32f1xx_hal_gpio_ex.c...
compiling stm32f1xx_hal_gpio.c...
compiling stm32f1xx_hal_dma.c...
compiling stm32f1xx_hal_usart.c...
compiling stm32f1xx_hal_uart.c...
compiling stm32f1xx_hal_rcc.c...
compiling stm32f1xx_hal_rcc_ex.c...
compiling stm32f1xx_hal_pwr.c...
compiling stm32f1xx_hal_flash.c...
compiling stm32f1xx_hal_flash_ex.c...
compiling stm32f1xx_hal_sram.c...
compiling stm32f1xx_hal_spi.c...
compiling stm32f1xx_ll_fsmc.c...
compiling stm32f1xx_hal_tim_ex.c...
compiling stm32f1xx_hal_exti.c...
compiling stm32f1xx_hal_tim.c...
compiling stm32f1xx_hal_rtc_ex.c...
compiling beep.c...
compiling stm32f1xx_hal_rtc.c...
compiling exti.c...
compiling key.c...
compiling led.c...
compiling spi.c...
compiling lcd.c...
compiling btim.c...
compiling pwmtimer.c...
compiling keybord.c...
compiling myiic.c...
compiling rc522.c...
compiling 24cxx.c...
compiling ctiic.c...
compiling touch.c...
compiling servo.c...
compiling spi2.c...
compiling norflash.c...
compiling usart2.c...
compiling as608.c...
..\..\Drivers\BSP\AS608\as608.c(698): warning:  #167-D: argument of type "uint8_t *" is incompatible with parameter of type "char *"
  			text_show_string(x+(i%3)*80+2,y+7+30*(i/3),80,30,(uint8_t*)PS_kbd_tbl[i],16,0,BLACK);	
..\..\Drivers\BSP\AS608\as608.c(700): warning:  #167-D: argument of type "uint8_t *" is incompatible with parameter of type "char *"
  			text_show_string_middle(x+(i%3)*80,y+7+30*(i/3),(uint8_t*)PS_kbd_tbl[i],16,80,BLACK);
..\..\Drivers\BSP\AS608\as608.c(717): warning:  #167-D: argument of type "uint8_t *" is incompatible with parameter of type "char *"
  		text_show_string_middle(x+j*80,y+7+30*i,(uint8_t*)PS_kbd_tbl[keyx],16,80,BLACK);	
..\..\Drivers\BSP\AS608\as608.c: 3 warnings, 0 errors
compiling hc05.c...
compiling password.c...
..\..\Drivers\BSP\PASSWORD\password.c(163): warning:  #167-D: argument of type "uint8_t *" is incompatible with parameter of type "char *"
  			text_show_string(x+(i%3)*80+2,y+7+30*(i/3),80,30,(uint8_t*)PW_kbd_tbl[i],16,0,BLACK);	
..\..\Drivers\BSP\PASSWORD\password.c(165): warning:  #167-D: argument of type "uint8_t *" is incompatible with parameter of type "char *"
  			text_show_string_middle(x+(i%3)*80,y+7+30*(i/3),(uint8_t*)PW_kbd_tbl[i],16,80,BLACK);
..\..\Drivers\BSP\PASSWORD\password.c(264): warning:  #167-D: argument of type "uint8_t *" is incompatible with parameter of type "char *"
  		text_show_string_middle(x+j*80,y+7+30*i,(uint8_t*)PW_kbd_tbl[keyx],16,80,BLACK);	
..\..\Drivers\BSP\PASSWORD\password.c(281): warning:  #167-D: argument of type "uint8_t *" is incompatible with parameter of type "char *"
  		text_show_string_middle(60+30*i,90,str,16,30,BLACK);
..\..\Drivers\BSP\PASSWORD\password.c: 4 warnings, 0 errors
compiling timer7.c...
compiling ffunicode.c...
compiling ff.c...
compiling time2.c...
..\..\Drivers\BSP\TIM2\time2.c(45): warning:  #1-D: last line of file ends without a newline
  }
..\..\Drivers\BSP\TIM2\time2.c: 1 warning, 0 errors
compiling usart3.c...
compiling fattester.c...
compiling exfuns.c...
compiling rtc.c...
compiling cJSON.c...
..\..\ONENET\CJSON\cJSON.c(55): warning:  #1293-D: assignment in condition
        if (!(copy = (char*)cJSON_malloc(len))) return 0;
..\..\ONENET\CJSON\cJSON.c(278): warning:  #1293-D: assignment in condition
  	ptr=str;while ((token=*ptr) && ++len) {if (strchr("\"\\\b\f\n\r\t",token)) len++; else if (token<32) len+=5;ptr++;}
..\..\ONENET\CJSON\cJSON.c(351): warning:  #111-D: statement is unreachable
  	return p.buffer;
..\..\ONENET\CJSON\cJSON.c(423): warning:  #1293-D: assignment in condition
  		if (!(new_item=cJSON_New_Item())) return 0; 	/* memory fail */
..\..\ONENET\CJSON\cJSON.c(535): warning:  #1293-D: assignment in condition
  		if (!(new_item=cJSON_New_Item()))	return 0; /* memory fail */
..\..\ONENET\CJSON\cJSON.c: 5 warnings, 0 errors
compiling diskio.c...
compiling MqttKit.c...
compiling base64.c...
compiling hmac_sha1.c...
compiling ffsystem.c...
compiling fonts.c...
compiling malloc.c...
compiling esp8266.c...
compiling text.c...
compiling onenet.c...
linking...
Program Size: Code=77042 RO-data=13742 RW-data=544 ZI-data=56140  
FromELF: creating hex file...
"..\..\Output\atk_f103.axf" - 0 Error(s), 13 Warning(s).

<h2>Software Packages used:</h2>

Package Vendor: Keil
                http://www.keil.com/pack/Keil.STM32F1xx_DFP.2.3.0.pack
                Keil.STM32F1xx_DFP.2.3.0
                STMicroelectronics STM32F1 Series Device Support, Drivers and Examples

<h2>Collection of Component include folders:</h2>
  D:\MDK5\Packs\Keil\STM32F1xx_DFP\2.3.0\Device\Include

<h2>Collection of Component Files used:</h2>
Build Time Elapsed:  00:01:42
</pre>
</body>
</html>
